[2023-11-02T00:55:19+08:00][error] array (
  'openid' => 'oLn346AIYTq8k4L3silGIIB7l2sY',
  'nickname' => '可乐',
  'sex' => 0,
  'language' => '',
  'city' => '',
  'province' => '',
  'country' => '',
  'headimgurl' => 'https://thirdwx.qlogo.cn/mmopen/vi_32/aCWtLLkwJpiabDnnzjl78Udx5UNpRtFZj1upjxLOKQ5PTEXXdcsFkTezuibfe3TceOCMVfcoMC9FzAmJdu0rAKwUpQG28S61cguiamB4un8QNY/132',
  'privilege' => 
  array (
  ),
  'user_type' => 'wechat',
  'staff_id' => 0,
  'agent_id' => 0,
  'division_id' => 0,
  'login_type' => 'wechat',
  'is_complete' => 1,
)
[2023-11-02T11:14:15+08:00][error] array (
  'openid' => 'oLn346IyuwnCn0nx83tD5hkFmKGY',
  'nickname' => '香烟爱上火柴15393341828',
  'sex' => 0,
  'language' => '',
  'city' => '',
  'province' => '',
  'country' => '',
  'headimgurl' => 'https://thirdwx.qlogo.cn/mmopen/vi_32/Q0j4TwGTfTKobmcauDUjDBXPkn8IXF3FVtrS0sOg77CH6gIWouB2Xmst21UDSN1S9w2vZ6diboibst2m4tibXqDYw/132',
  'privilege' => 
  array (
  ),
  'user_type' => 'wechat',
  'staff_id' => 0,
  'agent_id' => 0,
  'division_id' => 0,
  'login_type' => 'wechat',
  'is_complete' => 1,
)
