[2023-11-03T15:26:33+08:00][error] [8]Trying to get property 'agent_id' of non-object[/www/wwwroot/vb.payshu.top/app/services/user/LoginServices.php:128]
[2023-11-03T15:26:40+08:00][error] [8]Trying to get property 'agent_id' of non-object[/www/wwwroot/vb.payshu.top/app/services/user/LoginServices.php:128]
[2023-11-03T15:26:46+08:00][error] [8]Trying to get property 'agent_id' of non-object[/www/wwwroot/vb.payshu.top/app/services/user/LoginServices.php:128]
[2023-11-03T15:27:01+08:00][error] [8]Trying to get property 'agent_id' of non-object[/www/wwwroot/vb.payshu.top/app/services/user/LoginServices.php:128]
[2023-11-03T15:27:08+08:00][error] [8]Trying to get property 'agent_id' of non-object[/www/wwwroot/vb.payshu.top/app/services/user/LoginServices.php:128]
[2023-11-03T15:27:18+08:00][error] [8]Trying to get property 'agent_id' of non-object[/www/wwwroot/vb.payshu.top/app/services/user/LoginServices.php:128]
[2023-11-03T15:27:36+08:00][error] [8]Trying to get property 'agent_id' of non-object[/www/wwwroot/vb.payshu.top/app/services/user/LoginServices.php:128]
[2023-11-03T15:28:27+08:00][error] [8]Trying to get property 'agent_id' of non-object[/www/wwwroot/vb.payshu.top/app/services/user/LoginServices.php:128]
[2023-11-03T15:29:26+08:00][error] array (
  'openid' => 'oLn346EDsCWWtEPvi4Iz2bm5UfRc',
  'nickname' => '可乐柠檬',
  'sex' => 0,
  'language' => '',
  'city' => '',
  'province' => '',
  'country' => '',
  'headimgurl' => 'https://thirdwx.qlogo.cn/mmopen/vi_32/wz6tb089JmPGmtojkhZHazkVleQ3aNIVOkZYBn6gCBFttyI3bIdSLWTotBMVAupT6Hp8ulPIMibGzIKqwsZgP5w/132',
  'privilege' => 
  array (
  ),
  'user_type' => 'wechat',
  'staff_id' => 0,
  'agent_id' => 0,
  'division_id' => 0,
  'login_type' => 'wechat',
  'is_complete' => 1,
)
