[2023-11-04T11:57:42+08:00][error] array (
  'openid' => 'oLn346DPAxep44EhgicUgNFEEYng',
  'nickname' => 'Yan.小滋补2号',
  'sex' => 0,
  'language' => '',
  'city' => '',
  'province' => '',
  'country' => '',
  'headimgurl' => 'https://thirdwx.qlogo.cn/mmopen/vi_32/BHbGIDGFfRv3VC90fS3F6CFMicsHRU8ZMGXDBnwYicvyId89pIL3OwOGt5CMo2Qf9IZA9pjZ36AmpXIcSvdP6r1cSfg5onmlYBJhlzGMqjjuY/132',
  'privilege' => 
  array (
  ),
  'user_type' => 'wechat',
  'staff_id' => 0,
  'agent_id' => 0,
  'division_id' => 0,
  'login_type' => 'wechat',
  'is_complete' => 1,
)
[2023-11-04T23:21:44+08:00][error] array (
  'openid' => 'oLn346MgpGnEwlWXuA5C5bIxNpD0',
  'nickname' => '^_^',
  'sex' => 0,
  'language' => '',
  'city' => '',
  'province' => '',
  'country' => '',
  'headimgurl' => 'https://thirdwx.qlogo.cn/mmopen/vi_32/pqW1Wia36ibOMvaCqiawKGibVIf7nKYHnRpoQzJrQbp02otWEYfCicLXrOWm80Hgib4EIFtWRaAw4LTR8Ncg9ibk91GIw/132',
  'privilege' => 
  array (
  ),
  'user_type' => 'wechat',
  'staff_id' => 0,
  'agent_id' => 0,
  'division_id' => 0,
  'login_type' => 'wechat',
  'is_complete' => 1,
)
[2023-11-04T23:51:46+08:00][error] array (
  'openid' => 'oLn346Hi96kFGn4H0bko1nx6tACg',
  'nickname' => 'A_',
  'sex' => 0,
  'language' => '',
  'city' => '',
  'province' => '',
  'country' => '',
  'headimgurl' => 'https://thirdwx.qlogo.cn/mmopen/vi_32/PiajxSqBRaEJvANfsl6esqP2AEiclgrZPYUB7WpNeuhVria4O2pNp7fVzEJv7H9ZGmLCZrCEWUpxykRJFSQ3zeIHQDwa7WaS0iavawoSNfdoFHrF05Lty6HhKQ/132',
  'privilege' => 
  array (
  ),
  'user_type' => 'wechat',
  'staff_id' => 0,
  'agent_id' => 0,
  'division_id' => 0,
  'login_type' => 'wechat',
  'is_complete' => 1,
)
