[2023-11-05T00:49:49+08:00][error] [0]Request AccessToken fail. response: {"errcode":50002,"errmsg":"user limited rid: 6546762d-3eed3d01-6dc4b805"}[/www/wwwroot/waimaia.payshu.top/vendor/overtrue/wechat/src/Core/AccessToken.php:243]
[2023-11-05T00:54:49+08:00][error] array (
  'openid' => 'oL-jg6mhGjoEdJTrQj8LlE1bK6SI',
  'nickname' => '小蔓',
  'sex' => 0,
  'language' => '',
  'city' => '',
  'province' => '',
  'country' => '',
  'headimgurl' => 'https://thirdwx.qlogo.cn/mmopen/vi_32/Q0j4TwGTfTI7H6VaCCAKPJZX3ErndRxKDkjccpicXRRNMCO5XhR0TEPcLzamtYStp90mH5v2DwMttVQYyiaoYsRA/132',
  'privilege' => 
  array (
  ),
  'user_type' => 'wechat',
  'staff_id' => 0,
  'agent_id' => 0,
  'division_id' => 0,
  'login_type' => 'wechat',
  'is_complete' => 1,
)
[2023-11-05T00:55:21+08:00][error] array (
  'openid' => 'oL-jg6pQ3h_AdexR0iQZPY-jjO-I',
  'nickname' => '晓霞',
  'sex' => 0,
  'language' => '',
  'city' => '',
  'province' => '',
  'country' => '',
  'headimgurl' => 'https://thirdwx.qlogo.cn/mmopen/vi_32/Q3auHgzwzM5rRfnmgUzOUrqtMrSVfQl24Y2FmT8UdqvvGU9ReibttoibBVKpgbpac9yYphea1Xq6qKibEgzgBmaSA/132',
  'privilege' => 
  array (
  ),
  'user_type' => 'wechat',
  'staff_id' => 0,
  'agent_id' => 0,
  'division_id' => 0,
  'login_type' => 'wechat',
  'is_complete' => 1,
)
[2023-11-05T00:58:10+08:00][error] array (
  'openid' => 'oL-jg6uFN8bHcz1oESsGDKcYkn4Y',
  'nickname' => '容.信息不回可打语音（备明来意）',
  'sex' => 0,
  'language' => '',
  'city' => '',
  'province' => '',
  'country' => '',
  'headimgurl' => 'https://thirdwx.qlogo.cn/mmopen/vi_32/9sgEUxsIRjhv5ibYH1kibu7469J17P0lsXiadHfnibStZMQLYcl1sKjYbqIV6f7EDdG0FRKpU217NxMB5WDw8tJ6Tg/132',
  'privilege' => 
  array (
  ),
  'user_type' => 'wechat',
  'staff_id' => 0,
  'agent_id' => 0,
  'division_id' => 0,
  'login_type' => 'wechat',
  'is_complete' => 1,
)
[2023-11-05T01:02:04+08:00][error] array (
  'openid' => 'oL-jg6uP_HLKkOteY-R03s1M5Ixo',
  'nickname' => '晓霞',
  'sex' => 0,
  'language' => '',
  'city' => '',
  'province' => '',
  'country' => '',
  'headimgurl' => 'https://thirdwx.qlogo.cn/mmopen/vi_32/iaQgtbE98VGIQzMHkY55cVdoT16HwianW5vSEWBaqoQJTEw96DNvqyGSibkOoub4KTxNibwySzTU81M5arahZLXEsMe9j6ovichULjibBagfSV4NE/132',
  'privilege' => 
  array (
  ),
  'user_type' => 'wechat',
  'staff_id' => 0,
  'agent_id' => 0,
  'division_id' => 0,
  'login_type' => 'wechat',
  'is_complete' => 1,
)
[2023-11-05T01:03:16+08:00][error] array (
  'openid' => 'oL-jg6rcJo2nI1yXqvD1x4uZpNIQ',
  'nickname' => '小蔓',
  'sex' => 0,
  'language' => '',
  'city' => '',
  'province' => '',
  'country' => '',
  'headimgurl' => 'https://thirdwx.qlogo.cn/mmopen/vi_32/PiajxSqBRaELGf3YkicRKpGiam6ETaFEC0ibN7nwL32RrxPtcmbbeAHxPen80SXgMstmiboESKBS58vy4K9xkItEaxPGFerWfIdbyQveqgZ1RXtBlzjwvkFKZfA/132',
  'privilege' => 
  array (
  ),
  'user_type' => 'wechat',
  'staff_id' => 0,
  'agent_id' => 0,
  'division_id' => 0,
  'login_type' => 'wechat',
  'is_complete' => 1,
)
[2023-11-05T01:18:39+08:00][error] [0]Request AccessToken fail. response: {"errcode":50002,"errmsg":"user limited rid: 65467cef-0db1a87d-120d2637"}[/www/wwwroot/waimaia.payshu.top/vendor/overtrue/wechat/src/Core/AccessToken.php:243]
