[2023-11-07T15:58:52+08:00][error] array (
  'openid' => 'ozFwm6TDRIdosGtlCeEkX-EPIdWs',
  'nickname' => '牧尘、',
  'sex' => 0,
  'language' => '',
  'city' => '',
  'province' => '',
  'country' => '',
  'headimgurl' => 'https://thirdwx.qlogo.cn/mmopen/vi_32/PiajxSqBRaEJOm8Uydq6YWBJBnteJJBM7W8c4M5vhbJOzF0DUSWzpqAl0DU7ZSQp0ongONNTkkTI1wlhGCxJ0EIrjQiaSbwPqYbn3SYZqiaTdwZ5AD2w0XsVg/132',
  'privilege' => 
  array (
  ),
  'user_type' => 'wechat',
  'staff_id' => 0,
  'agent_id' => 0,
  'division_id' => 0,
  'login_type' => 'wechat',
  'is_complete' => 1,
)
[2023-11-07T16:13:21+08:00][error] array (
  'openid' => 'ozFwm6eMKvkhpc0FH6Qd1cAtraiQ',
  'nickname' => '容.信息不回可打语音（备明来意）',
  'sex' => 0,
  'language' => '',
  'city' => '',
  'province' => '',
  'country' => '',
  'headimgurl' => 'https://thirdwx.qlogo.cn/mmopen/vi_32/G2c0Co2icFgR3SG2kqlS9NLNsNBEwhoKGrbOxgiaKAPXXBYsmgJcu92UZgVy0D2icjKqDNWkpGfN3RWeSCWFVmKcw/132',
  'privilege' => 
  array (
  ),
  'user_type' => 'wechat',
  'staff_id' => 0,
  'agent_id' => 0,
  'division_id' => 0,
  'login_type' => 'wechat',
  'is_complete' => 1,
)
[2023-11-07T22:14:51+08:00][error] [8]未定义数组下标: 6[/www/wwwroot/mtp.payshu.top/app/services/user/UserMoneyServices.php:159]
[2023-11-07T22:15:21+08:00][error] [0]Request AccessToken fail. response: {"errcode":50002,"errmsg":"user limited rid: 654a4679-3397c4f7-6230c24c"}[/www/wwwroot/mtp.payshu.top/vendor/overtrue/wechat/src/Core/AccessToken.php:243]
