[2023-11-09T20:16:41+08:00][error] array (
  'openid' => 'ozFwm6a6X4zC3fh9gfis90J6YVIQ',
  'nickname' => '幸  子',
  'sex' => 0,
  'language' => '',
  'city' => '',
  'province' => '',
  'country' => '',
  'headimgurl' => 'https://thirdwx.qlogo.cn/mmopen/vi_32/zVbLRDDSNNCHHHo0ibsHe69lSyHEsPW5D8La3Cick6YUT7TctMkVAKbpt7rO7gias3xEdYG75C0xTZJGIny8UO1miajpXyVlHDNjrB9E4XXumvM/132',
  'privilege' => 
  array (
  ),
  'user_type' => 'wechat',
  'staff_id' => 0,
  'agent_id' => 0,
  'division_id' => 0,
  'login_type' => 'wechat',
  'is_complete' => 1,
)
[2023-11-09T21:51:38+08:00][error] array (
  'openid' => 'oR2OF6nCntosZX7IwaAnH3v_UIt8',
  'nickname' => '天天',
  'sex' => 0,
  'language' => '',
  'city' => '',
  'province' => '',
  'country' => '',
  'headimgurl' => 'https://thirdwx.qlogo.cn/mmopen/vi_32/Ao9zPKF0XEv3wI3wI0sicycHN3oYgia8wnibSTfg8oFpxZG00IujvtYtVvAsIAvLFAYqYqKUuXUTRzL3ROPtmKUQg/132',
  'privilege' => 
  array (
  ),
  'user_type' => 'wechat',
  'staff_id' => 0,
  'agent_id' => 0,
  'division_id' => 0,
  'login_type' => 'wechat',
  'is_complete' => 1,
)
[2023-11-09T22:00:42+08:00][error] array (
  'openid' => 'oR2OF6tgebDYqiTazeBMdGCNt2rA',
  'nickname' => '阳阳',
  'sex' => 0,
  'language' => '',
  'city' => '',
  'province' => '',
  'country' => '',
  'headimgurl' => 'https://thirdwx.qlogo.cn/mmopen/vi_32/LromnqftUJtIuSbmWyPG2YicaPmNANeZkbN36XpmdxwcwtNTY2SWNNtXpHflHmTmSLG3CNOMl0hm4ibALciboNGzA/132',
  'privilege' => 
  array (
  ),
  'user_type' => 'wechat',
  'staff_id' => 0,
  'agent_id' => 0,
  'division_id' => 0,
  'login_type' => 'wechat',
  'is_complete' => 1,
)
[2023-11-09T22:19:51+08:00][error] array (
  'openid' => 'oR2OF6qaqaKSm2FCAAuMKm3UD-Ik',
  'nickname' => 'Vinnie',
  'sex' => 0,
  'language' => '',
  'city' => '',
  'province' => '',
  'country' => '',
  'headimgurl' => 'https://thirdwx.qlogo.cn/mmopen/vi_32/4vNosr1iajSgyTq3sJ4v6yMWnpRkWxH5KVEv7GhwEY7kB0jjMhzkLGPU20euhuQmv8VI46hoCJSQU35iaKPcc0mrIVDIWYj6nYbrMTRZ9Van4/132',
  'privilege' => 
  array (
  ),
  'user_type' => 'wechat',
  'staff_id' => 0,
  'agent_id' => 0,
  'division_id' => 0,
  'login_type' => 'wechat',
  'is_complete' => 1,
)
[2023-11-09T22:29:35+08:00][error] array (
  'openid' => 'oR2OF6nsc8RWNU2MDKkbtsGo2YG4',
  'nickname' => '可',
  'sex' => 0,
  'language' => '',
  'city' => '',
  'province' => '',
  'country' => '',
  'headimgurl' => 'https://thirdwx.qlogo.cn/mmopen/vi_32/X2bxfNqMpJmIY1tkpjmFwHn8glWB6eBpsmqpNNjOJcW5la4PuTOvicPSzAp31yjibvw6o0tyRPnlrOIxZicNAH0Cw/132',
  'privilege' => 
  array (
  ),
  'user_type' => 'wechat',
  'staff_id' => 0,
  'agent_id' => 0,
  'division_id' => 0,
  'login_type' => 'wechat',
  'is_complete' => 1,
)
[2023-11-09T22:29:39+08:00][error] array (
  'openid' => 'oR2OF6lUbQtCdhiqjaADpcQFF2pk',
  'nickname' => '',
  'sex' => 0,
  'language' => '',
  'city' => '',
  'province' => '',
  'country' => '',
  'headimgurl' => 'https://thirdwx.qlogo.cn/mmopen/vi_32/Q0j4TwGTfTIqtPHYrZKKTGhIAT6OWrCJaOKVNcfRqak63BeBxNxR6DI0Xkl4dIXgaTuLy3GxEKe39OExnGkjTg/132',
  'privilege' => 
  array (
  ),
  'user_type' => 'wechat',
  'staff_id' => 0,
  'agent_id' => 0,
  'division_id' => 0,
  'login_type' => 'wechat',
  'is_complete' => 1,
)
[2023-11-09T22:29:45+08:00][error] array (
  'openid' => 'oR2OF6keNIi8HHru6z699vOLkCyg',
  'nickname' => '艳子²【招打字员日结】',
  'sex' => 0,
  'language' => '',
  'city' => '',
  'province' => '',
  'country' => '',
  'headimgurl' => 'https://thirdwx.qlogo.cn/mmopen/vi_32/ZJ5zJc0Ge9K6LticMOtWftaNomDoC07Tia6bbKow6ick6rX7gaLMlGFQoibNd0wZEGZ32hJxmJdoLpzmWMWbMylpx6x1oiafMicVXeOQSl3G9vicTI/132',
  'privilege' => 
  array (
  ),
  'user_type' => 'wechat',
  'staff_id' => 0,
  'agent_id' => 0,
  'division_id' => 0,
  'login_type' => 'wechat',
  'is_complete' => 1,
)
[2023-11-09T22:36:34+08:00][error] array (
  'openid' => 'oR2OF6n8HZvu-3j4nTBZXFO4c1zE',
  'nickname' => '剑神',
  'sex' => 0,
  'language' => '',
  'city' => '',
  'province' => '',
  'country' => '',
  'headimgurl' => 'https://thirdwx.qlogo.cn/mmopen/vi_32/TsMLoyKgcahyVnLcrqlF8C2wgj6r2UtPj6KbvagLcOq5Vd7pj54Bmkm3w6z8GM7SZgRHYeHNOwO0407lNBLdLpU6cudHVeJ0hRnia9wScMDU/132',
  'privilege' => 
  array (
  ),
  'user_type' => 'wechat',
  'staff_id' => 0,
  'agent_id' => 0,
  'division_id' => 0,
  'login_type' => 'wechat',
  'is_complete' => 1,
)
[2023-11-09T22:42:23+08:00][error] array (
  'openid' => 'oR2OF6pcG8wfTxKscmxPosew5CO0',
  'nickname' => '诗诗',
  'sex' => 0,
  'language' => '',
  'city' => '',
  'province' => '',
  'country' => '',
  'headimgurl' => 'https://thirdwx.qlogo.cn/mmopen/vi_32/DYAIOgq83eo1asXdG4EslOCAGBRPek3XFWXiaicPFBcPJTKVdpYcVW8cicjbsicpe2ya8OhSEh9Tv3Nrc9zknbvppQ/132',
  'privilege' => 
  array (
  ),
  'user_type' => 'wechat',
  'staff_id' => 0,
  'agent_id' => 0,
  'division_id' => 0,
  'login_type' => 'wechat',
  'is_complete' => 1,
)
[2023-11-09T22:56:21+08:00][error] array (
  'openid' => 'oR2OF6pUrefmH5Lwo7UHqxXBw9yg',
  'nickname' => '诚信为本  盼恋独家运营',
  'sex' => 0,
  'language' => '',
  'city' => '',
  'province' => '',
  'country' => '',
  'headimgurl' => 'https://thirdwx.qlogo.cn/mmopen/vi_32/icHic8ko3hNEeIniafKcAxrFCfOa2QZv7p40mMub6vuZHAUZkrO8Zt8PJpxdvLwkiauXmyDgbWJuiaUZu5icec9iaR8Bg/132',
  'privilege' => 
  array (
  ),
  'user_type' => 'wechat',
  'staff_id' => 0,
  'agent_id' => 0,
  'division_id' => 0,
  'login_type' => 'wechat',
  'is_complete' => 1,
)
[2023-11-09T23:04:03+08:00][error] [10501]SQLSTATE[23000]: Integrity constraint violation: 1048 Column 'ot_price' cannot be null[/www/wwwroot/mn.payshu.top/vendor/topthink/think-orm/src/db/PDOConnection.php:771]
[2023-11-09T23:39:30+08:00][error] array (
  'openid' => 'oR2OF6kidrQVVlkt0DDtjFa6gpk4',
  'nickname' => '微笑',
  'sex' => 0,
  'language' => '',
  'city' => '',
  'province' => '',
  'country' => '',
  'headimgurl' => 'https://thirdwx.qlogo.cn/mmopen/vi_32/C7C7ibLiaN2rLs1GR3jPmjXEHHtySCP1hOONcJhzsLPiarkjjLqicic6VHODg9jxuMPPEXJZo6SXvHO5kicMPUv1M9P1IGYO6lVjhibmTY51kjk7n0/132',
  'privilege' => 
  array (
  ),
  'user_type' => 'wechat',
  'staff_id' => 0,
  'agent_id' => 0,
  'division_id' => 0,
  'login_type' => 'wechat',
  'is_complete' => 1,
)
