[2023-11-10T00:15:15+08:00][error] array (
  'openid' => 'oR2OF6kt4kZ0x9abdb_go7u193GI',
  'nickname' => 'L',
  'sex' => 0,
  'language' => '',
  'city' => '',
  'province' => '',
  'country' => '',
  'headimgurl' => 'https://thirdwx.qlogo.cn/mmopen/vi_32/PiajxSqBRaEJvWX1VkcAX1aknbDTvfuAJc60ia72zarBxn4blApgRUqxZwVQicecia9rYe4jqFJN7zaEWlWdNEXjqMt6EJshaysMagMOP9KKLQuhiaD8Wl0iby9w/132',
  'privilege' => 
  array (
  ),
  'user_type' => 'wechat',
  'staff_id' => 0,
  'agent_id' => 0,
  'division_id' => 0,
  'login_type' => 'wechat',
  'is_complete' => 1,
)
[2023-11-10T00:43:00+08:00][error] array (
  'openid' => 'oR2OF6qKWl9fLbU1H4MwN8zg3u1o',
  'nickname' => '腰缠万贯八方来财好运连连心想事成',
  'sex' => 0,
  'language' => '',
  'city' => '',
  'province' => '',
  'country' => '',
  'headimgurl' => 'https://thirdwx.qlogo.cn/mmopen/vi_32/8SUzU8VoWscwKQ0Xc6plFUW2PfpOARptNklqBQ0ZbytTdpunklGwDTeExP2uP6O1mwwRKvTia3FbyRTncHXvYvA/132',
  'privilege' => 
  array (
  ),
  'user_type' => 'wechat',
  'staff_id' => 0,
  'agent_id' => 0,
  'division_id' => 0,
  'login_type' => 'wechat',
  'is_complete' => 1,
)
[2023-11-10T00:55:17+08:00][error] array (
  'openid' => 'oR2OF6hjYgwmGgemuXR5aWY0MedA',
  'nickname' => '昌',
  'sex' => 0,
  'language' => '',
  'city' => '',
  'province' => '',
  'country' => '',
  'headimgurl' => 'https://thirdwx.qlogo.cn/mmopen/vi_32/HianIRLkV3WtSTOIxdyIlAUjXF40ALZBlPicHbvKIHicV1gATZ0YNdIoOlx8MrNzWGL8dsTyGSAprEIONIkoZ8kbA/132',
  'privilege' => 
  array (
  ),
  'user_type' => 'wechat',
  'staff_id' => 0,
  'agent_id' => 0,
  'division_id' => 0,
  'login_type' => 'wechat',
  'is_complete' => 1,
)
[2023-11-10T01:23:16+08:00][error] array (
  'openid' => 'oR2OF6rI0CFHwXKavJgVqlSj6xyY',
  'nickname' => '亭亭',
  'sex' => 0,
  'language' => '',
  'city' => '',
  'province' => '',
  'country' => '',
  'headimgurl' => 'https://thirdwx.qlogo.cn/mmopen/vi_32/DYAIOgq83erDC5c7YQc2mPG2iaeuzsysjSicJOw14g42VTmEiczLia3sr8M8dNnHGuWGtqIZn7ibo1XkJeOE3R2vichA/132',
  'privilege' => 
  array (
  ),
  'user_type' => 'wechat',
  'staff_id' => 0,
  'agent_id' => 0,
  'division_id' => 0,
  'login_type' => 'wechat',
  'is_complete' => 1,
)
[2023-11-10T01:27:20+08:00][error] array (
  'openid' => 'oR2OF6uaahHp90k0SRKYqS1QBxAk',
  'nickname' => 'Dream',
  'sex' => 0,
  'language' => '',
  'city' => '',
  'province' => '',
  'country' => '',
  'headimgurl' => 'https://thirdwx.qlogo.cn/mmopen/vi_32/qGHDX3yvtGpBf0AciaUVLV87W8A6uz9g9cDg7XtJ92MKzFfk513Jo2BTM6phBRRZOx22xibKA1uwsK4b16DqkGMw/132',
  'privilege' => 
  array (
  ),
  'user_type' => 'wechat',
  'staff_id' => 0,
  'agent_id' => 0,
  'division_id' => 0,
  'login_type' => 'wechat',
  'is_complete' => 1,
)
[2023-11-10T10:29:07+08:00][error] array (
  'openid' => 'oR2OF6g9TbQHhkwdAOHzvdNP3HFA',
  'nickname' => '神经蛙',
  'sex' => 0,
  'language' => '',
  'city' => '',
  'province' => '',
  'country' => '',
  'headimgurl' => 'https://thirdwx.qlogo.cn/mmopen/vi_32/V2scmIyxib2zfwT22rM2ibwPKiasibeG2yBvNrVXibf535gg1BicpDIOjQ1RcLAu1lKOdcYIIBY8oJZkkRrJhib4VX2JQ/132',
  'privilege' => 
  array (
  ),
  'user_type' => 'wechat',
  'staff_id' => 0,
  'agent_id' => 0,
  'division_id' => 0,
  'login_type' => 'wechat',
  'is_complete' => 1,
)
[2023-11-10T11:59:31+08:00][error] array (
  'openid' => 'oR2OF6qZFEM95sSjJsNgJW6KGS40',
  'nickname' => '小米牙',
  'sex' => 0,
  'language' => '',
  'city' => '',
  'province' => '',
  'country' => '',
  'headimgurl' => 'https://thirdwx.qlogo.cn/mmopen/vi_32/7SNzyrOB3SJmAUBoGxA5OAH153FJAljicWuqvFSQHq8NWWjJVc9LOIubiaULJOzRCKWh5NgllWrbtrqyWM6ww8RGADXnJBvqMKPLvF1fI0dtQ/132',
  'privilege' => 
  array (
  ),
  'user_type' => 'wechat',
  'staff_id' => 0,
  'agent_id' => 0,
  'division_id' => 0,
  'login_type' => 'wechat',
  'is_complete' => 1,
)
[2023-11-10T14:56:15+08:00][error] array (
  'openid' => 'oR2OF6kxpvdnYcEjLcTBuNIn-6Ik',
  'nickname' => '多余',
  'sex' => 0,
  'language' => '',
  'city' => '',
  'province' => '',
  'country' => '',
  'headimgurl' => 'https://thirdwx.qlogo.cn/mmopen/vi_32/Uhlza5r7yovxJ7luiaOic6AbLEKPSEVbsM644HFRypjFJy9ib9wNpTGibLicqqppMkgo4buTGkCszsREvBw6zn6AWceibKwY2vzbWGcoGZJkz3Q54/132',
  'privilege' => 
  array (
  ),
  'user_type' => 'wechat',
  'staff_id' => 0,
  'agent_id' => 0,
  'division_id' => 0,
  'login_type' => 'wechat',
  'is_complete' => 1,
)
[2023-11-10T15:28:33+08:00][error] array (
  'openid' => 'oR2OF6vZmlhXtx0C1f-TNni59l14',
  'nickname' => '酒酿樱桃子',
  'sex' => 0,
  'language' => '',
  'city' => '',
  'province' => '',
  'country' => '',
  'headimgurl' => 'https://thirdwx.qlogo.cn/mmopen/vi_32/LJ3rqdmMO7p3MM9sA5icRVp0jIeTW4Wv3ums78dPic1GhFIlMWvDeM4FJkFCyz68H1orGaLVeBLuJUKCT9LOpQbt5NhaL2VScgRibbXtkeXSQQ/132',
  'privilege' => 
  array (
  ),
  'user_type' => 'wechat',
  'staff_id' => 0,
  'agent_id' => 0,
  'division_id' => 0,
  'login_type' => 'wechat',
  'is_complete' => 1,
)
[2023-11-10T15:28:54+08:00][error] array (
  'openid' => 'oR2OF6g4kY2nUJ2GTcHhpChXRkO0',
  'nickname' => '小何',
  'sex' => 0,
  'language' => '',
  'city' => '',
  'province' => '',
  'country' => '',
  'headimgurl' => 'https://thirdwx.qlogo.cn/mmopen/vi_32/yctGCWkz1jKagMicBTGjQzK0DvYWfz8YNNQFNjOCxHBprBNBSzrvf4cOkKEtB9ib2gZKczJNtXuf3zgQb9KZbG5zkkISZGpWgMicUaribxeiclFA/132',
  'privilege' => 
  array (
  ),
  'user_type' => 'wechat',
  'staff_id' => 0,
  'agent_id' => 0,
  'division_id' => 0,
  'login_type' => 'wechat',
  'is_complete' => 1,
)
[2023-11-10T15:46:14+08:00][error] array (
  'openid' => 'oR2OF6q1lj93nJPkUhD12RPZWyUw',
  'nickname' => '娜娜',
  'sex' => 0,
  'language' => '',
  'city' => '',
  'province' => '',
  'country' => '',
  'headimgurl' => 'https://thirdwx.qlogo.cn/mmopen/vi_32/LAnXZxkiaWIsBpLq3f4GJsT0PPWKVJCjL4uu7jQ7Tpq4tnMjWdTeeJmSfwuDmNVvN1RzxiabYTgHkSRoBMtoiaIn5liaQ6xeuiaIEygRjkEoR6TI/132',
  'privilege' => 
  array (
  ),
  'user_type' => 'wechat',
  'staff_id' => 0,
  'agent_id' => 0,
  'division_id' => 0,
  'login_type' => 'wechat',
  'is_complete' => 1,
)
[2023-11-10T18:22:43+08:00][error] array (
  'openid' => 'oR2OF6mTAjNDRWN2597kPLNdv5VI',
  'nickname' => '盈盈吖',
  'sex' => 0,
  'language' => '',
  'city' => '',
  'province' => '',
  'country' => '',
  'headimgurl' => 'https://thirdwx.qlogo.cn/mmopen/vi_32/DYAIOgq83eq14KZ46CI9MxcjiaZJ987kmVlSQhvoFKHxSqiayZF09JgLO3iaRFibOGk9JYphopwXEtTibyiaEdms0qUg/132',
  'privilege' => 
  array (
  ),
  'user_type' => 'wechat',
  'staff_id' => 0,
  'agent_id' => 0,
  'division_id' => 0,
  'login_type' => 'wechat',
  'is_complete' => 1,
)
[2023-11-10T18:54:10+08:00][error] array (
  'openid' => 'oR2OF6quNM2bmAsyoxsP5iboB2Gk',
  'nickname' => '夏',
  'sex' => 0,
  'language' => '',
  'city' => '',
  'province' => '',
  'country' => '',
  'headimgurl' => 'https://thirdwx.qlogo.cn/mmopen/vi_32/0Dd1bmLHTymgH6xiaOpY9j8b6gznHWX1tAbpWNWtDicOIvbwwlt473zic3XQfNqynTzgH9HLvx7nicpxmcMT7eaePLDJsS4JiaoOLUKuu9mrZqXE/132',
  'privilege' => 
  array (
  ),
  'user_type' => 'wechat',
  'staff_id' => 0,
  'agent_id' => 0,
  'division_id' => 0,
  'login_type' => 'wechat',
  'is_complete' => 1,
)
[2023-11-10T19:05:10+08:00][error] array (
  'openid' => 'oR2OF6kAdSyP3fQEWuZ1GbsGacPg',
  'nickname' => '美羊羊',
  'sex' => 0,
  'language' => '',
  'city' => '',
  'province' => '',
  'country' => '',
  'headimgurl' => 'https://thirdwx.qlogo.cn/mmopen/vi_32/PiajxSqBRaEIgsvARp4FUJCDpUicyx5kwDKF8icDF4SKeCxuvYP0wJtNdZIQ6msntibfQFnpU6U5J0r4XubicopNUjQGehU3h02MghzWIbMP5BoHJAo6rA0JbXg/132',
  'privilege' => 
  array (
  ),
  'user_type' => 'wechat',
  'staff_id' => 0,
  'agent_id' => 0,
  'division_id' => 0,
  'login_type' => 'wechat',
  'is_complete' => 1,
)
[2023-11-10T19:17:48+08:00][error] array (
  'openid' => 'oR2OF6jeCsNZ6utlgiWmJtBOhFuc',
  'nickname' => '张希',
  'sex' => 0,
  'language' => '',
  'city' => '',
  'province' => '',
  'country' => '',
  'headimgurl' => 'https://thirdwx.qlogo.cn/mmopen/vi_32/s6A1fmKCSoAqibCnagvqXKPcicnnmLZYpxenNhrFbLicGBdSA3xdM17q8gmicWm81k6b4VicIKkfE2Vg8DkvY3XEPOibvF1zwI9luZGk60tfVrIaM/132',
  'privilege' => 
  array (
  ),
  'user_type' => 'wechat',
  'staff_id' => 0,
  'agent_id' => 0,
  'division_id' => 0,
  'login_type' => 'wechat',
  'is_complete' => 1,
)
[2023-11-10T19:25:59+08:00][error] array (
  'openid' => 'oR2OF6iajAcUWjSEk3S6KBwN2SpI',
  'nickname' => '天道酬勤',
  'sex' => 0,
  'language' => '',
  'city' => '',
  'province' => '',
  'country' => '',
  'headimgurl' => 'https://thirdwx.qlogo.cn/mmopen/vi_32/Q0j4TwGTfTLHTKlkuYibSHicEKMyWSefwm3H3D8pbCUL5ibyttq7TjfSJXRToxG5OZRaTCugWVITCJ59WnbibSficbA/132',
  'privilege' => 
  array (
  ),
  'user_type' => 'wechat',
  'staff_id' => 0,
  'agent_id' => 0,
  'division_id' => 0,
  'login_type' => 'wechat',
  'is_complete' => 1,
)
[2023-11-10T20:06:57+08:00][error] array (
  'openid' => 'oR2OF6sN1j56o6pukS-exLYr62qw',
  'nickname' => '念念',
  'sex' => 0,
  'language' => '',
  'city' => '',
  'province' => '',
  'country' => '',
  'headimgurl' => 'https://thirdwx.qlogo.cn/mmopen/vi_32/ktBdxZ4LvXc2dbft7HqEYzK6xSrW7JwBafdLAmvDaQYM8Xv0ALtKPrqPzjVxnBdOHEvsicbeHdclPm66CX8zENMa3oFttdalJkfBhXNI3Zys/132',
  'privilege' => 
  array (
  ),
  'user_type' => 'wechat',
  'staff_id' => 0,
  'agent_id' => 0,
  'division_id' => 0,
  'login_type' => 'wechat',
  'is_complete' => 1,
)
[2023-11-10T20:30:01+08:00][error] array (
  'openid' => 'oR2OF6nVc0exVkSTv_QjiADOhizc',
  'nickname' => '陈水水',
  'sex' => 0,
  'language' => '',
  'city' => '',
  'province' => '',
  'country' => '',
  'headimgurl' => 'https://thirdwx.qlogo.cn/mmopen/vi_32/rtQ46VoQchYRibrd56CIYiaLJuTmwFsiaEW9V7xh7fsJXFKibCTWMQicWX4anwTVIsXic9W3J1Q0ic0BlLgiaHrGO0Dm6A/132',
  'privilege' => 
  array (
  ),
  'user_type' => 'wechat',
  'staff_id' => 0,
  'agent_id' => 0,
  'division_id' => 0,
  'login_type' => 'wechat',
  'is_complete' => 1,
)
[2023-11-10T20:42:10+08:00][error] array (
  'openid' => 'oR2OF6jN3p1Y5UjnLuk9-V8OoJzI',
  'nickname' => 'Cunese',
  'sex' => 0,
  'language' => '',
  'city' => '',
  'province' => '',
  'country' => '',
  'headimgurl' => 'https://thirdwx.qlogo.cn/mmopen/vi_32/PiajxSqBRaELNe4geEoD2QgZnXpcASBcP5FktQ1e1s7GZQ8ufwGUAu8kVpYPQM6DkZzXpMdvzRJU5xwR8CfwefdFwbps4jRneGTCFxNv8sLh3gKUG8BdCoA/132',
  'privilege' => 
  array (
  ),
  'user_type' => 'wechat',
  'staff_id' => 0,
  'agent_id' => 0,
  'division_id' => 0,
  'login_type' => 'wechat',
  'is_complete' => 1,
)
[2023-11-10T20:51:12+08:00][error] array (
  'openid' => 'oR2OF6tDzHWRMdyJ55sKWwMpiU_A',
  'nickname' => '小王跑得快~',
  'sex' => 0,
  'language' => '',
  'city' => '',
  'province' => '',
  'country' => '',
  'headimgurl' => 'https://thirdwx.qlogo.cn/mmopen/vi_32/dq5eL9bYzny7wV0jibnFhEH1NjcANiave5eItHzZxw56ibLSGibePb7c9Wz3N7vHhgK3aE9Q5BPHCefDLOgKPvibbgibl52ouMdlpmTud6h9ribF7Y/132',
  'privilege' => 
  array (
  ),
  'user_type' => 'wechat',
  'staff_id' => 0,
  'agent_id' => 0,
  'division_id' => 0,
  'login_type' => 'wechat',
  'is_complete' => 1,
)
[2023-11-10T23:18:02+08:00][error] array (
  'openid' => 'oR2OF6rnVC1UNGHL4zUr-fMv5rpc',
  'nickname' => '于丶【招聊天员，看到会及时回复】',
  'sex' => 0,
  'language' => '',
  'city' => '',
  'province' => '',
  'country' => '',
  'headimgurl' => 'https://thirdwx.qlogo.cn/mmopen/vi_32/Q0j4TwGTfTJ2MxLwxsIPhAkG07Ozv0iaMrM0PBRvgCxqvkQ8YNsmh5AkZ4CECI9VibANoVgPicrvm9gwPqAQTfB1w/132',
  'privilege' => 
  array (
  ),
  'user_type' => 'wechat',
  'staff_id' => 0,
  'agent_id' => 0,
  'division_id' => 0,
  'login_type' => 'wechat',
  'is_complete' => 1,
)
[2023-11-10T23:25:20+08:00][error] array (
  'openid' => 'oR2OF6q0Ob79ZsuXlO1RoxWTjisk',
  'nickname' => '三九',
  'sex' => 0,
  'language' => '',
  'city' => '',
  'province' => '',
  'country' => '',
  'headimgurl' => 'https://thirdwx.qlogo.cn/mmopen/vi_32/JmGRg63lULlOhT3xUwrZD3iahkia5BpE228GjUxyRh6WTrbWPrxqvzdnC3CsRqKWt3vcLwM7H0AHD1byQCv6HrfNLzCS4icM7qJFnDyrzT0XPU/132',
  'privilege' => 
  array (
  ),
  'user_type' => 'wechat',
  'staff_id' => 0,
  'agent_id' => 0,
  'division_id' => 0,
  'login_type' => 'wechat',
  'is_complete' => 1,
)
