[2023-11-13T19:47:22+08:00][error] array (
  'openid' => 'o4eMN63u6DkB1zAMN8DLgUmyGQKg',
  'nickname' => '余生都是你',
  'sex' => 0,
  'language' => '',
  'city' => '',
  'province' => '',
  'country' => '',
  'headimgurl' => 'https://thirdwx.qlogo.cn/mmopen/vi_32/aJf4H8iank7PslXicWqicGFEtLkNHD732gIOXG8fQefNCmIvvOicFZ2sn26G2HP3jIb1UDugaWYfCowrgOzXqTUNqw/132',
  'privilege' => 
  array (
  ),
  'user_type' => 'wechat',
  'staff_id' => 0,
  'agent_id' => 0,
  'division_id' => 0,
  'login_type' => 'wechat',
  'is_complete' => 1,
)
[2023-11-13T19:49:13+08:00][error] array (
  'openid' => 'o4eMN61H7x2nBQ4kGHCCeoawR5aU',
  'nickname' => 'Dream',
  'sex' => 0,
  'language' => '',
  'city' => '',
  'province' => '',
  'country' => '',
  'headimgurl' => 'https://thirdwx.qlogo.cn/mmopen/vi_32/bmtmeRwn3Sv4PaQNj6XacxiaI6eVnDl5CFvAJDPZTGicf9wdxu28y7ZIuawIfNKVbyNPKompPuag8eFaOoXPJfLg/132',
  'privilege' => 
  array (
  ),
  'user_type' => 'wechat',
  'staff_id' => 0,
  'agent_id' => 0,
  'division_id' => 0,
  'login_type' => 'wechat',
  'is_complete' => 1,
)
[2023-11-13T19:59:46+08:00][error] [0]移动失败或不能重复移动到同一分类下[/www/wwwroot/kk.payshu.top/app/services/system/attachment/SystemAttachmentServices.php:161]
[2023-11-13T20:11:37+08:00][error] array (
  'openid' => 'o4eMN63cKRjD6Z75s_4w0pqLn4iI',
  'nickname' => '米粒',
  'sex' => 0,
  'language' => '',
  'city' => '',
  'province' => '',
  'country' => '',
  'headimgurl' => 'https://thirdwx.qlogo.cn/mmopen/vi_32/PiajxSqBRaEIC0BvEoNCdQiaiakrXDRlu05H89ff5EQgFko4M0QwMVibBHiaqSt0ajksJMicIwmHZarRYe5RT09YM5bpBA60lU0libQCLpcicEo0NxcYf521tlRbWg/132',
  'privilege' => 
  array (
  ),
  'user_type' => 'wechat',
  'staff_id' => 0,
  'agent_id' => 0,
  'division_id' => 0,
  'login_type' => 'wechat',
  'is_complete' => 1,
)
