[2023-11-15T09:50:36+08:00][error] array (
  'openid' => 'oZ2Y16Z1Og45bbcdzSTCZwIdrOqM',
  'nickname' => '薇薇',
  'sex' => 0,
  'language' => '',
  'city' => '',
  'province' => '',
  'country' => '',
  'headimgurl' => 'https://thirdwx.qlogo.cn/mmopen/vi_32/PiajxSqBRaEJBroeAvueIdkOHjGpebX7mfN8ibFExZ8ne7kfb0pw6HjFBJEj8I5UQn5Ljic1ibOaLnEf8huyV1S2Y7BIEtwgUBia1lFIDkgq2iaj36gr0v1yQyRw/132',
  'privilege' => 
  array (
  ),
  'user_type' => 'wechat',
  'staff_id' => 0,
  'agent_id' => 0,
  'division_id' => 0,
  'login_type' => 'wechat',
  'is_complete' => 1,
)
[2023-11-15T14:35:37+08:00][error] [0]账号或密码错误，请重新输入[/www/wwwroot/bn.payshu.top/app/services/system/admin/SystemAdminServices.php:70]
[2023-11-15T14:38:59+08:00][error] [0]管理员不存在![/www/wwwroot/bn.payshu.top/app/services/system/admin/SystemAdminServices.php:64]
[2023-11-15T14:41:12+08:00][error] [0]管理员不存在![/www/wwwroot/bn.payshu.top/app/services/system/admin/SystemAdminServices.php:64]
[2023-11-15T14:46:21+08:00][error] array (
  'openid' => 'od9fs6aDEVcKulfZlfMc5Gg308cM',
  'nickname' => '陈～风破',
  'sex' => 0,
  'language' => '',
  'city' => '',
  'province' => '',
  'country' => '',
  'headimgurl' => 'https://thirdwx.qlogo.cn/mmopen/vi_32/4dSpdBJhkcEoA7XfTFHvqG2Tx1c5I50ZgZKzXxE75d19Sqn4tXx51UKz8S7h1cia71nDVuh3YP3EBibbVuTqb1LA/132',
  'privilege' => 
  array (
  ),
  'user_type' => 'wechat',
  'staff_id' => 0,
  'agent_id' => 0,
  'division_id' => 0,
  'login_type' => 'wechat',
  'is_complete' => 1,
)
[2023-11-15T15:12:44+08:00][error] array (
  'openid' => 'od9fs6Zm1Mb5vtMRLxpJJx_Sf-4U',
  'nickname' => '欣',
  'sex' => 0,
  'language' => '',
  'city' => '',
  'province' => '',
  'country' => '',
  'headimgurl' => 'https://thirdwx.qlogo.cn/mmopen/vi_32/klXzOkxhSicpLR0m5oC3avbkqJ1Y1LibRuhicy3X1GHszWRbxyewTsZmtBUWqOhC4icN8TcuyvqbpNRib2OfewibtibbfelGzGmC4MKmxhicC2wYbww/132',
  'privilege' => 
  array (
  ),
  'user_type' => 'wechat',
  'staff_id' => 0,
  'agent_id' => 0,
  'division_id' => 0,
  'login_type' => 'wechat',
  'is_complete' => 1,
)
[2023-11-15T16:02:12+08:00][error] [0]移动失败或不能重复移动到同一分类下[/www/wwwroot/bn.payshu.top/app/services/system/attachment/SystemAttachmentServices.php:161]
[2023-11-15T16:02:13+08:00][error] [0]移动失败或不能重复移动到同一分类下[/www/wwwroot/bn.payshu.top/app/services/system/attachment/SystemAttachmentServices.php:161]
