[2023-11-16T18:28:15+08:00][error] array (
  'openid' => 'oR3nC6m2pgGHfBQpLoBzr50iF664',
  'nickname' => 'A-liang',
  'sex' => 0,
  'language' => '',
  'city' => '',
  'province' => '',
  'country' => '',
  'headimgurl' => 'https://thirdwx.qlogo.cn/mmopen/vi_32/PiajxSqBRaEKWrKRalVPGdbBdibiaaCiaM0baNm4Jz3Oia6o2Q6cvk8FNNDBy2zLDx0t9RKic0BOUxddMzDwEhEealoP1ibibL0eBJjjrowpsPOnBowiaBWjmt62EzQ/132',
  'privilege' => 
  array (
  ),
  'user_type' => 'wechat',
  'staff_id' => 0,
  'agent_id' => 0,
  'division_id' => 0,
  'login_type' => 'wechat',
  'is_complete' => 1,
)
[2023-11-16T18:33:58+08:00][error] array (
  'openid' => 'oR3nC6v1uE3As6Z_W6U11Y2jrXCs',
  'nickname' => '容.信息不回可打语音（备明来意）',
  'sex' => 0,
  'language' => '',
  'city' => '',
  'province' => '',
  'country' => '',
  'headimgurl' => 'https://thirdwx.qlogo.cn/mmopen/vi_32/67oBniaUvTg7ge9hCVzibu3QcY8j1IIXabUoegfQUE3MBaqzEibcTwbk8kMW5x8YDqYtRYecAuPvKA3C2YDdNEx7Q/132',
  'privilege' => 
  array (
  ),
  'user_type' => 'wechat',
  'staff_id' => 0,
  'agent_id' => 0,
  'division_id' => 0,
  'login_type' => 'wechat',
  'is_complete' => 1,
)
[2023-11-16T20:42:46+08:00][error] array (
  'openid' => 'oR3nC6lXHXX6-cuPhcijppmFg1oY',
  'nickname' => '乌鱼子酱',
  'sex' => 0,
  'language' => '',
  'city' => '',
  'province' => '',
  'country' => '',
  'headimgurl' => 'https://thirdwx.qlogo.cn/mmopen/vi_32/9V5FUxAbvmW26jZxxibItwUhAD4icn1kZWSct4eYlKN4xND3fqicoLRH9icwsKibZCh4XicPEhkne8icicBiauibgf972adg/132',
  'privilege' => 
  array (
  ),
  'user_type' => 'wechat',
  'staff_id' => 0,
  'agent_id' => 0,
  'division_id' => 0,
  'login_type' => 'wechat',
  'is_complete' => 1,
)
