[2023-11-18T00:12:57+08:00][error] array (
  'openid' => 'oOJFH6rf-vQ8G083F4OfqbLfEHBo',
  'nickname' => '啊婷',
  'sex' => 0,
  'language' => '',
  'city' => '',
  'province' => '',
  'country' => '',
  'headimgurl' => 'https://thirdwx.qlogo.cn/mmopen/vi_32/7oSBJu6ROfzKmrCMDq376wibbdLBlAJNbKrMRAR23uyMIgjOfJ5xqzp8ic1MLwkgAlUMib70ibWjvbzXAoLQvDwDebeaQ7SNFe3fJazkFG5QFu0/132',
  'privilege' => 
  array (
  ),
  'user_type' => 'wechat',
  'staff_id' => 0,
  'agent_id' => 0,
  'division_id' => 0,
  'login_type' => 'wechat',
  'is_complete' => 1,
)
[2023-11-18T00:17:37+08:00][error] array (
  'openid' => 'oOJFH6huPs6cXyfPNzL963QWW8h8',
  'nickname' => '啊美',
  'sex' => 0,
  'language' => '',
  'city' => '',
  'province' => '',
  'country' => '',
  'headimgurl' => 'https://thirdwx.qlogo.cn/mmopen/vi_32/pAa0aib0zyygem3epOQMaZWqL2whNiauTqGKVAEBnorAKjbGHQwLGxCOefbze0DaAiadFFAdRjTibnHE8ae1hiasKbw/132',
  'privilege' => 
  array (
  ),
  'user_type' => 'wechat',
  'staff_id' => 0,
  'agent_id' => 0,
  'division_id' => 0,
  'login_type' => 'wechat',
  'is_complete' => 1,
)
[2023-11-18T02:18:45+08:00][error] array (
  'openid' => 'oOJFH6ogygNShdQNzGvxy-u-aTtw',
  'nickname' => '芊芊',
  'sex' => 0,
  'language' => '',
  'city' => '',
  'province' => '',
  'country' => '',
  'headimgurl' => 'https://thirdwx.qlogo.cn/mmopen/vi_32/T9LhQH2DJV20MaibQbbjyT2GPZGRdeb0icrOspmpDPzMnue1qkiaMfW5QcZDyPSaewYfF6gayqpW6dpozqOyBV7kHk2NNGk4exzMEWlVoBKiats/132',
  'privilege' => 
  array (
  ),
  'user_type' => 'wechat',
  'staff_id' => 0,
  'agent_id' => 0,
  'division_id' => 0,
  'login_type' => 'wechat',
  'is_complete' => 1,
)
[2023-11-18T11:50:38+08:00][error] array (
  'openid' => 'oOJFH6u0AskXPmVYSXO3rcdebkQ0',
  'nickname' => '英子',
  'sex' => 0,
  'language' => '',
  'city' => '',
  'province' => '',
  'country' => '',
  'headimgurl' => 'https://thirdwx.qlogo.cn/mmopen/vi_32/ianZic3ibc3VDU7hh3TiaSjIg5pUnp2HzwHAAFfc9Ijmic8yh4RPYaIic5ZFkK97GyO6WC8hfCCuqNrbN9RShozFMNtw/132',
  'privilege' => 
  array (
  ),
  'user_type' => 'wechat',
  'staff_id' => 0,
  'agent_id' => 0,
  'division_id' => 0,
  'login_type' => 'wechat',
  'is_complete' => 1,
)
[2023-11-18T20:10:37+08:00][error] array (
  'openid' => 'oOJFH6u09EnbDpArgw48oyHI7XBk',
  'nickname' => ' 敏 ',
  'sex' => 0,
  'language' => '',
  'city' => '',
  'province' => '',
  'country' => '',
  'headimgurl' => 'https://thirdwx.qlogo.cn/mmopen/vi_32/icqYPhygUOyVLLQm42Vy6T9K0tnlIGBvCsibia7X42athTfib09icj4efciaF36kdjAmzoIiaz0XlpZxok2hiaTHF9sE8gQrFWVaeNicA5w2sjtqVbak/132',
  'privilege' => 
  array (
  ),
  'user_type' => 'wechat',
  'staff_id' => 0,
  'agent_id' => 0,
  'division_id' => 0,
  'login_type' => 'wechat',
  'is_complete' => 1,
)
[2023-11-18T22:16:20+08:00][error] array (
  'openid' => 'oOJFH6uGbGGKNK1VWdqf9z-UbfUo',
  'nickname' => '阿美',
  'sex' => 0,
  'language' => '',
  'city' => '',
  'province' => '',
  'country' => '',
  'headimgurl' => 'https://thirdwx.qlogo.cn/mmopen/vi_32/pfFO4zRaUo285jSFguVguojib6RLEnKtDGUIGtR5fn0znCqaiauIlfiaHibecbsgID1T1nG89VlmDeOuVNlk3SHWyg/132',
  'privilege' => 
  array (
  ),
  'user_type' => 'wechat',
  'staff_id' => 0,
  'agent_id' => 0,
  'division_id' => 0,
  'login_type' => 'wechat',
  'is_complete' => 1,
)
[2023-11-18T23:19:42+08:00][error] array (
  'openid' => 'oOJFH6hwj03Rf2LQ1Quk5LetnCms',
  'nickname' => '美美哒',
  'sex' => 0,
  'language' => '',
  'city' => '',
  'province' => '',
  'country' => '',
  'headimgurl' => 'https://thirdwx.qlogo.cn/mmopen/vi_32/Q0j4TwGTfTKdxh2P7kDLfM03RLgucgJAham2U68YpPWekXMEvGPTbRiaWvxgiaxI7y4MicUBHibt7T9DkasUBkzLUg/132',
  'privilege' => 
  array (
  ),
  'user_type' => 'wechat',
  'staff_id' => 0,
  'agent_id' => 0,
  'division_id' => 0,
  'login_type' => 'wechat',
  'is_complete' => 1,
)
