[2023-11-19T00:50:18+08:00][error] array (
  'openid' => 'oOJFH6jGnsOznMdTYJlai6JDp8eM',
  'nickname' => '仰望星空',
  'sex' => 0,
  'language' => '',
  'city' => '',
  'province' => '',
  'country' => '',
  'headimgurl' => 'https://thirdwx.qlogo.cn/mmopen/vi_32/PiajxSqBRaEKNChAuI8gVD7bGxOtPecGBOYGRH6kKicmCUlGPbqg83ib6pUB6vDOiaSsWYqvOxPBGNP2JXl4UBEIGg8dkGfEeXFSoJpDPh69giag2ZOI9icJE2mA/132',
  'privilege' => 
  array (
  ),
  'user_type' => 'wechat',
  'staff_id' => 0,
  'agent_id' => 0,
  'division_id' => 0,
  'login_type' => 'wechat',
  'is_complete' => 1,
)
[2023-11-19T01:10:33+08:00][error] array (
  'openid' => 'oOJFH6mKkRbNF7FLIIL3shUOtfoY',
  'nickname' => '温暖的风',
  'sex' => 0,
  'language' => '',
  'city' => '',
  'province' => '',
  'country' => '',
  'headimgurl' => 'https://thirdwx.qlogo.cn/mmopen/vi_32/ooYDTtTQHL9J35HA2icp1f1y2QV6ZcJvR5OxQoWCtXEv0hKHsumt2JMicxyBkyy3yCql26ksXBbyman1GqL8OCQrdHg6kwnL9JUp3bkpbibeVI/132',
  'privilege' => 
  array (
  ),
  'user_type' => 'wechat',
  'staff_id' => 0,
  'agent_id' => 0,
  'division_id' => 0,
  'login_type' => 'wechat',
  'is_complete' => 1,
)
[2023-11-19T01:31:51+08:00][error] array (
  'openid' => 'oOJFH6qRmMiEvCrwYtuXFcvvG6K0',
  'nickname' => '꧁希希꧂',
  'sex' => 0,
  'language' => '',
  'city' => '',
  'province' => '',
  'country' => '',
  'headimgurl' => 'https://thirdwx.qlogo.cn/mmopen/vi_32/fenQC8dg5vKGYGoiav8ZicCu54mtNKichjwYxLsjkRJSno2iaWVM692q6wgUPtfvzSUdWbnYOwicAicHEdVzRJInuHuQ/132',
  'privilege' => 
  array (
  ),
  'user_type' => 'wechat',
  'staff_id' => 0,
  'agent_id' => 0,
  'division_id' => 0,
  'login_type' => 'wechat',
  'is_complete' => 1,
)
[2023-11-19T01:46:46+08:00][error] array (
  'openid' => 'oOJFH6nL3yfY4uVgYF9f2VVCfwOE',
  'nickname' => '℃小兔不吃奶糖',
  'sex' => 0,
  'language' => '',
  'city' => '',
  'province' => '',
  'country' => '',
  'headimgurl' => 'https://thirdwx.qlogo.cn/mmopen/vi_32/C1bribXuRJyTzz7nuZBZUmYdBicZQ9YCpvq9iaibmOZrmvwiazKXHeyoVhgIxMZC5iayDPeQRUeP2JDkT31j2KiarnRUGKVkzWhnNk9rP2YnUycvyQ/132',
  'privilege' => 
  array (
  ),
  'user_type' => 'wechat',
  'staff_id' => 0,
  'agent_id' => 0,
  'division_id' => 0,
  'login_type' => 'wechat',
  'is_complete' => 1,
)
[2023-11-19T01:59:20+08:00][error] array (
  'openid' => 'oOJFH6sbaWTqgxonrMuVpyYoeIGk',
  'nickname' => '熟悉的陌生人',
  'sex' => 0,
  'language' => '',
  'city' => '',
  'province' => '',
  'country' => '',
  'headimgurl' => 'https://thirdwx.qlogo.cn/mmopen/vi_32/DYAIOgq83erltcsXwF11h63T531dslhy3tqsfyYo0oiaT4RuQowyicBNTSt4UXwvgVoQShMemk4yx4BCT5vy5TDg/132',
  'privilege' => 
  array (
  ),
  'user_type' => 'wechat',
  'staff_id' => 0,
  'agent_id' => 0,
  'division_id' => 0,
  'login_type' => 'wechat',
  'is_complete' => 1,
)
[2023-11-19T02:14:14+08:00][error] array (
  'openid' => 'oOJFH6uQwCBXA7KNA5yAdBNBgFHI',
  'nickname' => ':哈哈¼快乐~',
  'sex' => 0,
  'language' => '',
  'city' => '',
  'province' => '',
  'country' => '',
  'headimgurl' => 'https://thirdwx.qlogo.cn/mmopen/vi_32/2sHbAW2apejyZx0kEYIrpjuVuF4EEIB6ic69icAAsOE0s4zO77IIw23gibXicadbr7XcPCXNCNbYIv75icohfu72uYg/132',
  'privilege' => 
  array (
  ),
  'user_type' => 'wechat',
  'staff_id' => 0,
  'agent_id' => 0,
  'division_id' => 0,
  'login_type' => 'wechat',
  'is_complete' => 1,
)
[2023-11-19T11:23:20+08:00][error] array (
  'openid' => 'oOJFH6tdVWQXlh1ZPiEnnGEJRoZ4',
  'nickname' => '&希希&',
  'sex' => 0,
  'language' => '',
  'city' => '',
  'province' => '',
  'country' => '',
  'headimgurl' => 'https://thirdwx.qlogo.cn/mmopen/vi_32/PiajxSqBRaEK2hqpXUAzrfSCCtZeREia6ibMDGMJic7xynQ9XCMTeibsHGcxXE5iaickiae1tKAye0WBnichHnNibTYc742LQtEnlroxzLaut5nibkMCibGTkcgibEHcdsA/132',
  'privilege' => 
  array (
  ),
  'user_type' => 'wechat',
  'staff_id' => 0,
  'agent_id' => 0,
  'division_id' => 0,
  'login_type' => 'wechat',
  'is_complete' => 1,
)
[2023-11-19T15:46:35+08:00][error] array (
  'openid' => 'oOJFH6oUgnoHT9k8GB9VhCH5fFss',
  'nickname' => '美美哒',
  'sex' => 0,
  'language' => '',
  'city' => '',
  'province' => '',
  'country' => '',
  'headimgurl' => 'https://thirdwx.qlogo.cn/mmopen/vi_32/DYAIOgq83erKicwWBW4ufZIicvxyaHbof2v0wVWiaW5gA4KK0b5KX5wVbxf6R0q2OP30b2wpiaZia1ibrDcX04iaMicx9w/132',
  'privilege' => 
  array (
  ),
  'user_type' => 'wechat',
  'staff_id' => 0,
  'agent_id' => 0,
  'division_id' => 0,
  'login_type' => 'wechat',
  'is_complete' => 1,
)
[2023-11-19T15:49:57+08:00][error] array (
  'openid' => 'oOJFH6v-otrUjcAWsT5ZFKz1znqI',
  'nickname' => '（小美）',
  'sex' => 0,
  'language' => '',
  'city' => '',
  'province' => '',
  'country' => '',
  'headimgurl' => 'https://thirdwx.qlogo.cn/mmopen/vi_32/icfN5z1kFJdXAgFGktxZia7CjQMdJS0Pjic5W5w7VepVOOaoQIXq5Oq4ll6gMUVEPqUH0mheA4lhkEdXjAYTmdBjicbkJelq22NqYYXZpK9MQI4/132',
  'privilege' => 
  array (
  ),
  'user_type' => 'wechat',
  'staff_id' => 0,
  'agent_id' => 0,
  'division_id' => 0,
  'login_type' => 'wechat',
  'is_complete' => 1,
)
