[2023-11-20T00:18:03+08:00][error] array (
  'openid' => 'oOJFH6nUnDAzItv30aJym03Sq3vY',
  'nickname' => '晓妹',
  'sex' => 0,
  'language' => '',
  'city' => '',
  'province' => '',
  'country' => '',
  'headimgurl' => 'https://thirdwx.qlogo.cn/mmopen/vi_32/w53X2zzOWSKD3SxvXbSOFG5h8BNvicHREpfoE3lcUbicKzOVrlQGC3ibqQgR2M4ibDxgHej4Hd4KrrRIWmU2TTtY6w/132',
  'privilege' => 
  array (
  ),
  'user_type' => 'wechat',
  'staff_id' => 0,
  'agent_id' => 0,
  'division_id' => 0,
  'login_type' => 'wechat',
  'is_complete' => 1,
)
[2023-11-20T00:22:52+08:00][error] array (
  'openid' => 'oOJFH6lBMkH9QP_k529qNiL4KUYw',
  'nickname' => '笑笑',
  'sex' => 0,
  'language' => '',
  'city' => '',
  'province' => '',
  'country' => '',
  'headimgurl' => 'https://thirdwx.qlogo.cn/mmopen/vi_32/Q0j4TwGTfTJAEDER5XgbFz6GOr5nZvH9yc3iaq3x1ia2x2HIzoDLKbAxSDdre8j8rNqefpsOlHdAsM4ibLPjvFSTQ/132',
  'privilege' => 
  array (
  ),
  'user_type' => 'wechat',
  'staff_id' => 0,
  'agent_id' => 0,
  'division_id' => 0,
  'login_type' => 'wechat',
  'is_complete' => 1,
)
[2023-11-20T00:42:11+08:00][error] array (
  'openid' => 'oOJFH6lOvqR_RRr-RgyIfNgUIpEw',
  'nickname' => '想要的幸福',
  'sex' => 0,
  'language' => '',
  'city' => '',
  'province' => '',
  'country' => '',
  'headimgurl' => 'https://thirdwx.qlogo.cn/mmopen/vi_32/JAKA5EKXr0CVXXIIfDx2bSXnibN6lic8XmOxwaVNmImluic3LtC0icuv4PhQSiaYTc2fibGHpoDc9HIFiaVmldzECibmhA/132',
  'privilege' => 
  array (
  ),
  'user_type' => 'wechat',
  'staff_id' => 0,
  'agent_id' => 0,
  'division_id' => 0,
  'login_type' => 'wechat',
  'is_complete' => 1,
)
[2023-11-20T00:57:35+08:00][error] array (
  'openid' => 'oOJFH6rDdQZmmjO-e8_k9cSp-VMo',
  'nickname' => '一个箭步',
  'sex' => 0,
  'language' => '',
  'city' => '',
  'province' => '',
  'country' => '',
  'headimgurl' => 'https://thirdwx.qlogo.cn/mmopen/vi_32/33fdibTw0aOMZ84hAAKDPgfHtsG4aZXnjq9s494k6YRdyloa7OVtnCwuL57RNnnyK5Xh2iaCV5Xl91ogsk06WY7Q/132',
  'privilege' => 
  array (
  ),
  'user_type' => 'wechat',
  'staff_id' => 0,
  'agent_id' => 0,
  'division_id' => 0,
  'login_type' => 'wechat',
  'is_complete' => 1,
)
[2023-11-20T02:34:19+08:00][error] array (
  'openid' => 'oOJFH6jydUiGbGXwwRBnGE3eOEdY',
  'nickname' => '晓晓',
  'sex' => 0,
  'language' => '',
  'city' => '',
  'province' => '',
  'country' => '',
  'headimgurl' => 'https://thirdwx.qlogo.cn/mmopen/vi_32/xp7mxFrRGNTPlXaRuYiahicHBkJKBX7AsKGzN6rz0NLqlFkTQw1lBaq8Tk62yeyu4517wWfYqAeLYcaxKM3W8QbA/132',
  'privilege' => 
  array (
  ),
  'user_type' => 'wechat',
  'staff_id' => 0,
  'agent_id' => 0,
  'division_id' => 0,
  'login_type' => 'wechat',
  'is_complete' => 1,
)
[2023-11-20T17:42:00+08:00][error] array (
  'openid' => 'oOJFH6s7rhF-ogeydobCSVvSQb34',
  'nickname' => '缘云',
  'sex' => 0,
  'language' => '',
  'city' => '',
  'province' => '',
  'country' => '',
  'headimgurl' => 'https://thirdwx.qlogo.cn/mmopen/vi_32/QIpX2cr2yaNehfoafupEb5tEbvUmmpEjPDhjFBKRO3MsyecT46ic0MqCQGzCGnibWSg5vfZPfXibMNib3W3UaRk2Lg/132',
  'privilege' => 
  array (
  ),
  'user_type' => 'wechat',
  'staff_id' => 0,
  'agent_id' => 0,
  'division_id' => 0,
  'login_type' => 'wechat',
  'is_complete' => 1,
)
[2023-11-20T20:57:32+08:00][error] array (
  'openid' => 'oOJFH6uuTCPKXjEfE66sMJ9Hblrc',
  'nickname' => '日暮失约',
  'sex' => 0,
  'language' => '',
  'city' => '',
  'province' => '',
  'country' => '',
  'headimgurl' => 'https://thirdwx.qlogo.cn/mmopen/vi_32/ibpASCYk5eF0KBicPAOVXJzKHiaX7tBoCwicCEL5DLmhqK1PhkIF8EDCAdibzXKbEdOsu3mdLsOWnoUxR5yAmGTQ7UgY6mu3TbFkHfN7HYGXS3bc/132',
  'privilege' => 
  array (
  ),
  'user_type' => 'wechat',
  'staff_id' => 0,
  'agent_id' => 0,
  'division_id' => 0,
  'login_type' => 'wechat',
  'is_complete' => 1,
)
[2023-11-20T23:20:05+08:00][error] array (
  'openid' => 'oOJFH6sU7XifdpRxteBJYs5f41Js',
  'nickname' => '一生有你',
  'sex' => 0,
  'language' => '',
  'city' => '',
  'province' => '',
  'country' => '',
  'headimgurl' => 'https://thirdwx.qlogo.cn/mmopen/vi_32/VfyqtjFQ1hpMzLnrjwYPMPfkK0QibVFXvOGfYuDHkM5y4SBuanl7UAhp4JMTicib3romyH7ufHCgAuS7aLTW5Bpwg/132',
  'privilege' => 
  array (
  ),
  'user_type' => 'wechat',
  'staff_id' => 0,
  'agent_id' => 0,
  'division_id' => 0,
  'login_type' => 'wechat',
  'is_complete' => 1,
)
