[2023-11-21T00:05:31+08:00][error] [0]接口请求失败:请填写用户名[/www/wwwroot/ji.payshu.top/crmeb/services/AccessTokenServeService.php:127]
[2023-11-21T00:05:45+08:00][error] [0]接口请求失败:请填写用户名[/www/wwwroot/ji.payshu.top/crmeb/services/AccessTokenServeService.php:127]
[2023-11-21T01:50:21+08:00][error] array (
  'openid' => 'oOJFH6k-MyXQaDeSkj9pNaL_gNeI',
  'nickname' => 'ᥫᩣ从未拥有',
  'sex' => 0,
  'language' => '',
  'city' => '',
  'province' => '',
  'country' => '',
  'headimgurl' => 'https://thirdwx.qlogo.cn/mmopen/vi_32/Ng8hB2SGJTmWJfzvykoyhnSK5OmtZDKMJk5onsVic2ouQ4g7abib1vaT0EwK2lGzl1fibXh5TzmGnZsvz97yGBFnqsPVAp0JPvGaiaMXCgbHpwQ/132',
  'privilege' => 
  array (
  ),
  'user_type' => 'wechat',
  'staff_id' => 0,
  'agent_id' => 0,
  'division_id' => 0,
  'login_type' => 'wechat',
  'is_complete' => 1,
)
[2023-11-21T22:47:35+08:00][error] array (
  'openid' => 'oOJFH6m7n4NBjAFHfLmYzZ2Tt7a0',
  'nickname' => '*护*',
  'sex' => 0,
  'language' => '',
  'city' => '',
  'province' => '',
  'country' => '',
  'headimgurl' => 'https://thirdwx.qlogo.cn/mmopen/vi_32/fAQWJhZt4p356Xe5xiaavmFZgBXQFrsWkQkp3TVZDicfQLL0UGzKD9pHkMaIfLRMmz5N3z9qQics9nrTmk9nC2ib6F2y39EYnibMAaqib7BJcEtSc/132',
  'privilege' => 
  array (
  ),
  'user_type' => 'wechat',
  'staff_id' => 0,
  'agent_id' => 0,
  'division_id' => 0,
  'login_type' => 'wechat',
  'is_complete' => 1,
)
[2023-11-21T23:57:19+08:00][error] [8]Trying to get property 'agent_id' of non-object[/www/wwwroot/ji.payshu.top/app/services/user/LoginServices.php:128]
[2023-11-21T23:57:41+08:00][error] [8]Trying to get property 'agent_id' of non-object[/www/wwwroot/ji.payshu.top/app/services/user/LoginServices.php:128]
[2023-11-21T23:57:56+08:00][error] [8]Trying to get property 'agent_id' of non-object[/www/wwwroot/ji.payshu.top/app/services/user/LoginServices.php:128]
[2023-11-21T23:58:11+08:00][error] [8]Trying to get property 'agent_id' of non-object[/www/wwwroot/ji.payshu.top/app/services/user/LoginServices.php:128]
[2023-11-21T23:58:43+08:00][error] [8]Trying to get property 'agent_id' of non-object[/www/wwwroot/ji.payshu.top/app/services/user/LoginServices.php:128]
[2023-11-21T23:59:35+08:00][error] [8]Trying to get property 'agent_id' of non-object[/www/wwwroot/ji.payshu.top/app/services/user/LoginServices.php:128]
