[2023-11-22T00:07:54+08:00][error] [8]Trying to get property 'agent_id' of non-object[/www/wwwroot/ji.payshu.top/app/services/user/LoginServices.php:128]
[2023-11-22T00:09:17+08:00][error] [8]Trying to get property 'agent_id' of non-object[/www/wwwroot/ji.payshu.top/app/services/user/LoginServices.php:128]
[2023-11-22T00:56:54+08:00][error] array (
  'openid' => 'oOJFH6tc66c5QX3OSv3pZq62rtBw',
  'nickname' => '一半.',
  'sex' => 0,
  'language' => '',
  'city' => '',
  'province' => '',
  'country' => '',
  'headimgurl' => 'https://thirdwx.qlogo.cn/mmopen/vi_32/Dt4UUuzQD7GDOZXW9jf4cD5ojr0icO4yL6HRnJqv8EFBzuSGbt4LGhjptgTndmiavUDvAHmymhQNZZSDibNxZqufQ/132',
  'privilege' => 
  array (
  ),
  'user_type' => 'wechat',
  'staff_id' => 0,
  'agent_id' => 0,
  'division_id' => 0,
  'login_type' => 'wechat',
  'is_complete' => 1,
)
[2023-11-22T01:06:03+08:00][error] array (
  'openid' => 'oOJFH6mXMZQcSMrk6fSJNJ8cXlnw',
  'nickname' => 'AA【四阳·二手货车】15296400908',
  'sex' => 0,
  'language' => '',
  'city' => '',
  'province' => '',
  'country' => '',
  'headimgurl' => 'https://thirdwx.qlogo.cn/mmopen/vi_32/6ejYgEC8IZLWe7RgCOu4e4rNu5ibb80op1gR9TJEtrJ5x0CJ6avawWTVhh6XGZC72adc8CJdibw1uaSaBdD7OWTg/132',
  'privilege' => 
  array (
  ),
  'user_type' => 'wechat',
  'staff_id' => 0,
  'agent_id' => 0,
  'division_id' => 0,
  'login_type' => 'wechat',
  'is_complete' => 1,
)
[2023-11-22T18:34:04+08:00][error] array (
  'openid' => 'oOJFH6pk80hIBgEsyXzr06rxllzU',
  'nickname' => '容.信息不回可打语音（备明来意）',
  'sex' => 0,
  'language' => '',
  'city' => '',
  'province' => '',
  'country' => '',
  'headimgurl' => 'https://thirdwx.qlogo.cn/mmopen/vi_32/7AtvbQO1eDbwqOwqGrHsL9ZRrgiaEN4mlZDMiaby1ib5ms1tpa2yCmWjibyZwht265vFCeZesibCpmpP7gP7ZfiaD6xQ/132',
  'privilege' => 
  array (
  ),
  'user_type' => 'wechat',
  'staff_id' => 0,
  'agent_id' => 0,
  'division_id' => 0,
  'login_type' => 'wechat',
  'is_complete' => 1,
)
[2023-11-22T22:27:03+08:00][error] [8]未定义数组下标: 6[/www/wwwroot/old.payshu.top/app/services/user/UserMoneyServices.php:159]
[2023-11-22T22:27:29+08:00][error] [8]未定义数组下标: 6[/www/wwwroot/old.payshu.top/app/services/user/UserMoneyServices.php:159]
[2023-11-22T22:33:33+08:00][error] array (
  'openid' => 'ot8lH6oiFZmn7UgCvjaASIUalJQY',
  'nickname' => '便衣警察',
  'sex' => 0,
  'language' => '',
  'city' => '',
  'province' => '',
  'country' => '',
  'headimgurl' => 'https://thirdwx.qlogo.cn/mmopen/vi_32/PiajxSqBRaEI0BoibAI3uWCw49WegfzHlgvibdrBt3gHQ0ibrfrbkyR7AfDufmNq5YrichTKXqCsyf9R07ztibJoOXp6aJVI98n4JEfEUDBP5NLa0ZEPSlB8sWnw/132',
  'privilege' => 
  array (
  ),
  'user_type' => 'wechat',
  'staff_id' => 0,
  'agent_id' => 0,
  'division_id' => 0,
  'login_type' => 'wechat',
  'is_complete' => 1,
)
[2023-11-22T22:34:01+08:00][error] array (
  'openid' => 'ot8lH6hHTaHfrFoTosLWSw0mJBjE',
  'nickname' => '洛洛饼干',
  'sex' => 0,
  'language' => '',
  'city' => '',
  'province' => '',
  'country' => '',
  'headimgurl' => 'https://thirdwx.qlogo.cn/mmopen/vi_32/icqYPhygUOyUcWAZ8MTYUWRTT26UqdUgKNUbqIUiaLFuVoXSeqn8LsE5wkXRuibTiauFeuOc4Hv8nns7YL0LAiadbibkia2f1uE4XVsbQeGkwiaia3No/132',
  'privilege' => 
  array (
  ),
  'user_type' => 'wechat',
  'staff_id' => 0,
  'agent_id' => 0,
  'division_id' => 0,
  'login_type' => 'wechat',
  'is_complete' => 1,
)
[2023-11-22T23:10:27+08:00][error] [0]接口请求失败:请填写用户名[/www/wwwroot/old.payshu.top/crmeb/services/AccessTokenServeService.php:127]
