[2023-11-25T17:37:40+08:00][error] array (
  'openid' => 'oysyc6BuvI9bR8TZQYAwIDjnoOO0',
  'nickname' => '轻奢国际',
  'sex' => 0,
  'language' => '',
  'city' => '',
  'province' => '',
  'country' => '',
  'headimgurl' => 'https://thirdwx.qlogo.cn/mmopen/vi_32/rIVs0Op1snMmM4QNq3FxtexsJXRwKvN6gic8o1EPJcPgvI2B4ibcjbXPRlBhDo1tTsLTdqVToMibFeFoEIPD7WxaA/132',
  'privilege' => 
  array (
  ),
  'user_type' => 'wechat',
  'staff_id' => 0,
  'agent_id' => 0,
  'division_id' => 0,
  'login_type' => 'wechat',
  'is_complete' => 1,
)
[2023-11-25T19:35:10+08:00][error] array (
  'openid' => 'oaX916sMC4FMPOyudidWAWdZGUx8',
  'nickname' => '知有',
  'sex' => 0,
  'language' => '',
  'city' => '',
  'province' => '',
  'country' => '',
  'headimgurl' => 'https://thirdwx.qlogo.cn/mmopen/vi_32/LPlwXY4ZhVPcyOC4Nkdq1a6zVm5NYZ5z9X4otnlWNMGbpsvgegmy2ZlV8v4oN43VxlKrqF4Jeia4nb2iaOERFuEg/132',
  'privilege' => 
  array (
  ),
  'user_type' => 'wechat',
  'staff_id' => 0,
  'agent_id' => 0,
  'division_id' => 0,
  'login_type' => 'wechat',
  'is_complete' => 1,
)
[2023-11-25T21:19:04+08:00][error] array (
  'openid' => 'oaX916p1b6bBH86HDF4t4qw_US-g',
  'nickname' => '独走人海',
  'sex' => 0,
  'language' => '',
  'city' => '',
  'province' => '',
  'country' => '',
  'headimgurl' => 'https://thirdwx.qlogo.cn/mmopen/vi_32/cqT7LwGXo5tqE2ISJicvBtRSQr1MIOZKTJTkRKMKP5hRtowpHQEcrIBNqagK3XAiauGY1udTIFicWKo7kxA6tRNS9aPicC7bydWiaK4c8uUQIa8w/132',
  'privilege' => 
  array (
  ),
  'user_type' => 'wechat',
  'staff_id' => 0,
  'agent_id' => 0,
  'division_id' => 0,
  'login_type' => 'wechat',
  'is_complete' => 1,
)
[2023-11-25T21:30:33+08:00][error] array (
  'openid' => 'oaX916h9sUmydUUGyQwu7rXOvdtM',
  'nickname' => '日暮失约',
  'sex' => 0,
  'language' => '',
  'city' => '',
  'province' => '',
  'country' => '',
  'headimgurl' => 'https://thirdwx.qlogo.cn/mmopen/vi_32/WQyoJkgRFbxAH6hoHBrf0HNG5uNH6DzIHdQzsm7QZlHpe3icT74jrM8S4J4YX9q3SlZsuUD6Cv1c2B4OKJ9kYcklyGwLpjXxGdCprxmxCIXc/132',
  'privilege' => 
  array (
  ),
  'user_type' => 'wechat',
  'staff_id' => 0,
  'agent_id' => 0,
  'division_id' => 0,
  'login_type' => 'wechat',
  'is_complete' => 1,
)
[2023-11-25T21:35:56+08:00][error] array (
  'openid' => 'oaX916iP-R_h4KuIKJYmTCLDMgB4',
  'nickname' => '柠檬不萌',
  'sex' => 0,
  'language' => '',
  'city' => '',
  'province' => '',
  'country' => '',
  'headimgurl' => 'https://thirdwx.qlogo.cn/mmopen/vi_32/iagbbhUyAC3Y2ZJ2AXtb88nkx8uM6jSoceUMnK8TrzQpHvzAiaOF2rUNXYgDrq1hNhdfsI8UsRb0ibKOaRnZL5xcibfmbCEFPCK4Chrlcx2cib6s/132',
  'privilege' => 
  array (
  ),
  'user_type' => 'wechat',
  'staff_id' => 0,
  'agent_id' => 0,
  'division_id' => 0,
  'login_type' => 'wechat',
  'is_complete' => 1,
)
