[2023-11-26T15:24:45+08:00][error] [400]Invalid request XML.[/www/wwwroot/lkk.payshu.top/vendor/overtrue/wechat/src/Payment/Notify.php:101]
[2023-11-26T15:24:46+08:00][error] [400]Invalid request XML.[/www/wwwroot/lkk.payshu.top/vendor/overtrue/wechat/src/Payment/Notify.php:101]
[2023-11-26T15:24:47+08:00][error] [400]Invalid request XML.[/www/wwwroot/lkk.payshu.top/vendor/overtrue/wechat/src/Payment/Notify.php:101]
[2023-11-26T15:24:49+08:00][error] [400]Invalid request XML.[/www/wwwroot/lkk.payshu.top/vendor/overtrue/wechat/src/Payment/Notify.php:101]
[2023-11-26T15:24:50+08:00][error] [400]Invalid request XML.[/www/wwwroot/lkk.payshu.top/vendor/overtrue/wechat/src/Payment/Notify.php:101]
[2023-11-26T15:24:51+08:00][error] [400]Invalid request XML: simplexml_load_string(): Entity: line 5: parser error : Start tag expected, '&lt;' not found[/www/wwwroot/lkk.payshu.top/vendor/overtrue/wechat/src/Payment/Notify.php:95]
[2023-11-26T15:24:51+08:00][error] [400]Invalid request XML: simplexml_load_string(): Entity: line 5: parser error : Start tag expected, '&lt;' not found[/www/wwwroot/lkk.payshu.top/vendor/overtrue/wechat/src/Payment/Notify.php:95]
[2023-11-26T15:24:51+08:00][error] [400]Invalid request payloads.[/www/wwwroot/lkk.payshu.top/vendor/overtrue/wechat/src/Payment/Payment.php:108]
[2023-11-26T23:06:21+08:00][error] array (
  'openid' => 'oaX916jdOBobGADOd7oHC5EdXTIk',
  'nickname' => '小美',
  'sex' => 0,
  'language' => '',
  'city' => '',
  'province' => '',
  'country' => '',
  'headimgurl' => 'https://thirdwx.qlogo.cn/mmopen/vi_32/ic3p6jFFjyMbl0dQy7zA73NQVHNQylicfVQoB86dtiaajHNVbqZ2oZia83Fhia8hm4lKJhDlXctr1We3GKicrzeRCmNZib6gaxuO9FtHaatwb8ILcE/132',
  'privilege' => 
  array (
  ),
  'user_type' => 'wechat',
  'staff_id' => 0,
  'agent_id' => 0,
  'division_id' => 0,
  'login_type' => 'wechat',
  'is_complete' => 1,
)
[2023-11-26T23:38:30+08:00][error] array (
  'openid' => 'oaX916vRq_hYazU_spDIMi_GDZ9g',
  'nickname' => '＿寻梦人',
  'sex' => 0,
  'language' => '',
  'city' => '',
  'province' => '',
  'country' => '',
  'headimgurl' => 'https://thirdwx.qlogo.cn/mmopen/vi_32/M5NWicHRmQhBYlppunia1MibOd6hhTKB3o20ic6VZn2KhpOU3jr3W5lSDE4ZYvqEjf7RwMxyXvxuC4LHtveffO1xlL9VV7EPoibMwf9pUvfC7V6E/132',
  'privilege' => 
  array (
  ),
  'user_type' => 'wechat',
  'staff_id' => 0,
  'agent_id' => 0,
  'division_id' => 0,
  'login_type' => 'wechat',
  'is_complete' => 1,
)
[2023-11-26T23:48:53+08:00][error] array (
  'openid' => 'oaX916vkFDEOHqvvfTqnDffAG43Q',
  'nickname' => '开工',
  'sex' => 0,
  'language' => '',
  'city' => '',
  'province' => '',
  'country' => '',
  'headimgurl' => 'https://thirdwx.qlogo.cn/mmopen/vi_32/1LSSCaDvib3NJL7WGiclu2sh1Jv2l3r9Lb0kZYc6QLygBq0k7BvFOQOAAaibZ244ekBfianmnjiap2ia7RFexItG71ag/132',
  'privilege' => 
  array (
  ),
  'user_type' => 'wechat',
  'staff_id' => 0,
  'agent_id' => 0,
  'division_id' => 0,
  'login_type' => 'wechat',
  'is_complete' => 1,
)
