[2023-11-29T17:19:17+08:00][error] array (
  'openid' => 'oaX916tffXzVl6bPGhY3Asbrbj3w',
  'nickname' => '真诚',
  'sex' => 0,
  'language' => '',
  'city' => '',
  'province' => '',
  'country' => '',
  'headimgurl' => 'https://thirdwx.qlogo.cn/mmopen/vi_32/Q0j4TwGTfTJjgX26ibCJjXF7csNQIQcJichNbHEZHONH3kZFgiaYO9bNpYLQ9qtn8w7zlKY2Cko4eOy4ZTgJKUoeA/132',
  'privilege' => 
  array (
  ),
  'user_type' => 'wechat',
  'staff_id' => 0,
  'agent_id' => 0,
  'division_id' => 0,
  'login_type' => 'wechat',
  'is_complete' => 1,
)
[2023-11-29T17:26:36+08:00][error] [8]Trying to get property 'agent_id' of non-object[/www/wwwroot/lkk.payshu.top/app/services/user/LoginServices.php:128]
[2023-11-29T17:27:09+08:00][error] [8]Trying to get property 'agent_id' of non-object[/www/wwwroot/lkk.payshu.top/app/services/user/LoginServices.php:128]
[2023-11-29T17:31:01+08:00][error] [8]Trying to get property 'agent_id' of non-object[/www/wwwroot/lkk.payshu.top/app/services/user/LoginServices.php:128]
[2023-11-29T17:31:11+08:00][error] [8]Trying to get property 'agent_id' of non-object[/www/wwwroot/lkk.payshu.top/app/services/user/LoginServices.php:128]
[2023-11-29T17:33:52+08:00][error] [8]Trying to get property 'agent_id' of non-object[/www/wwwroot/lkk.payshu.top/app/services/user/LoginServices.php:128]
[2023-11-29T17:33:59+08:00][error] [8]Trying to get property 'agent_id' of non-object[/www/wwwroot/lkk.payshu.top/app/services/user/LoginServices.php:128]
[2023-11-29T17:34:07+08:00][error] [8]Trying to get property 'agent_id' of non-object[/www/wwwroot/lkk.payshu.top/app/services/user/LoginServices.php:128]
[2023-11-29T17:34:10+08:00][error] [8]Trying to get property 'agent_id' of non-object[/www/wwwroot/lkk.payshu.top/app/services/user/LoginServices.php:128]
[2023-11-29T17:34:41+08:00][error] [8]Trying to get property 'agent_id' of non-object[/www/wwwroot/lkk.payshu.top/app/services/user/LoginServices.php:128]
[2023-11-29T17:34:57+08:00][error] [8]Trying to get property 'agent_id' of non-object[/www/wwwroot/lkk.payshu.top/app/services/user/LoginServices.php:128]
[2023-11-29T17:37:14+08:00][error] [8]Trying to get property 'agent_id' of non-object[/www/wwwroot/lkk.payshu.top/app/services/user/LoginServices.php:128]
[2023-11-29T17:37:16+08:00][error] [8]Trying to get property 'agent_id' of non-object[/www/wwwroot/lkk.payshu.top/app/services/user/LoginServices.php:128]
[2023-11-29T21:01:54+08:00][error] array (
  'openid' => 'oaX916oi9IiVsC7VN-cvVprjvdCY',
  'nickname' => '娜娜',
  'sex' => 0,
  'language' => '',
  'city' => '',
  'province' => '',
  'country' => '',
  'headimgurl' => 'https://thirdwx.qlogo.cn/mmopen/vi_32/RWAGYPwWh2eEuzs23sqKC2S9ibupy4oqmy2aEMr74pzgZbJzSk6YGeFuHictrs8nQUpTyM95CmnibysR6l4nKLtTsYpFxxId1wn7AdHR7PDUpE/132',
  'privilege' => 
  array (
  ),
  'user_type' => 'wechat',
  'staff_id' => 0,
  'agent_id' => 0,
  'division_id' => 0,
  'login_type' => 'wechat',
  'is_complete' => 1,
)
[2023-11-29T21:39:19+08:00][error] array (
  'openid' => 'oaX916kAJ9-qvSrO72mKxq4g4I8c',
  'nickname' => '壹贰叁',
  'sex' => 0,
  'language' => '',
  'city' => '',
  'province' => '',
  'country' => '',
  'headimgurl' => 'https://thirdwx.qlogo.cn/mmopen/vi_32/eHe8ia96xVKWeFym2CuibTIGGyXgic8k2gN21wiavBxw2VtvxQNn1pibVZEeotCJickdEJa4U0qly5cby71dqCPw3NOV5sLSbQ6YSLzkas53ZMSCQ/132',
  'privilege' => 
  array (
  ),
  'user_type' => 'wechat',
  'staff_id' => 0,
  'agent_id' => 0,
  'division_id' => 0,
  'login_type' => 'wechat',
  'is_complete' => 1,
)
[2023-11-29T23:03:54+08:00][error] array (
  'openid' => 'oaX916nnJYA6nOioUspvKSUuywu4',
  'nickname' => '错过下一站',
  'sex' => 0,
  'language' => '',
  'city' => '',
  'province' => '',
  'country' => '',
  'headimgurl' => 'https://thirdwx.qlogo.cn/mmopen/vi_32/joXcgmQODQ5r7xicgeN1KhhVqicYbho3mAaswsTezbzxicD5VmReoeeUVNQOdreT4QtN5xPs1GB1RTn1IDYjAaUGA/132',
  'privilege' => 
  array (
  ),
  'user_type' => 'wechat',
  'staff_id' => 0,
  'agent_id' => 0,
  'division_id' => 0,
  'login_type' => 'wechat',
  'is_complete' => 1,
)
