[2023-10-28T00:22:28+08:00][error] [410000]请登录[/www/wwwroot/waimai.k0513.top/app/services/system/admin/AdminAuthServices.php:53]
[2023-10-28T00:23:27+08:00][error] [8]Trying to get property 'agent_id' of non-object[/www/wwwroot/waimai.k0513.top/app/services/user/LoginServices.php:128]
[2023-10-28T00:23:29+08:00][error] [8]Trying to get property 'agent_id' of non-object[/www/wwwroot/waimai.k0513.top/app/services/user/LoginServices.php:128]
[2023-10-28T00:23:39+08:00][error] [8]Trying to get property 'agent_id' of non-object[/www/wwwroot/waimai.k0513.top/app/services/user/LoginServices.php:128]
[2023-10-28T00:23:45+08:00][error] [8]Trying to get property 'agent_id' of non-object[/www/wwwroot/waimai.k0513.top/app/services/user/LoginServices.php:128]
[2023-10-28T00:23:54+08:00][error] [8]Trying to get property 'agent_id' of non-object[/www/wwwroot/waimai.k0513.top/app/services/user/LoginServices.php:128]
[2023-10-28T00:24:02+08:00][error] [8]Trying to get property 'agent_id' of non-object[/www/wwwroot/waimai.k0513.top/app/services/user/LoginServices.php:128]
[2023-10-28T00:24:03+08:00][error] [8]Trying to get property 'agent_id' of non-object[/www/wwwroot/waimai.k0513.top/app/services/user/LoginServices.php:128]
[2023-10-28T00:24:37+08:00][error] [8]Trying to get property 'agent_id' of non-object[/www/wwwroot/waimai.k0513.top/app/services/user/LoginServices.php:128]
[2023-10-28T00:24:47+08:00][error] [8]Trying to get property 'agent_id' of non-object[/www/wwwroot/waimai.k0513.top/app/services/user/LoginServices.php:128]
[2023-10-28T00:24:55+08:00][error] [8]Trying to get property 'agent_id' of non-object[/www/wwwroot/waimai.k0513.top/app/services/user/LoginServices.php:128]
[2023-10-28T00:25:09+08:00][error] [8]Trying to get property 'agent_id' of non-object[/www/wwwroot/waimai.k0513.top/app/services/user/LoginServices.php:128]
[2023-10-28T00:25:35+08:00][error] [8]Trying to get property 'agent_id' of non-object[/www/wwwroot/waimai.k0513.top/app/services/user/LoginServices.php:128]
[2023-10-28T00:25:58+08:00][error] [8]Trying to get property 'agent_id' of non-object[/www/wwwroot/waimai.k0513.top/app/services/user/LoginServices.php:128]
[2023-10-28T00:26:12+08:00][error] [8]Trying to get property 'agent_id' of non-object[/www/wwwroot/waimai.k0513.top/app/services/user/LoginServices.php:128]
[2023-10-28T00:27:11+08:00][error] [8]Trying to get property 'agent_id' of non-object[/www/wwwroot/waimai.k0513.top/app/services/user/LoginServices.php:128]
[2023-10-28T00:28:08+08:00][error] array (
  'openid' => 'oz1vd6S6zMiXCtY5gJpd97zoSCOY',
  'nickname' => '1',
  'sex' => 0,
  'language' => '',
  'city' => '',
  'province' => '',
  'country' => '',
  'headimgurl' => 'https://thirdwx.qlogo.cn/mmopen/vi_32/Q3auHgzwzM5GzWcd85dtLzAibiaPeGv6lrhO1tvPQ4ibicXjePpEzTs0OVBuJcZNUNrOOP7dtjKP6xOXQkjh7RHUog/132',
  'privilege' => 
  array (
  ),
  'user_type' => 'wechat',
  'staff_id' => 0,
  'agent_id' => 0,
  'division_id' => 0,
  'login_type' => 'wechat',
  'is_complete' => 1,
)
[2023-10-28T00:28:57+08:00][error] [8]Trying to get property 'agent_id' of non-object[/www/wwwroot/waimai.k0513.top/app/services/user/LoginServices.php:128]
[2023-10-28T00:29:09+08:00][error] [8]Trying to get property 'agent_id' of non-object[/www/wwwroot/waimai.k0513.top/app/services/user/LoginServices.php:128]
[2023-10-28T00:35:19+08:00][error] [8]Trying to get property 'agent_id' of non-object[/www/wwwroot/waimai.k0513.top/app/services/user/LoginServices.php:128]
[2023-10-28T00:35:44+08:00][error] [8]Trying to get property 'agent_id' of non-object[/www/wwwroot/waimai.k0513.top/app/services/user/LoginServices.php:128]
[2023-10-28T00:52:48+08:00][error] [410000]请登录[/www/wwwroot/waimai.k0513.top/app/services/system/admin/AdminAuthServices.php:53]
[2023-10-28T01:09:50+08:00][error] array (
  'openid' => 'oz1vd6f5O58kCb7VVF5s5th-utmY',
  'nickname' => '1',
  'sex' => 0,
  'language' => '',
  'city' => '',
  'province' => '',
  'country' => '',
  'headimgurl' => 'https://thirdwx.qlogo.cn/mmopen/vi_32/Q3auHgzwzM4ps7EAypfQxQRyanMMLBibWGJEuhTicnAYsF1icp98eLwN6axUKmWT0IdrntF45G0bFBwn6hQyt46WA/132',
  'privilege' => 
  array (
  ),
  'user_type' => 'wechat',
  'staff_id' => 0,
  'agent_id' => 0,
  'division_id' => 0,
  'login_type' => 'wechat',
  'is_complete' => 1,
)
[2023-10-28T01:10:40+08:00][error] array (
  'openid' => 'oz1vd6XSJnXdpd41eUMjpQDP9XQQ',
  'nickname' => '甜心',
  'sex' => 0,
  'language' => '',
  'city' => '',
  'province' => '',
  'country' => '',
  'headimgurl' => 'https://thirdwx.qlogo.cn/mmopen/vi_32/w5giaIs9Bia9nHg47TQkRMNOQiarkA9fn9BofFYqBEicYT3RfztDGx9bfUgfFJAKQNryicxiacPJ2jJZHsxuDOWBRLXrrqLSFsnCJz35vs7mhagR4/132',
  'privilege' => 
  array (
  ),
  'user_type' => 'wechat',
  'staff_id' => 0,
  'agent_id' => 0,
  'division_id' => 0,
  'login_type' => 'wechat',
  'is_complete' => 1,
)
[2023-10-28T01:18:20+08:00][error] [410000]请登录[/www/wwwroot/waimai.k0513.top/app/services/system/admin/AdminAuthServices.php:53]
[2023-10-28T01:21:43+08:00][error] [0]Request AccessToken fail. response: {"errcode":40029,"errmsg":"invalid code, rid: 653bf1a7-4a711cc7-3446eaea"}[/www/wwwroot/waimai.k0513.top/crmeb/services/easywechat/oauth2/wechat/WechatOauth.php:162]
[2023-10-28T02:01:44+08:00][error] [410000]请登录[/www/wwwroot/waimai.k0513.top/app/services/system/admin/AdminAuthServices.php:53]
[2023-10-28T09:19:00+08:00][error] [0]Request AccessToken fail. response: {"errcode":40029,"errmsg":"invalid code, rid: 653c6184-19d2d139-3dac9791"}[/www/wwwroot/waimai.k0513.top/crmeb/services/easywechat/oauth2/wechat/WechatOauth.php:162]
[2023-10-28T10:59:26+08:00][error] array (
  'openid' => 'oz1vd6d32PbysSD0F3NE0VE8fTa0',
  'nickname' => '甜心小宝贝',
  'sex' => 0,
  'language' => '',
  'city' => '',
  'province' => '',
  'country' => '',
  'headimgurl' => 'https://thirdwx.qlogo.cn/mmopen/vi_32/dae0wYiaTZBdIuGo7nnDnOjeecVTgfRia2MVZicjTwiaO20BsBSTb7uXO3KQ2AQicxbE2QgibWUyG6ZNOTmBHiapurRSWrUgZUiaWgYlsaoJagliaFLc/132',
  'privilege' => 
  array (
  ),
  'user_type' => 'wechat',
  'staff_id' => 0,
  'agent_id' => 0,
  'division_id' => 0,
  'login_type' => 'wechat',
  'is_complete' => 1,
)
[2023-10-28T11:33:07+08:00][error] [0]请填写正确的商品价格[/www/wwwroot/waimai.k0513.top/app/services/product/product/StoreProductServices.php:692]
[2023-10-28T11:33:16+08:00][error] [0]请填写正确的商品库存[/www/wwwroot/waimai.k0513.top/app/services/product/product/StoreProductServices.php:695]
[2023-10-28T11:36:57+08:00][error] [10501]SQLSTATE[23000]: Integrity constraint violation: 1048 Column 'ot_price' cannot be null[/www/wwwroot/waimai.k0513.top/vendor/topthink/think-orm/src/db/PDOConnection.php:771]
[2023-10-28T11:37:21+08:00][error] [10501]SQLSTATE[23000]: Integrity constraint violation: 1048 Column 'ot_price' cannot be null[/www/wwwroot/waimai.k0513.top/vendor/topthink/think-orm/src/db/PDOConnection.php:771]
[2023-10-28T11:39:40+08:00][error] [10501]SQLSTATE[23000]: Integrity constraint violation: 1048 Column 'ot_price' cannot be null[/www/wwwroot/waimai.k0513.top/vendor/topthink/think-orm/src/db/PDOConnection.php:771]
[2023-10-28T15:03:30+08:00][error] [410000]请登录[/www/wwwroot/waimai.k0513.top/app/services/system/admin/AdminAuthServices.php:53]
[2023-10-28T16:01:05+08:00][error] [410000]请登录[/www/wwwroot/waimai.k0513.top/app/services/system/admin/AdminAuthServices.php:53]
[2023-10-28T17:15:16+08:00][error] [8]Trying to get property 'agent_id' of non-object[/www/wwwroot/waimai.k0513.top/app/services/user/LoginServices.php:128]
[2023-10-28T17:22:38+08:00][error] [8]Trying to get property 'agent_id' of non-object[/www/wwwroot/waimai.k0513.top/app/services/user/LoginServices.php:128]
[2023-10-28T17:26:45+08:00][error] [8]Trying to get property 'agent_id' of non-object[/www/wwwroot/waimai.k0513.top/app/services/user/LoginServices.php:128]
[2023-10-28T17:27:00+08:00][error] [8]Trying to get property 'agent_id' of non-object[/www/wwwroot/waimai.k0513.top/app/services/user/LoginServices.php:128]
[2023-10-28T17:27:23+08:00][error] [8]Trying to get property 'agent_id' of non-object[/www/wwwroot/waimai.k0513.top/app/services/user/LoginServices.php:128]
[2023-10-28T17:28:39+08:00][error] [8]Trying to get property 'agent_id' of non-object[/www/wwwroot/waimai.k0513.top/app/services/user/LoginServices.php:128]
[2023-10-28T17:47:20+08:00][error] [410000]请登录[/www/wwwroot/waimai.k0513.top/app/services/system/admin/AdminAuthServices.php:53]
[2023-10-28T18:00:21+08:00][error] [410000]请登录[/www/wwwroot/waimai.k0513.top/app/services/system/admin/AdminAuthServices.php:53]
[2023-10-28T18:31:38+08:00][error] [410000]请登录[/www/wwwroot/waimai.k0513.top/app/services/system/admin/AdminAuthServices.php:53]
[2023-10-28T18:36:03+08:00][error] [410000]请登录[/www/wwwroot/waimai.k0513.top/app/services/system/admin/AdminAuthServices.php:53]
[2023-10-28T18:59:19+08:00][error] [0]接口请求失败:请填写用户名[/www/wwwroot/waimai.k0513.top/crmeb/services/AccessTokenServeService.php:127]
[2023-10-28T19:31:24+08:00][error] [0]Request AccessToken fail. response: {"errcode":40029,"errmsg":"invalid code, rid: 653cf10c-37fdcd3e-75380715"}[/www/wwwroot/waimai.k0513.top/crmeb/services/easywechat/oauth2/wechat/WechatOauth.php:162]
[2023-10-28T19:35:26+08:00][error] [410000]请登录[/www/wwwroot/waimai.k0513.top/app/services/system/admin/AdminAuthServices.php:53]
[2023-10-28T19:53:42+08:00][error] [410000]请登录[/www/wwwroot/waimai.k0513.top/app/services/system/admin/AdminAuthServices.php:53]
[2023-10-28T20:22:00+08:00][error] [410000]请登录[/www/wwwroot/waimai.k0513.top/app/services/system/admin/AdminAuthServices.php:53]
[2023-10-28T20:26:39+08:00][error] [410000]请登录[/www/wwwroot/waimai.k0513.top/app/services/system/admin/AdminAuthServices.php:53]
[2023-10-28T21:05:01+08:00][error] [0]Request AccessToken fail. response: {"errcode":40029,"errmsg":"invalid code, rid: 653d06fd-5036e145-2e10c39c"}[/www/wwwroot/waimai.k0513.top/crmeb/services/easywechat/oauth2/wechat/WechatOauth.php:162]
[2023-10-28T21:05:28+08:00][error] [410000]请登录[/www/wwwroot/waimai.k0513.top/app/services/system/admin/AdminAuthServices.php:53]
[2023-10-28T21:21:20+08:00][error] [410000]请登录[/www/wwwroot/waimai.k0513.top/app/services/system/admin/AdminAuthServices.php:53]
[2023-10-28T21:27:37+08:00][error] [0]Request AccessToken fail. response: {"errcode":40029,"errmsg":"invalid code, rid: 653d0c49-07e47772-7a86c104"}[/www/wwwroot/waimai.k0513.top/crmeb/services/easywechat/oauth2/wechat/WechatOauth.php:162]
[2023-10-28T22:00:36+08:00][error] [410000]请登录[/www/wwwroot/waimai.k0513.top/app/services/system/admin/AdminAuthServices.php:53]
[2023-10-28T22:43:11+08:00][error] [410000]请登录[/www/wwwroot/waimai.k0513.top/app/services/system/admin/AdminAuthServices.php:53]
[2023-10-28T22:48:57+08:00][error] [410000]请登录[/www/wwwroot/waimai.k0513.top/app/services/system/admin/AdminAuthServices.php:53]
[2023-10-28T23:22:29+08:00][error] [0]Request AccessToken fail. response: {"errcode":40029,"errmsg":"invalid code, rid: 653d2735-22ee2a79-7026b1b9"}[/www/wwwroot/waimai.k0513.top/crmeb/services/easywechat/oauth2/wechat/WechatOauth.php:162]
