[2023-10-30T17:20:47+08:00][error] [0]管理员不存在![/www/wwwroot/meit.payshu.top/app/services/system/admin/SystemAdminServices.php:64]
[2023-10-30T17:27:30+08:00][error] array (
  'openid' => 'ot0es6JwNLGIS9Am1cbjMPzuaJ74',
  'nickname' => '陈。',
  'sex' => 0,
  'language' => '',
  'city' => '',
  'province' => '',
  'country' => '',
  'headimgurl' => 'https://thirdwx.qlogo.cn/mmopen/vi_32/dXsibbTAa7UuK1O0d8CQUqxiaeXLrXibvmateHQuOJlkYchAX4Sx54lXBttYCibME2NSTFyo2Smoc6E844WOYuMgag/132',
  'privilege' => 
  array (
  ),
  'user_type' => 'wechat',
  'staff_id' => 0,
  'agent_id' => 0,
  'division_id' => 0,
  'login_type' => 'wechat',
  'is_complete' => 1,
)
[2023-10-30T17:42:15+08:00][error] array (
  'openid' => 'ot0es6ESeJStUcOTT_x3ZM9b6Pq4',
  'nickname' => 'α法',
  'sex' => 0,
  'language' => '',
  'city' => '',
  'province' => '',
  'country' => '',
  'headimgurl' => 'https://thirdwx.qlogo.cn/mmopen/vi_32/pdwf2uGWIHENJJGT0XGAqXkZTxA5O3GjjCjPOKGupIKxkAHt5siarNkPHdCqd6DLPViaNJm4lnqhicfP6UCx3rugg/132',
  'privilege' => 
  array (
  ),
  'user_type' => 'wechat',
  'staff_id' => 0,
  'agent_id' => 0,
  'division_id' => 0,
  'login_type' => 'wechat',
  'is_complete' => 1,
)
[2023-10-30T17:53:00+08:00][error] [0]管理员不存在![/www/wwwroot/meit.payshu.top/app/services/system/admin/SystemAdminServices.php:64]
[2023-10-30T18:15:48+08:00][error] array (
  'openid' => 'ot0es6D6thgeYOpt9jPwNth4vLeY',
  'nickname' => '小丽',
  'sex' => 0,
  'language' => '',
  'city' => '',
  'province' => '',
  'country' => '',
  'headimgurl' => 'https://thirdwx.qlogo.cn/mmopen/vi_32/UcjMGLDl0s59FHnGnYO6Wicu3mtvFTeVubVBEBNaaIRfu4oypibwBFCSdklAvxnER67ib0uJkpt6LRQSkVJ1P2gmw/132',
  'privilege' => 
  array (
  ),
  'user_type' => 'wechat',
  'staff_id' => 0,
  'agent_id' => 0,
  'division_id' => 0,
  'login_type' => 'wechat',
  'is_complete' => 1,
)
[2023-10-30T18:16:51+08:00][error] array (
  'openid' => 'ot0es6OSNvP9CovB-8o1S47aJDbY',
  'nickname' => '容.信息不回可打语音（备明来意）',
  'sex' => 0,
  'language' => '',
  'city' => '',
  'province' => '',
  'country' => '',
  'headimgurl' => 'https://thirdwx.qlogo.cn/mmopen/vi_32/vp81ML0pFfwCczkIPrTDWCQXH9nKWxNy6tEBv3KHCBiasojO629Q9PLj9MuBGJBAfasg0F6qwAtc8xYu3P8IXYA/132',
  'privilege' => 
  array (
  ),
  'user_type' => 'wechat',
  'staff_id' => 0,
  'agent_id' => 0,
  'division_id' => 0,
  'login_type' => 'wechat',
  'is_complete' => 1,
)
[2023-10-30T19:19:16+08:00][error] [0]请填写正确的商品成本价格[/www/wwwroot/meit.payshu.top/app/services/product/product/StoreProductServices.php:698]
[2023-10-30T19:55:45+08:00][error] array (
  'openid' => 'ot0es6MA3O2TIJBRhvlVOInt5Seo',
  'nickname' => '口水娃娃',
  'sex' => 0,
  'language' => '',
  'city' => '',
  'province' => '',
  'country' => '',
  'headimgurl' => 'https://thirdwx.qlogo.cn/mmopen/vi_32/yFlibCHbe5t73BpCkCq8fOzE5DKYHxC5fNz9nzskTo0BcTxNtwEicM37FKjaGGPsz0NTJupWgd2jc954PSNthMNg/132',
  'privilege' => 
  array (
  ),
  'user_type' => 'wechat',
  'staff_id' => 0,
  'agent_id' => 0,
  'division_id' => 0,
  'login_type' => 'wechat',
  'is_complete' => 1,
)
[2023-10-30T20:01:44+08:00][error] array (
  'openid' => 'ot0es6KhyFpV3BUkOUJxzN1ZziLo',
  'nickname' => '晨阳',
  'sex' => 0,
  'language' => '',
  'city' => '',
  'province' => '',
  'country' => '',
  'headimgurl' => 'https://thirdwx.qlogo.cn/mmopen/vi_32/khD9uibibRyBlXdbiask53CsDKJvqZiawBGM5zgZen50Ts9q7FRMdMqOUlO6xyO9ycTGibdGtCJp933R28qzr6BJYfeZEuwEK2JVP66gibEmHly6Q/132',
  'privilege' => 
  array (
  ),
  'user_type' => 'wechat',
  'staff_id' => 0,
  'agent_id' => 0,
  'division_id' => 0,
  'login_type' => 'wechat',
  'is_complete' => 1,
)
[2023-10-30T20:03:06+08:00][error] array (
  'openid' => 'ot0es6KgSQNPaPNj7szGdN4tWTuY',
  'nickname' => '莱克',
  'sex' => 0,
  'language' => '',
  'city' => '',
  'province' => '',
  'country' => '',
  'headimgurl' => 'https://thirdwx.qlogo.cn/mmopen/vi_32/Wicqv0lMicFpHaRvc2NTQpvF64SVho9uhrFib64grUOWGYfg2NYJaFYB41aHnicXzytvPGwkdB1YODdcqZ78EpXE7qhof2DvDNxMVsU27bVqiaJU/132',
  'privilege' => 
  array (
  ),
  'user_type' => 'wechat',
  'staff_id' => 0,
  'agent_id' => 0,
  'division_id' => 0,
  'login_type' => 'wechat',
  'is_complete' => 1,
)
[2023-10-30T20:09:24+08:00][error] array (
  'openid' => 'ot0es6A7kIcpikFvYIjCeFIQbYQA',
  'nickname' => '黎明',
  'sex' => 0,
  'language' => '',
  'city' => '',
  'province' => '',
  'country' => '',
  'headimgurl' => 'https://thirdwx.qlogo.cn/mmopen/vi_32/H9aP8ZgXpBrObAusA2G9HvVMo2FySeIOMjTicHZOybhxlPI0XN3fmrMZ0PCfQY9QA2VcaickoIh60zgt7gls9OBzsWs1GOUrMX2ZkP6nVuSwg/132',
  'privilege' => 
  array (
  ),
  'user_type' => 'wechat',
  'staff_id' => 0,
  'agent_id' => 0,
  'division_id' => 0,
  'login_type' => 'wechat',
  'is_complete' => 1,
)
[2023-10-30T20:37:31+08:00][error] array (
  'openid' => 'ot0es6B_kGlh_s6ZQ0xjxEvyLFhM',
  'nickname' => '小兰',
  'sex' => 0,
  'language' => '',
  'city' => '',
  'province' => '',
  'country' => '',
  'headimgurl' => 'https://thirdwx.qlogo.cn/mmopen/vi_32/aILsx985rtpVbEM17RJna2X667mQLNZQdlQgNPzfIHHctJZwQg6SAAe1xXN7FNCibEpiaibBW1XMzwpuVUDCk8icSGoXREyB7WVIAhX11zKkun4/132',
  'privilege' => 
  array (
  ),
  'user_type' => 'wechat',
  'staff_id' => 0,
  'agent_id' => 0,
  'division_id' => 0,
  'login_type' => 'wechat',
  'is_complete' => 1,
)
[2023-10-30T21:02:06+08:00][error] array (
  'openid' => 'ot0es6I4KDp4fsw5PJKUshb5Yx1E',
  'nickname' => '宠你上天',
  'sex' => 0,
  'language' => '',
  'city' => '',
  'province' => '',
  'country' => '',
  'headimgurl' => 'https://thirdwx.qlogo.cn/mmopen/vi_32/GZSmwgDKJNwoWHnlAH8xJp1CMMib7G3OCUDLH1UkahGArTlodCZ0kwFsiaMpr3YUEHKj4ULlCoiaAkcyN6djsDHak94YXVEMiaDnjAhdycso5U8/132',
  'privilege' => 
  array (
  ),
  'user_type' => 'wechat',
  'staff_id' => 0,
  'agent_id' => 0,
  'division_id' => 0,
  'login_type' => 'wechat',
  'is_complete' => 1,
)
[2023-10-30T21:03:47+08:00][error] array (
  'openid' => 'ot0es6Jr_4j3u_brKetIY9r4v-qs',
  'nickname' => '小xiao',
  'sex' => 0,
  'language' => '',
  'city' => '',
  'province' => '',
  'country' => '',
  'headimgurl' => 'https://thirdwx.qlogo.cn/mmopen/vi_32/iaamjiay2e3eDLAvic0SD8skEv6DJnQ7fgKXmX3TicFCmXdwO7Od94EI3PwvRH3zyHo6E5dxBmQL7rzRuOlBica0DOoGUANCacSRkNsbyY5q1PibA/132',
  'privilege' => 
  array (
  ),
  'user_type' => 'wechat',
  'staff_id' => 0,
  'agent_id' => 0,
  'division_id' => 0,
  'login_type' => 'wechat',
  'is_complete' => 1,
)
[2023-10-30T21:09:10+08:00][error] array (
  'openid' => 'ot0es6MYF5C9DGtw8U11EwmRRsv8',
  'nickname' => 'A（小许）',
  'sex' => 0,
  'language' => '',
  'city' => '',
  'province' => '',
  'country' => '',
  'headimgurl' => 'https://thirdwx.qlogo.cn/mmopen/vi_32/QjnE3fcTFgicQMxA2H1neesp5ibv5DliaEd5EcFGrS1ibY4GbDmttS7GU6XNYjoo3iaJyPe3NLhEPuCqtehNuRIN9Wg/132',
  'privilege' => 
  array (
  ),
  'user_type' => 'wechat',
  'staff_id' => 0,
  'agent_id' => 0,
  'division_id' => 0,
  'login_type' => 'wechat',
  'is_complete' => 1,
)
[2023-10-30T21:31:14+08:00][error] array (
  'openid' => 'ot0es6PyuXNDy3cdg3b_ADQph9HU',
  'nickname' => '缤智米米',
  'sex' => 0,
  'language' => '',
  'city' => '',
  'province' => '',
  'country' => '',
  'headimgurl' => 'https://thirdwx.qlogo.cn/mmopen/vi_32/6Of6RCofE3BubpGoia70ChS5sZW8reJMSqZ3Gc8yFciateDhZ2mK9IdbdcXt0cxJM2agtic2RKaJGUdZbia6gZTciccdrtRib5ibaFSicZ5LW4Nk0ibA/132',
  'privilege' => 
  array (
  ),
  'user_type' => 'wechat',
  'staff_id' => 0,
  'agent_id' => 0,
  'division_id' => 0,
  'login_type' => 'wechat',
  'is_complete' => 1,
)
[2023-10-30T21:35:06+08:00][error] array (
  'openid' => 'ot0es6Jy1-auXrR7J4qzWg_lL-XU',
  'nickname' => '阿白',
  'sex' => 0,
  'language' => '',
  'city' => '',
  'province' => '',
  'country' => '',
  'headimgurl' => 'https://thirdwx.qlogo.cn/mmopen/vi_32/Q3auHgzwzM41yZKk9612TicD2ArAuJnQhZHsiakUlgw8VAT4CfFTsyHKMjvPbl85HR16MQ1MuBJTUbfFy1wVbiaTA/132',
  'privilege' => 
  array (
  ),
  'user_type' => 'wechat',
  'staff_id' => 0,
  'agent_id' => 0,
  'division_id' => 0,
  'login_type' => 'wechat',
  'is_complete' => 1,
)
[2023-10-30T22:11:40+08:00][error] array (
  'openid' => 'ot0es6P6wdgAeoJe_YUJWWB9YPFA',
  'nickname' => '美好人生',
  'sex' => 0,
  'language' => '',
  'city' => '',
  'province' => '',
  'country' => '',
  'headimgurl' => 'https://thirdwx.qlogo.cn/mmopen/vi_32/4ibp1qGenuzNg9icBNCHLkAGPll5y641dV9Vfhq8VNBKKsBu2w5icysJG1icSddNiavLdfXXWoBCNZhVFdlqiaKI9qT5EvOibib4bOwlhODibkmJcWG4/132',
  'privilege' => 
  array (
  ),
  'user_type' => 'wechat',
  'staff_id' => 0,
  'agent_id' => 0,
  'division_id' => 0,
  'login_type' => 'wechat',
  'is_complete' => 1,
)
[2023-10-30T22:35:27+08:00][error] array (
  'openid' => 'ot0es6KZcDUkMgFqQZ_40ohQEHl0',
  'nickname' => '邹美顺：主任',
  'sex' => 0,
  'language' => '',
  'city' => '',
  'province' => '',
  'country' => '',
  'headimgurl' => 'https://thirdwx.qlogo.cn/mmopen/vi_32/WeNdpNt9EKgKybfG7O4hXsnDUvdITPsesRicthXWjibvPjVibR6uxe0fALcmn2xaZr4BJPSFhMmFJYeejBia37ibbTyXoePT8uibWjBySFNfdKHVA/132',
  'privilege' => 
  array (
  ),
  'user_type' => 'wechat',
  'staff_id' => 0,
  'agent_id' => 0,
  'division_id' => 0,
  'login_type' => 'wechat',
  'is_complete' => 1,
)
