[2023-05-03T02:43:14+08:00][error] array (
  'openid' => 'o0ojJ5qBXDC1IcELCLIvhyA5_9PE',
  'nickname' => 'momo335',
  'sex' => 0,
  'language' => '',
  'city' => '',
  'province' => '',
  'country' => '',
  'headimgurl' => 'https://thirdwx.qlogo.cn/mmopen/vi_32/JjkzJpciaaY2wNFGKd3OTxH98FRh3YcMsE7KO2heUSsYnxRVwNonMsBfia0SkbMqQGtcDf4KaicicEFLjCicZlYg6lA/132',
  'privilege' => 
  array (
  ),
  'user_type' => 'wechat',
  'staff_id' => 0,
  'agent_id' => 0,
  'division_id' => 0,
  'login_type' => 'wechat',
  'is_complete' => 1,
)
[2023-05-03T12:29:37+08:00][error] array (
  'openid' => 'o0ojJ5j06Y2P96f_CiQFYnZxv4WM',
  'nickname' => '雨过天未晴。',
  'sex' => 0,
  'language' => '',
  'city' => '',
  'province' => '',
  'country' => '',
  'headimgurl' => 'https://thirdwx.qlogo.cn/mmopen/vi_32/IibMjuSiblgx4EwKvK3RJx7CYuQMpdg1jFxJK3pibzBBzhoPuMsl8qp9ORwJmXR4DcwiaXV9JuttkfnvBop58BMvoA/132',
  'privilege' => 
  array (
  ),
  'user_type' => 'wechat',
  'staff_id' => 0,
  'agent_id' => 0,
  'division_id' => 0,
  'login_type' => 'wechat',
  'is_complete' => 1,
)
[2023-05-03T16:59:38+08:00][error] [0]账号或密码错误，请重新输入[/www/wwwroot/600.k0513.top/app/services/system/admin/SystemAdminServices.php:70]
