[2023-05-05T22:53:20+08:00][error] array (
  'openid' => 'o0ojJ5lbSUOANkS4qM_hOwy7caWs',
  'nickname' => '',
  'sex' => 0,
  'language' => '',
  'city' => '',
  'province' => '',
  'country' => '',
  'headimgurl' => 'https://thirdwx.qlogo.cn/mmopen/vi_32/DYAIOgq83eoNgSZB0mF908o92dnicGGhUL2GAbzCMKT2eXSkzbhoX7XQfvyvk7oga4QiaGRcN4HhV0onia3vn3PdQ/132',
  'privilege' => 
  array (
  ),
  'user_type' => 'wechat',
  'staff_id' => 0,
  'agent_id' => 0,
  'division_id' => 0,
  'login_type' => 'wechat',
  'is_complete' => 1,
)
[2023-05-05T23:07:22+08:00][error] array (
  'openid' => 'o0ojJ5gtj4JcxT7-rGKOAEtFAvIk',
  'nickname' => '#王伍林',
  'sex' => 0,
  'language' => '',
  'city' => '',
  'province' => '',
  'country' => '',
  'headimgurl' => 'https://thirdwx.qlogo.cn/mmopen/vi_32/Q0j4TwGTfTIVEKLexnr0UqxKicvlJFXUCEX794Z2px9pDict80NtG5kar2q55ibfrGgyS55hT6icJqibTCayyTgXZqQ/132',
  'privilege' => 
  array (
  ),
  'user_type' => 'wechat',
  'staff_id' => 0,
  'agent_id' => 0,
  'division_id' => 0,
  'login_type' => 'wechat',
  'is_complete' => 1,
)
[2023-05-05T23:11:24+08:00][error] array (
  'openid' => 'o0ojJ5vvmEx7wVxqLaPqcZIQG3_U',
  'nickname' => '鸿业塑胶卡通制品厂13929569199',
  'sex' => 0,
  'language' => '',
  'city' => '',
  'province' => '',
  'country' => '',
  'headimgurl' => 'https://thirdwx.qlogo.cn/mmopen/vi_32/DYAIOgq83epibOMb0f9IeBER8RhDAtUibNSmp0bYLQVxZw0kBNUTzlOYT3cPk0BjS43CmbAx5a1g4IicgCNxRwZcw/132',
  'privilege' => 
  array (
  ),
  'user_type' => 'wechat',
  'staff_id' => 0,
  'agent_id' => 0,
  'division_id' => 0,
  'login_type' => 'wechat',
  'is_complete' => 1,
)
