[2023-05-12T18:54:59+08:00][error] array (
  'openid' => 'o0ojJ5nNdJUCURN7kQVz30NK-GJM',
  'nickname' => '菩提果子',
  'sex' => 0,
  'language' => '',
  'city' => '',
  'province' => '',
  'country' => '',
  'headimgurl' => 'https://thirdwx.qlogo.cn/mmopen/vi_32/4EEiaIZ3fv5ebibL7UQfnU0eVgWx4r4MUu29UyncLZiaEpuou5NTh4AlibsnnsDLcpR6MFYsSKAKzBGNy9WSia3MPVg/132',
  'privilege' => 
  array (
  ),
  'user_type' => 'wechat',
  'staff_id' => 0,
  'agent_id' => 0,
  'division_id' => 0,
  'login_type' => 'wechat',
  'is_complete' => 1,
)
[2023-05-12T22:18:18+08:00][error] array (
  'openid' => 'o0ojJ5nQh_XlUIshgKPyc_WsjoU0',
  'nickname' => '混世小魔王',
  'sex' => 0,
  'language' => '',
  'city' => '',
  'province' => '',
  'country' => '',
  'headimgurl' => 'https://thirdwx.qlogo.cn/mmopen/vi_32/9cHTH2ADTIrvz1AqV3UgpfeQHI0bofWkB5dY5RbA71wH0o049NVJXCuPJjLQA2PM2rzzibohrczWMLlIuvrF2kg/132',
  'privilege' => 
  array (
  ),
  'user_type' => 'wechat',
  'staff_id' => 0,
  'agent_id' => 0,
  'division_id' => 0,
  'login_type' => 'wechat',
  'is_complete' => 1,
)
[2023-05-12T23:41:31+08:00][error] array (
  'openid' => 'o0ojJ5pMEyu9nA-TeZ4XRaYc0Fwg',
  'nickname' => '小军',
  'sex' => 0,
  'language' => '',
  'city' => '',
  'province' => '',
  'country' => '',
  'headimgurl' => 'https://thirdwx.qlogo.cn/mmopen/vi_32/1R7lHGBvwPQk4DZAvpk5JqicGicpiafZmlNjiasGvAtOHvtq7LMPEiaMO7CIunOQlFEcHvhPhTn8JaxTnDxtD0Jhgbw/132',
  'privilege' => 
  array (
  ),
  'user_type' => 'wechat',
  'staff_id' => 0,
  'agent_id' => 0,
  'division_id' => 0,
  'login_type' => 'wechat',
  'is_complete' => 1,
)
