[2023-05-13T11:32:20+08:00][error] array (
  'openid' => 'o0ojJ5hHbUyULTk-qh4exVb5qBG8',
  'nickname' => 'C，',
  'sex' => 0,
  'language' => '',
  'city' => '',
  'province' => '',
  'country' => '',
  'headimgurl' => 'https://thirdwx.qlogo.cn/mmopen/vi_32/ickMqiciaI8k1Vy5iaAAx9Qia5icicyqZJTv7P3xSzqgYwH3GcQibsJWfuGVPMhHEnfeBwWFzaSRYuWNwThb8n0XVq5lAA/132',
  'privilege' => 
  array (
  ),
  'user_type' => 'wechat',
  'staff_id' => 0,
  'agent_id' => 0,
  'division_id' => 0,
  'login_type' => 'wechat',
  'is_complete' => 1,
)
[2023-05-13T13:26:53+08:00][error] array (
  'openid' => 'o0ojJ5jOQTbmchvhu3pkhaWSRMRE',
  'nickname' => '轻若含烟',
  'sex' => 0,
  'language' => '',
  'city' => '',
  'province' => '',
  'country' => '',
  'headimgurl' => 'https://thirdwx.qlogo.cn/mmopen/vi_32/BVWhvwFBcCAIP7icnReibcUnq9M7eZQMDwAh5Jo7ML88YBsp4xzB74e6nVicVMBIkMYhIibN32T8z7W0ibMT8aEBgVg/132',
  'privilege' => 
  array (
  ),
  'user_type' => 'wechat',
  'staff_id' => 0,
  'agent_id' => 0,
  'division_id' => 0,
  'login_type' => 'wechat',
  'is_complete' => 1,
)
[2023-05-13T17:45:55+08:00][error] [8]Trying to get property 'agent_id' of non-object[/www/wwwroot/600.k0513.top/app/services/user/LoginServices.php:128]
[2023-05-13T17:45:55+08:00][error] [8]Trying to get property 'agent_id' of non-object[/www/wwwroot/600.k0513.top/app/services/user/LoginServices.php:128]
[2023-05-13T17:46:28+08:00][error] [8]Trying to get property 'agent_id' of non-object[/www/wwwroot/600.k0513.top/app/services/user/LoginServices.php:128]
[2023-05-13T17:47:17+08:00][error] [8]Trying to get property 'agent_id' of non-object[/www/wwwroot/600.k0513.top/app/services/user/LoginServices.php:128]
[2023-05-13T17:47:47+08:00][error] [8]Trying to get property 'agent_id' of non-object[/www/wwwroot/600.k0513.top/app/services/user/LoginServices.php:128]
[2023-05-13T17:58:19+08:00][error] [8]Trying to get property 'agent_id' of non-object[/www/wwwroot/600.k0513.top/app/services/user/LoginServices.php:128]
[2023-05-13T18:00:02+08:00][error] [8]Trying to get property 'agent_id' of non-object[/www/wwwroot/600.k0513.top/app/services/user/LoginServices.php:128]
[2023-05-13T20:30:19+08:00][error] [8]Trying to get property 'agent_id' of non-object[/www/wwwroot/600.k0513.top/app/services/user/LoginServices.php:128]
[2023-05-13T20:30:33+08:00][error] [8]Trying to get property 'agent_id' of non-object[/www/wwwroot/600.k0513.top/app/services/user/LoginServices.php:128]
[2023-05-13T20:49:59+08:00][error] array (
  'openid' => 'o0ojJ5lGNrFY3R8pCfAVFCbtIUsw',
  'nickname' => '草莓味的风',
  'sex' => 0,
  'language' => '',
  'city' => '',
  'province' => '',
  'country' => '',
  'headimgurl' => 'https://thirdwx.qlogo.cn/mmopen/vi_32/dH0ZS8aVU0fXF88IH52bLf2NfYKJvtrpwAmnMx657wTb6eiciaECJjLEJicsBUCuMArZKTptlSvhGfKYl8qEPK4Hg/132',
  'privilege' => 
  array (
  ),
  'user_type' => 'wechat',
  'staff_id' => 0,
  'agent_id' => 0,
  'division_id' => 0,
  'login_type' => 'wechat',
  'is_complete' => 1,
)
