[2023-05-14T02:12:37+08:00][error] [8]Trying to get property 'agent_id' of non-object[/www/wwwroot/600.k0513.top/app/services/user/LoginServices.php:128]
[2023-05-14T02:12:41+08:00][error] [0]Request AccessToken fail. response: {"errcode":40163,"errmsg":"code been used, rid: 645fd319-499f4211-3d4f81fe"}[/www/wwwroot/600.k0513.top/crmeb/services/easywechat/oauth2/wechat/WechatOauth.php:162]
[2023-05-14T13:34:01+08:00][error] array (
  'openid' => 'o0ojJ5l-fF8YexA0p1t1bpCjOanU',
  'nickname' => '楠楠',
  'sex' => 0,
  'language' => '',
  'city' => '',
  'province' => '',
  'country' => '',
  'headimgurl' => 'https://thirdwx.qlogo.cn/mmopen/vi_32/Q0j4TwGTfTJxicSAAVu8YawlG9KFrth8GtMu8moYbibuEE2j6AnpJaZtZvtnN6eUNMgPrTdl64wz2URAPKWlnUEw/132',
  'privilege' => 
  array (
  ),
  'user_type' => 'wechat',
  'staff_id' => 0,
  'agent_id' => 0,
  'division_id' => 0,
  'login_type' => 'wechat',
  'is_complete' => 1,
)
[2023-05-14T19:14:05+08:00][error] array (
  'openid' => 'o0ojJ5j8slr9A7L7hqFytz_TgmKI',
  'nickname' => '炳辰',
  'sex' => 0,
  'language' => '',
  'city' => '',
  'province' => '',
  'country' => '',
  'headimgurl' => 'https://thirdwx.qlogo.cn/mmopen/vi_32/wEGViaqLu0IrxD0U2tJ506RMxWXrrKm7YKq1pIJx7ZIdaIUIqA94iaO3wWfJgCVgp7unicWJ8gaiaIEZJd70k8qPJw/132',
  'privilege' => 
  array (
  ),
  'user_type' => 'wechat',
  'staff_id' => 0,
  'agent_id' => 0,
  'division_id' => 0,
  'login_type' => 'wechat',
  'is_complete' => 1,
)
[2023-05-14T19:17:13+08:00][error] array (
  'openid' => 'o0ojJ5h89c8wqzKh_9PYgdXctSNI',
  'nickname' => '末',
  'sex' => 0,
  'language' => '',
  'city' => '',
  'province' => '',
  'country' => '',
  'headimgurl' => 'https://thirdwx.qlogo.cn/mmopen/vi_32/Q0j4TwGTfTIILTFM4U5apLqrPWlgAOnmev562NAJhztmAYQ2yY85q6ibaNlaxftVfHzEtwMvTUF3qI2gULJaFOQ/132',
  'privilege' => 
  array (
  ),
  'user_type' => 'wechat',
  'staff_id' => 0,
  'agent_id' => 0,
  'division_id' => 0,
  'login_type' => 'wechat',
  'is_complete' => 1,
)
[2023-05-14T22:06:32+08:00][error] array (
  'openid' => 'o0ojJ5hFOvrCEyhvUyJHef1uG3iM',
  'nickname' => '温婉',
  'sex' => 0,
  'language' => '',
  'city' => '',
  'province' => '',
  'country' => '',
  'headimgurl' => 'https://thirdwx.qlogo.cn/mmopen/vi_32/Q0j4TwGTfTLXDG2ux03bmBI5bp2wsqrXLibdwQLub2qFoRJzIwaiazhNfYbHfNU2SALUUwL4augkZ3GDfcMwczyw/132',
  'privilege' => 
  array (
  ),
  'user_type' => 'wechat',
  'staff_id' => 0,
  'agent_id' => 0,
  'division_id' => 0,
  'login_type' => 'wechat',
  'is_complete' => 1,
)
[2023-05-14T22:22:38+08:00][error] array (
  'openid' => 'o0ojJ5vs7lEgivG66n-iVDbgR2M4',
  'nickname' => '小可爱',
  'sex' => 0,
  'language' => '',
  'city' => '',
  'province' => '',
  'country' => '',
  'headimgurl' => 'https://thirdwx.qlogo.cn/mmopen/vi_32/Q0j4TwGTfTLhhgjHUSB5TLkozh0qGbtmjD8psbR2DhsybiapqXomph84AWNMwFGjf1VYiaOgibuaghjqiaPLBGPTLg/132',
  'privilege' => 
  array (
  ),
  'user_type' => 'wechat',
  'staff_id' => 0,
  'agent_id' => 0,
  'division_id' => 0,
  'login_type' => 'wechat',
  'is_complete' => 1,
)
