[2023-05-15T06:00:23+08:00][error] array (
  'openid' => 'o0ojJ5mHHt3K3TM0RdhGyQq-AApA',
  'nickname' => '？',
  'sex' => 0,
  'language' => '',
  'city' => '',
  'province' => '',
  'country' => '',
  'headimgurl' => 'https://thirdwx.qlogo.cn/mmopen/vi_32/Q0j4TwGTfTJutMnPnBUt6VaycbQibwbdT3AEt5s8AvxHoxbQtYXxVF916ZwyUNS3eShzGY9RzC3hdxf70uuRLkw/132',
  'privilege' => 
  array (
  ),
  'user_type' => 'wechat',
  'staff_id' => 0,
  'agent_id' => 0,
  'division_id' => 0,
  'login_type' => 'wechat',
  'is_complete' => 1,
)
[2023-05-15T16:02:43+08:00][error] [8]Trying to get property 'agent_id' of non-object[/www/wwwroot/600.k0513.top/app/services/user/LoginServices.php:128]
[2023-05-15T16:04:08+08:00][error] [8]Trying to get property 'agent_id' of non-object[/www/wwwroot/600.k0513.top/app/services/user/LoginServices.php:128]
[2023-05-15T16:06:46+08:00][error] [8]Trying to get property 'agent_id' of non-object[/www/wwwroot/600.k0513.top/app/services/user/LoginServices.php:128]
[2023-05-15T16:07:06+08:00][error] [8]Trying to get property 'agent_id' of non-object[/www/wwwroot/600.k0513.top/app/services/user/LoginServices.php:128]
[2023-05-15T16:21:35+08:00][error] array (
  'openid' => 'o0ojJ5iD59c0CHdzHPgRhBKljJCQ',
  'nickname' => 'Y',
  'sex' => 0,
  'language' => '',
  'city' => '',
  'province' => '',
  'country' => '',
  'headimgurl' => 'https://thirdwx.qlogo.cn/mmopen/vi_32/Q0j4TwGTfTIt8ktKYabAdjBMN4fN8BMtZoIhea17VzfYy6pRrnK6ic25p9plfv6ziabIBZjwcMMB3OVx5Lf3oNGQ/132',
  'privilege' => 
  array (
  ),
  'user_type' => 'wechat',
  'staff_id' => 0,
  'agent_id' => 0,
  'division_id' => 0,
  'login_type' => 'wechat',
  'is_complete' => 1,
)
[2023-05-15T16:49:40+08:00][error] [8]Trying to get property 'agent_id' of non-object[/www/wwwroot/600.k0513.top/app/services/user/LoginServices.php:128]
[2023-05-15T16:50:34+08:00][error] [8]Trying to get property 'agent_id' of non-object[/www/wwwroot/600.k0513.top/app/services/user/LoginServices.php:128]
[2023-05-15T16:51:19+08:00][error] [8]Trying to get property 'agent_id' of non-object[/www/wwwroot/600.k0513.top/app/services/user/LoginServices.php:128]
[2023-05-15T16:53:06+08:00][error] [8]Trying to get property 'agent_id' of non-object[/www/wwwroot/600.k0513.top/app/services/user/LoginServices.php:128]
[2023-05-15T18:57:50+08:00][error] [8]Trying to get property 'agent_id' of non-object[/www/wwwroot/600.k0513.top/app/services/user/LoginServices.php:128]
[2023-05-15T18:57:58+08:00][error] [8]Trying to get property 'agent_id' of non-object[/www/wwwroot/600.k0513.top/app/services/user/LoginServices.php:128]
[2023-05-15T18:58:15+08:00][error] [8]Trying to get property 'agent_id' of non-object[/www/wwwroot/600.k0513.top/app/services/user/LoginServices.php:128]
[2023-05-15T21:22:09+08:00][error] array (
  'openid' => 'o0ojJ5s7aos2FxVI9BFqEIwgr5MA',
  'nickname' => '释怀',
  'sex' => 0,
  'language' => '',
  'city' => '',
  'province' => '',
  'country' => '',
  'headimgurl' => 'https://thirdwx.qlogo.cn/mmopen/vi_32/Q0j4TwGTfTIyQZplqmAJyfPibyPsICL91BY5g2tnicu0iaH7W76KZichxw4Oo88QM2X0JbqDWGibxshTEYNtuq8PQuQ/132',
  'privilege' => 
  array (
  ),
  'user_type' => 'wechat',
  'staff_id' => 0,
  'agent_id' => 0,
  'division_id' => 0,
  'login_type' => 'wechat',
  'is_complete' => 1,
)
[2023-05-15T22:23:51+08:00][error] [8]Trying to get property 'agent_id' of non-object[/www/wwwroot/600.k0513.top/app/services/user/LoginServices.php:128]
[2023-05-15T22:24:13+08:00][error] [8]Trying to get property 'agent_id' of non-object[/www/wwwroot/600.k0513.top/app/services/user/LoginServices.php:128]
[2023-05-15T22:26:08+08:00][error] [8]Trying to get property 'agent_id' of non-object[/www/wwwroot/600.k0513.top/app/services/user/LoginServices.php:128]
[2023-05-15T22:27:12+08:00][error] [8]Trying to get property 'agent_id' of non-object[/www/wwwroot/600.k0513.top/app/services/user/LoginServices.php:128]
