[2023-05-17T12:04:42+08:00][error] array (
  'openid' => 'o0ojJ5ngjTxsRD_oNnlT2QGqHAJ8',
  'nickname' => 'ℳℓ一个做软件的而已ℳℓ',
  'sex' => 0,
  'language' => '',
  'city' => '',
  'province' => '',
  'country' => '',
  'headimgurl' => 'https://thirdwx.qlogo.cn/mmopen/vi_32/Q0j4TwGTfTLJPBY2fJ9mMCibLpxK4ZKTWehl2Iv3dVMia6SJFsl3xomYx2aNHicf9aoDGcibJkHkh4sNiaiadtOhicScg/132',
  'privilege' => 
  array (
  ),
  'user_type' => 'wechat',
  'staff_id' => 0,
  'agent_id' => 0,
  'division_id' => 0,
  'login_type' => 'wechat',
  'is_complete' => 1,
)
[2023-05-17T15:18:53+08:00][error] [8]Trying to get property 'agent_id' of non-object[/www/wwwroot/600.k0513.top/app/services/user/LoginServices.php:128]
[2023-05-17T16:17:10+08:00][error] array (
  'openid' => 'o0ojJ5o6mBTjJb2NHsnHeYCMvxS0',
  'nickname' => '半夏',
  'sex' => 0,
  'language' => '',
  'city' => '',
  'province' => '',
  'country' => '',
  'headimgurl' => 'https://thirdwx.qlogo.cn/mmopen/vi_32/Q0j4TwGTfTIpsATwIJj8otTXrtZaiaqaiaDVBl9Ts2OkeXRtNDSC2ju0JhuxS0ibhJQKIgSua8ibvBOoJMQxsqWYibw/132',
  'privilege' => 
  array (
  ),
  'user_type' => 'wechat',
  'staff_id' => 0,
  'agent_id' => 0,
  'division_id' => 0,
  'login_type' => 'wechat',
  'is_complete' => 1,
)
[2023-05-17T16:31:34+08:00][error] array (
  'openid' => 'o0ojJ5l_ccgtwcGARGU1XBsdR4wY',
  'nickname' => '匆匆那年',
  'sex' => 0,
  'language' => '',
  'city' => '',
  'province' => '',
  'country' => '',
  'headimgurl' => 'https://thirdwx.qlogo.cn/mmopen/vi_32/Q0j4TwGTfTJNgtkxpxx7YJNicrD7CjicgKRnrAA4o3QFVQS13G39YJRnc2Aiccv1H0THvoxzayic3MwXfIIf9sicPsQ/132',
  'privilege' => 
  array (
  ),
  'user_type' => 'wechat',
  'staff_id' => 0,
  'agent_id' => 0,
  'division_id' => 0,
  'login_type' => 'wechat',
  'is_complete' => 1,
)
[2023-05-17T17:29:49+08:00][error] array (
  'openid' => 'o0ojJ5jbIR8GH8diyIcCeJdLBY9Q',
  'nickname' => '桃枝.',
  'sex' => 0,
  'language' => '',
  'city' => '',
  'province' => '',
  'country' => '',
  'headimgurl' => 'https://thirdwx.qlogo.cn/mmopen/vi_32/FhllTdNwhAa3z8Ebib0za6ZEV14UVwZqmx8XPSYKiantKwl0PudM565pE07jnPfUCsdZ9icKupmtJ0sDGUrJ0SaYw/132',
  'privilege' => 
  array (
  ),
  'user_type' => 'wechat',
  'staff_id' => 0,
  'agent_id' => 0,
  'division_id' => 0,
  'login_type' => 'wechat',
  'is_complete' => 1,
)
[2023-05-17T17:30:05+08:00][error] [0]接口请求失败:请填写用户名[/www/wwwroot/600.k0513.top/crmeb/services/AccessTokenServeService.php:127]
[2023-05-17T21:51:18+08:00][error] array (
  'openid' => 'o0ojJ5guUP7dET_YXh14J-jE8H8s',
  'nickname' => '无意识碎片',
  'sex' => 0,
  'language' => '',
  'city' => '',
  'province' => '',
  'country' => '',
  'headimgurl' => 'https://thirdwx.qlogo.cn/mmopen/vi_32/S2TSSFjAkm4emj6LJalThFcG16L0HkDwyn5RGGlXJF7fmbjjLEicMfzQLAA40MKLfQ8coLjdGZ5iax3S67PyKTbg/132',
  'privilege' => 
  array (
  ),
  'user_type' => 'wechat',
  'staff_id' => 0,
  'agent_id' => 0,
  'division_id' => 0,
  'login_type' => 'wechat',
  'is_complete' => 1,
)
[2023-05-17T22:31:10+08:00][error] array (
  'openid' => 'o0ojJ5opsJ3b3i8FBoGgd8XW6R-Y',
  'nickname' => '夏天',
  'sex' => 0,
  'language' => '',
  'city' => '',
  'province' => '',
  'country' => '',
  'headimgurl' => 'https://thirdwx.qlogo.cn/mmopen/vi_32/Q0j4TwGTfTIVZJibLia6JyBYz4fWoLXHu6M50vp1akl3oxLS5ZzyUfMvu3o9e7ocIJOP51ibzp4CRamCf2l7ocm8A/132',
  'privilege' => 
  array (
  ),
  'user_type' => 'wechat',
  'staff_id' => 0,
  'agent_id' => 0,
  'division_id' => 0,
  'login_type' => 'wechat',
  'is_complete' => 1,
)
