[2023-05-18T01:58:32+08:00][error] array (
  'openid' => 'o0ojJ5lVDIqsjSdkUAw_R8YsbWAQ',
  'nickname' => 'ℳঞ亚熙 ꦿ ໌້ᮨ꧔ꦿ᭄',
  'sex' => 0,
  'language' => '',
  'city' => '',
  'province' => '',
  'country' => '',
  'headimgurl' => 'https://thirdwx.qlogo.cn/mmopen/vi_32/Q0j4TwGTfTLGaMEWHAw1Mk1y4qIL6kOMYNZL1GOaNHFg5fbKljS659HsQC4mW7TYic7gzTlvNNOhlJ3PSlphP1A/132',
  'privilege' => 
  array (
  ),
  'user_type' => 'wechat',
  'staff_id' => 0,
  'agent_id' => 0,
  'division_id' => 0,
  'login_type' => 'wechat',
  'is_complete' => 1,
)
[2023-05-18T18:09:03+08:00][error] [8]Trying to get property 'agent_id' of non-object[/www/wwwroot/600.k0513.top/app/services/user/LoginServices.php:128]
[2023-05-18T19:33:54+08:00][error] array (
  'openid' => 'o0ojJ5sC68NdmDlrEnc0lhr05Ypk',
  'nickname' => '梦离旧时光',
  'sex' => 0,
  'language' => '',
  'city' => '',
  'province' => '',
  'country' => '',
  'headimgurl' => 'https://thirdwx.qlogo.cn/mmopen/vi_32/1hktCZLOvjKicqALJs5WJN170rEJoXricLib0V64UmLSMBENFLXIqLZuLsic9bTLs8sLj5uAmySH3kYJ3dcZvnC6ibQ/132',
  'privilege' => 
  array (
  ),
  'user_type' => 'wechat',
  'staff_id' => 0,
  'agent_id' => 0,
  'division_id' => 0,
  'login_type' => 'wechat',
  'is_complete' => 1,
)
[2023-05-18T19:59:32+08:00][error] array (
  'openid' => 'o0ojJ5mJ4WO5MY6DixAfDpi5gJyE',
  'nickname' => '夏天',
  'sex' => 0,
  'language' => '',
  'city' => '',
  'province' => '',
  'country' => '',
  'headimgurl' => 'https://thirdwx.qlogo.cn/mmopen/vi_32/CRJQu2JUNUm1l5DticscvQvZ7RiczXd7ubztUSUARxdDrBRsnX1gC3G3UpORt1d8DC6JRCLlIZPyXaoxHyFxgIMw/132',
  'privilege' => 
  array (
  ),
  'user_type' => 'wechat',
  'staff_id' => 0,
  'agent_id' => 0,
  'division_id' => 0,
  'login_type' => 'wechat',
  'is_complete' => 1,
)
[2023-05-18T20:28:12+08:00][error] array (
  'openid' => 'o0ojJ5n0zILvat1VZx-2-yokqkMs',
  'nickname' => '有时候。。',
  'sex' => 0,
  'language' => '',
  'city' => '',
  'province' => '',
  'country' => '',
  'headimgurl' => 'https://thirdwx.qlogo.cn/mmopen/vi_32/quTtErAbJcrhIUkjibDBSJunN6HUwMf3cq2ng5cNF83k1TUwfjYcaMDC0O2qhM4Uc6jCbv7YRR9vGPzLJEyYX4g/132',
  'privilege' => 
  array (
  ),
  'user_type' => 'wechat',
  'staff_id' => 0,
  'agent_id' => 0,
  'division_id' => 0,
  'login_type' => 'wechat',
  'is_complete' => 1,
)
[2023-05-18T22:06:48+08:00][error] [8]Trying to get property 'agent_id' of non-object[/www/wwwroot/600.k0513.top/app/services/user/LoginServices.php:128]
[2023-05-18T22:07:24+08:00][error] [8]Trying to get property 'agent_id' of non-object[/www/wwwroot/600.k0513.top/app/services/user/LoginServices.php:128]
[2023-05-18T22:08:36+08:00][error] [8]Trying to get property 'agent_id' of non-object[/www/wwwroot/600.k0513.top/app/services/user/LoginServices.php:128]
[2023-05-18T22:08:48+08:00][error] [8]Trying to get property 'agent_id' of non-object[/www/wwwroot/600.k0513.top/app/services/user/LoginServices.php:128]
[2023-05-18T22:27:10+08:00][error] [8]Trying to get property 'agent_id' of non-object[/www/wwwroot/600.k0513.top/app/services/user/LoginServices.php:128]
[2023-05-18T22:28:03+08:00][error] array (
  'openid' => 'o0ojJ5rfgEd3-2qXQtpuGZtsQ_EQ',
  'nickname' => '混世小魔王',
  'sex' => 0,
  'language' => '',
  'city' => '',
  'province' => '',
  'country' => '',
  'headimgurl' => 'https://thirdwx.qlogo.cn/mmopen/vi_32/Q0j4TwGTfTJds65Dr1TlBDwa4gRScdGYNBYXUxqw6C4BKBDGDMNGBp25Ha5A026vtKpC8nBveTpsqwPUdEic83A/132',
  'privilege' => 
  array (
  ),
  'user_type' => 'wechat',
  'staff_id' => 0,
  'agent_id' => 0,
  'division_id' => 0,
  'login_type' => 'wechat',
  'is_complete' => 1,
)
[2023-05-18T22:37:04+08:00][error] [8]Trying to get property 'agent_id' of non-object[/www/wwwroot/600.k0513.top/app/services/user/LoginServices.php:128]
[2023-05-18T23:55:52+08:00][error] [8]Trying to get property 'agent_id' of non-object[/www/wwwroot/600.k0513.top/app/services/user/LoginServices.php:128]
