[2023-05-21T11:56:43+08:00][error] [0]接口请求失败:请填写用户名[/www/wwwroot/600.k0513.top/crmeb/services/AccessTokenServeService.php:127]
[2023-05-21T11:56:55+08:00][error] [0]接口请求失败:请填写用户名[/www/wwwroot/600.k0513.top/crmeb/services/AccessTokenServeService.php:127]
[2023-05-21T11:56:56+08:00][error] [0]接口请求失败:请填写用户名[/www/wwwroot/600.k0513.top/crmeb/services/AccessTokenServeService.php:127]
[2023-05-21T11:56:58+08:00][error] [0]接口请求失败:请填写用户名[/www/wwwroot/600.k0513.top/crmeb/services/AccessTokenServeService.php:127]
[2023-05-21T11:57:38+08:00][error] [0]接口请求失败:请填写用户名[/www/wwwroot/600.k0513.top/crmeb/services/AccessTokenServeService.php:127]
[2023-05-21T12:00:00+08:00][error] array (
  'openid' => 'o0ojJ5lvyUfZjPp49N_SnEwaQVjY',
  'nickname' => '谁也不是',
  'sex' => 0,
  'language' => '',
  'city' => '',
  'province' => '',
  'country' => '',
  'headimgurl' => 'https://thirdwx.qlogo.cn/mmopen/vi_32/Y4e4sTsTDJ8qibQT9oBNb1zicoOJwL5LFsHABqbD0gJjTHOrickFPJLwfJOibdJW1ZnWbOLuUyl6QBsI37x1A8EcRw/132',
  'privilege' => 
  array (
  ),
  'user_type' => 'wechat',
  'staff_id' => 0,
  'agent_id' => 0,
  'division_id' => 0,
  'login_type' => 'wechat',
  'is_complete' => 1,
)
[2023-05-21T19:24:04+08:00][error] array (
  'openid' => 'o0ojJ5gHxnNveflL56TwKqqn1mPo',
  'nickname' => 'Z。。',
  'sex' => 0,
  'language' => '',
  'city' => '',
  'province' => '',
  'country' => '',
  'headimgurl' => 'https://thirdwx.qlogo.cn/mmopen/vi_32/DYAIOgq83epr9Ct3QeK8vwaebczOAVpJmvwTIqAyIuWh4FDdk6tjiatdFpBPuPibOB2EDS1KY6MJMlaeD0FBZj7g/132',
  'privilege' => 
  array (
  ),
  'user_type' => 'wechat',
  'staff_id' => 0,
  'agent_id' => 0,
  'division_id' => 0,
  'login_type' => 'wechat',
  'is_complete' => 1,
)
[2023-05-21T22:03:00+08:00][error] array (
  'openid' => 'o0ojJ5n8QMrBKg4DhVyo4PvW0L50',
  'nickname' => '小李很讲理',
  'sex' => 0,
  'language' => '',
  'city' => '',
  'province' => '',
  'country' => '',
  'headimgurl' => 'https://thirdwx.qlogo.cn/mmopen/vi_32/Q0j4TwGTfTKr3ZPRg8ECLvyfcevicnrQxATyF2FUMpMImGATMicnAclgfQ1zeoReo5ONWYTDPeYtFVjia5v24d8MA/132',
  'privilege' => 
  array (
  ),
  'user_type' => 'wechat',
  'staff_id' => 0,
  'agent_id' => 0,
  'division_id' => 0,
  'login_type' => 'wechat',
  'is_complete' => 1,
)
