[2023-05-22T11:08:38+08:00][error] [8]Trying to get property 'agent_id' of non-object[/www/wwwroot/600.k0513.top/app/services/user/LoginServices.php:128]
[2023-05-22T11:09:05+08:00][error] [8]Trying to get property 'agent_id' of non-object[/www/wwwroot/600.k0513.top/app/services/user/LoginServices.php:128]
[2023-05-22T11:09:15+08:00][error] [8]Trying to get property 'agent_id' of non-object[/www/wwwroot/600.k0513.top/app/services/user/LoginServices.php:128]
[2023-05-22T22:32:35+08:00][error] array (
  'openid' => 'o0ojJ5n-EUp-nGFMraO9Awgfu6gY',
  'nickname' => '宋宋小丸子',
  'sex' => 0,
  'language' => '',
  'city' => '',
  'province' => '',
  'country' => '',
  'headimgurl' => 'https://thirdwx.qlogo.cn/mmopen/vi_32/rMTpJA1A9XfIdwQQEo8ZpjuZxMJnWuy1pibib6psMjnJHJibYVvMAvLEx0rGhNkVN4mBkXBeogwZQSekibzmYSL3EA/132',
  'privilege' => 
  array (
  ),
  'user_type' => 'wechat',
  'staff_id' => 0,
  'agent_id' => 0,
  'division_id' => 0,
  'login_type' => 'wechat',
  'is_complete' => 1,
)
