[2023-05-25T11:13:49+08:00][error] [8]Trying to get property 'agent_id' of non-object[/www/wwwroot/600.k0513.top/app/services/user/LoginServices.php:128]
[2023-05-25T11:14:16+08:00][error] [8]Trying to get property 'agent_id' of non-object[/www/wwwroot/600.k0513.top/app/services/user/LoginServices.php:128]
[2023-05-25T11:14:18+08:00][error] [8]Trying to get property 'agent_id' of non-object[/www/wwwroot/600.k0513.top/app/services/user/LoginServices.php:128]
[2023-05-25T11:15:35+08:00][error] [8]Trying to get property 'agent_id' of non-object[/www/wwwroot/600.k0513.top/app/services/user/LoginServices.php:128]
[2023-05-25T15:04:09+08:00][error] array (
  'openid' => 'o0ojJ5lmTmR1LzS5WrOJAGnn8ODg',
  'nickname' => 'L.Y.Y',
  'sex' => 0,
  'language' => '',
  'city' => '',
  'province' => '',
  'country' => '',
  'headimgurl' => 'https://thirdwx.qlogo.cn/mmopen/vi_32/f1gEQhgIVgVWFyj79rGqm4qIcibxkbd8WeQD68lq8mCwuyCkD8SlAgSNgpKOE1pQjN0FsoY5A6BggjVFmiaMdweQ/132',
  'privilege' => 
  array (
  ),
  'user_type' => 'wechat',
  'staff_id' => 0,
  'agent_id' => 0,
  'division_id' => 0,
  'login_type' => 'wechat',
  'is_complete' => 1,
)
[2023-05-25T20:09:28+08:00][error] array (
  'openid' => 'o0ojJ5rqHa8q1NmJZVMAa_Lh4Sm4',
  'nickname' => '问心',
  'sex' => 0,
  'language' => '',
  'city' => '',
  'province' => '',
  'country' => '',
  'headimgurl' => 'https://thirdwx.qlogo.cn/mmopen/vi_32/DYAIOgq83eq9sh8qK2dz0Gw5pOISibHTTK1NlSicfjCnXiblX4zhZ0waZmK9pFUkkU4lA8Xd4ib7wSvlg47moPGhMA/132',
  'privilege' => 
  array (
  ),
  'user_type' => 'wechat',
  'staff_id' => 0,
  'agent_id' => 0,
  'division_id' => 0,
  'login_type' => 'wechat',
  'is_complete' => 1,
)
[2023-05-25T22:24:57+08:00][error] array (
  'openid' => 'o0ojJ5vFz5UGsA2iUoxQGM4LfeSo',
  'nickname' => '.',
  'sex' => 0,
  'language' => '',
  'city' => '',
  'province' => '',
  'country' => '',
  'headimgurl' => 'https://thirdwx.qlogo.cn/mmopen/vi_32/Q0j4TwGTfTLc8H28qh31LKGdnpyTh8mLib1RrNjIN9jLU1S86gzmpe3Koe505QmyU1HRIEZVkicfBAWicic295Sia4g/132',
  'privilege' => 
  array (
  ),
  'user_type' => 'wechat',
  'staff_id' => 0,
  'agent_id' => 0,
  'division_id' => 0,
  'login_type' => 'wechat',
  'is_complete' => 1,
)
