[2023-05-26T11:58:01+08:00][error] [8]Trying to get property 'agent_id' of non-object[/www/wwwroot/600.k0513.top/app/services/user/LoginServices.php:128]
[2023-05-26T17:50:25+08:00][error] array (
  'openid' => 'o0ojJ5swR5HfoI_9v-YUwwxJMKHw',
  'nickname' => '@沈沈@',
  'sex' => 0,
  'language' => '',
  'city' => '',
  'province' => '',
  'country' => '',
  'headimgurl' => 'https://thirdwx.qlogo.cn/mmopen/vi_32/sa5QVuNDtJqC0PQGs9LTuYN36hPHtNPsz7ExAT4BWmFCMQMTrmR29fE6MNg8J4RlN53ch0dicFzogS8OfNrnENA/132',
  'privilege' => 
  array (
  ),
  'user_type' => 'wechat',
  'staff_id' => 0,
  'agent_id' => 0,
  'division_id' => 0,
  'login_type' => 'wechat',
  'is_complete' => 1,
)
[2023-05-26T19:03:46+08:00][error] [8]Trying to get property 'agent_id' of non-object[/www/wwwroot/600.k0513.top/app/services/user/LoginServices.php:128]
[2023-05-26T19:04:36+08:00][error] [8]Trying to get property 'agent_id' of non-object[/www/wwwroot/600.k0513.top/app/services/user/LoginServices.php:128]
