[2023-05-28T10:03:18+08:00][error] array (
  'openid' => 'o0ojJ5oHtt-wLk-mjMywRVUylScw',
  'nickname' => '梦醒时分',
  'sex' => 0,
  'language' => '',
  'city' => '',
  'province' => '',
  'country' => '',
  'headimgurl' => 'https://thirdwx.qlogo.cn/mmopen/vi_32/Q0j4TwGTfTLdD0JmZdceK162FGxK98x3mNsIRK8OUEAfJBXg8oM6HDdw5FRznw1ib9O2cjEr21ibtrZdPeFZSNpA/132',
  'privilege' => 
  array (
  ),
  'user_type' => 'wechat',
  'staff_id' => 0,
  'agent_id' => 0,
  'division_id' => 0,
  'login_type' => 'wechat',
  'is_complete' => 1,
)
[2023-05-28T12:56:47+08:00][error] [8]Trying to get property 'agent_id' of non-object[/www/wwwroot/600.k0513.top/app/services/user/LoginServices.php:128]
[2023-05-28T15:21:20+08:00][error] [400]Invalid request XML.[/www/wwwroot/600.k0513.top/vendor/overtrue/wechat/src/Payment/Notify.php:101]
[2023-05-28T21:14:55+08:00][error] [8]Trying to get property 'agent_id' of non-object[/www/wwwroot/600.k0513.top/app/services/user/LoginServices.php:128]
