[2023-05-30T22:29:09+08:00][error] [0]接口请求失败:请填写用户名[/www/wwwroot/600.k0513.top/crmeb/services/AccessTokenServeService.php:127]
[2023-05-30T22:29:33+08:00][error] array (
  'openid' => 'o0ojJ5ldZxU4HG-sH7Kqwpv5hKns',
  'nickname' => '夜',
  'sex' => 0,
  'language' => '',
  'city' => '',
  'province' => '',
  'country' => '',
  'headimgurl' => 'https://thirdwx.qlogo.cn/mmopen/vi_32/Q0j4TwGTfTJuszFaQNCchwvaS0MLkZku1ZA4icTkbTIZZUWt138Pu58ZWuNSkE4FlRploDVR5s6bJjyPJv7Iichw/132',
  'privilege' => 
  array (
  ),
  'user_type' => 'wechat',
  'staff_id' => 0,
  'agent_id' => 0,
  'division_id' => 0,
  'login_type' => 'wechat',
  'is_complete' => 1,
)
[2023-05-30T22:43:55+08:00][error] array (
  'openid' => 'o0ojJ5pfpPewqZHrt6iSxTPu10nU',
  'nickname' => '夜',
  'sex' => 0,
  'language' => '',
  'city' => '',
  'province' => '',
  'country' => '',
  'headimgurl' => 'https://thirdwx.qlogo.cn/mmopen/vi_32/DYAIOgq83eogDag1QsoW1Ukhdzo8hqWoI4SVD2pOlunOByOzM024wKGypiamIfvibBehdAHQJicfjZo3iaSd3l96qw/132',
  'privilege' => 
  array (
  ),
  'user_type' => 'wechat',
  'staff_id' => 0,
  'agent_id' => 0,
  'division_id' => 0,
  'login_type' => 'wechat',
  'is_complete' => 1,
)
