[2023-07-01T00:10:16+08:00][error] array (
  'openid' => 'o0ojJ5ijTqzMloc4zR_JxS0hOSAg',
  'nickname' => 'Lucky',
  'sex' => 0,
  'language' => '',
  'city' => '',
  'province' => '',
  'country' => '',
  'headimgurl' => 'https://thirdwx.qlogo.cn/mmopen/vi_32/Q0j4TwGTfTJMRtMSjKTicYKkc4vHjvMXgkF3aRRP5qURE3hYrfUvSUlfRicyKbNoMw8I3Att7zKsQgAk41rPlzxA/132',
  'privilege' => 
  array (
  ),
  'user_type' => 'wechat',
  'staff_id' => 0,
  'agent_id' => 0,
  'division_id' => 0,
  'login_type' => 'wechat',
  'is_complete' => 1,
)
[2023-07-01T18:18:11+08:00][error] array (
  'openid' => 'o0ojJ5iPAx9I4_E81WqFmLmkDNsc',
  'nickname' => '',
  'sex' => 0,
  'language' => '',
  'city' => '',
  'province' => '',
  'country' => '',
  'headimgurl' => 'https://thirdwx.qlogo.cn/mmopen/vi_32/DYAIOgq83eotA7qNjpXLsfSU9x1hQibU69Ok0h1Eq1WsTVvSmlVOAL8UAAS1AibIY79Pl7icicW79v4SMQED87nibbQ/132',
  'privilege' => 
  array (
  ),
  'user_type' => 'wechat',
  'staff_id' => 0,
  'agent_id' => 0,
  'division_id' => 0,
  'login_type' => 'wechat',
  'is_complete' => 1,
)
[2023-07-01T18:36:13+08:00][error] [8]Trying to get property 'agent_id' of non-object[/www/wwwroot/600.k0513.top/app/services/user/LoginServices.php:128]
