[2023-07-04T16:09:48+08:00][error] array (
  'openid' => 'o0ojJ5oCOnjoub0udcgjUwXQf2-Y',
  'nickname' => 'Y',
  'sex' => 0,
  'language' => '',
  'city' => '',
  'province' => '',
  'country' => '',
  'headimgurl' => 'https://thirdwx.qlogo.cn/mmopen/vi_32/nstoDa6ERy4cKo5zetyZEHzlwlvk0frc5iaovVXRb0YExzaUsMclCxyd4yfib7hxwBjibttZUKLg3H7PfZ7qbqv0Q/132',
  'privilege' => 
  array (
  ),
  'user_type' => 'wechat',
  'staff_id' => 0,
  'agent_id' => 0,
  'division_id' => 0,
  'login_type' => 'wechat',
  'is_complete' => 1,
)
[2023-07-04T22:40:55+08:00][error] [8]Trying to get property 'agent_id' of non-object[/www/wwwroot/600.k0513.top/app/services/user/LoginServices.php:128]
[2023-07-04T22:41:12+08:00][error] [8]Trying to get property 'agent_id' of non-object[/www/wwwroot/600.k0513.top/app/services/user/LoginServices.php:128]
