[2023-07-06T12:34:52+08:00][error] array (
  'openid' => 'o0ojJ5hxG4xDQDJBernJlB9HViKY',
  'nickname' => '琪宝',
  'sex' => 0,
  'language' => '',
  'city' => '',
  'province' => '',
  'country' => '',
  'headimgurl' => 'https://thirdwx.qlogo.cn/mmopen/vi_32/DYAIOgq83eqq1dYrEmTagYCJTp6TKI89sA3rKYEWUibaeYQLY8qn2320G3iamX9MFibRlKKecjcyJRJqkn3AtKOIQ/132',
  'privilege' => 
  array (
  ),
  'user_type' => 'wechat',
  'staff_id' => 0,
  'agent_id' => 0,
  'division_id' => 0,
  'login_type' => 'wechat',
  'is_complete' => 1,
)
[2023-07-06T12:38:43+08:00][error] array (
  'openid' => 'o0ojJ5hCvguTgSMhjdTYpf8wj9yA',
  'nickname' => '琪宝',
  'sex' => 0,
  'language' => '',
  'city' => '',
  'province' => '',
  'country' => '',
  'headimgurl' => 'https://thirdwx.qlogo.cn/mmopen/vi_32/Q0j4TwGTfTJQX60GX5n71Ku8QDY9tic0dCdHXA2Tmsnnd1bGUTBEKUvVz3PQLyCZd0jwPBLWcn1UCA3oNspaHUA/132',
  'privilege' => 
  array (
  ),
  'user_type' => 'wechat',
  'staff_id' => 0,
  'agent_id' => 0,
  'division_id' => 0,
  'login_type' => 'wechat',
  'is_complete' => 1,
)
[2023-07-06T18:50:09+08:00][error] array (
  'openid' => 'o0ojJ5vz44Ea-GXN8OamwufwiT0w',
  'nickname' => '琪宝',
  'sex' => 0,
  'language' => '',
  'city' => '',
  'province' => '',
  'country' => '',
  'headimgurl' => 'https://thirdwx.qlogo.cn/mmopen/vi_32/DYAIOgq83eqF3CgyahWcGDl59JWeUtEibunMoYiar2xafhLSumCOAJHhmnOQHhNr34OdicFxB1RqG3e1X0FpDlgfQ/132',
  'privilege' => 
  array (
  ),
  'user_type' => 'wechat',
  'staff_id' => 0,
  'agent_id' => 0,
  'division_id' => 0,
  'login_type' => 'wechat',
  'is_complete' => 1,
)
[2023-07-06T19:02:12+08:00][error] array (
  'openid' => 'o0ojJ5hWII-Ba7DWd3VqoYQrByGo',
  'nickname' => '琪宝',
  'sex' => 0,
  'language' => '',
  'city' => '',
  'province' => '',
  'country' => '',
  'headimgurl' => 'https://thirdwx.qlogo.cn/mmopen/vi_32/DYAIOgq83erGtWFlVOyWYiabL4lO2qIGB2GeOfxoh70KCNB8rnCKktYLkfCzEUUUehYfpibXU05oMaD534SJ8eiag/132',
  'privilege' => 
  array (
  ),
  'user_type' => 'wechat',
  'staff_id' => 0,
  'agent_id' => 0,
  'division_id' => 0,
  'login_type' => 'wechat',
  'is_complete' => 1,
)
[2023-07-06T20:45:31+08:00][error] array (
  'openid' => 'o0ojJ5nBS4JhsiiMrME_Ew-owkXU',
  'nickname' => '琪宝',
  'sex' => 0,
  'language' => '',
  'city' => '',
  'province' => '',
  'country' => '',
  'headimgurl' => 'https://thirdwx.qlogo.cn/mmopen/vi_32/Q0j4TwGTfTKU9KPia4VHDolv58ZA2OoP6deicZfLqYRbUlVk5sbZeOyic9GRXN8zeCLH7Gmria4FGkVgnicnKIgkqwQ/132',
  'privilege' => 
  array (
  ),
  'user_type' => 'wechat',
  'staff_id' => 0,
  'agent_id' => 0,
  'division_id' => 0,
  'login_type' => 'wechat',
  'is_complete' => 1,
)
[2023-07-06T21:59:02+08:00][error] array (
  'openid' => 'o0ojJ5hzFkUmuGIdFYK3ei7alSvA',
  'nickname' => '日出',
  'sex' => 0,
  'language' => '',
  'city' => '',
  'province' => '',
  'country' => '',
  'headimgurl' => 'https://thirdwx.qlogo.cn/mmopen/vi_32/Q0j4TwGTfTINFI6rF4T82S8icb15hwEAXO7w0aMYm3Gwia08UPgjSdCTsjploEMicxSRqIAjsEZ0iaIoHiaiblichfK0w/132',
  'privilege' => 
  array (
  ),
  'user_type' => 'wechat',
  'staff_id' => 0,
  'agent_id' => 0,
  'division_id' => 0,
  'login_type' => 'wechat',
  'is_complete' => 1,
)
[2023-07-06T22:30:56+08:00][error] [8]Trying to get property 'agent_id' of non-object[/www/wwwroot/600.k0513.top/app/services/user/LoginServices.php:128]
[2023-07-06T22:31:17+08:00][error] [8]Trying to get property 'agent_id' of non-object[/www/wwwroot/600.k0513.top/app/services/user/LoginServices.php:128]
[2023-07-06T22:31:35+08:00][error] [8]Trying to get property 'agent_id' of non-object[/www/wwwroot/600.k0513.top/app/services/user/LoginServices.php:128]
