[2023-07-11T21:40:50+08:00][error] array (
  'openid' => 'o0ojJ5nGcDFFui8fvChZjD6OCOuk',
  'nickname' => '相见恨晚',
  'sex' => 0,
  'language' => '',
  'city' => '',
  'province' => '',
  'country' => '',
  'headimgurl' => 'https://thirdwx.qlogo.cn/mmopen/vi_32/Q0j4TwGTfTJMdnSW0VcYQ13PuQIqAOkoNW0g5p28VN69nvjZiaGqfj6NibsN0ibKa3ibgzkFBJzQUM5Ik33N5oCN5Q/132',
  'privilege' => 
  array (
  ),
  'user_type' => 'wechat',
  'staff_id' => 0,
  'agent_id' => 0,
  'division_id' => 0,
  'login_type' => 'wechat',
  'is_complete' => 1,
)
[2023-07-11T22:46:22+08:00][error] array (
  'openid' => 'o0ojJ5gPx8ALXmunJ6a4MJCI8P7I',
  'nickname' => '红烧肉',
  'sex' => 0,
  'language' => '',
  'city' => '',
  'province' => '',
  'country' => '',
  'headimgurl' => 'https://thirdwx.qlogo.cn/mmopen/vi_32/Q0j4TwGTfTJZ1POf4zWib9bUDMqBoYDpMZHBktWxUTDV2I7elgUGaKZ0LD8Nqzia6VGrFGokfTU6SMsBnQ4A7jyw/132',
  'privilege' => 
  array (
  ),
  'user_type' => 'wechat',
  'staff_id' => 0,
  'agent_id' => 0,
  'division_id' => 0,
  'login_type' => 'wechat',
  'is_complete' => 1,
)
