[2023-07-12T11:32:21+08:00][error] array (
  'openid' => 'o0ojJ5jM492SP1p4ZTdaWuA4KQgE',
  'nickname' => '',
  'sex' => 0,
  'language' => '',
  'city' => '',
  'province' => '',
  'country' => '',
  'headimgurl' => 'https://thirdwx.qlogo.cn/mmopen/vi_32/LUeuiaxdQ6kbQoAWYpvwMVfZtAyYibkXk8RGp3I3X22ibRReSkdjxjhibsq7liarQdjRumV5EsLquB0ztEfj71vzFgA/132',
  'privilege' => 
  array (
  ),
  'user_type' => 'wechat',
  'staff_id' => 0,
  'agent_id' => 0,
  'division_id' => 0,
  'login_type' => 'wechat',
  'is_complete' => 1,
)
[2023-07-12T15:21:51+08:00][error] array (
  'openid' => 'o0ojJ5lQ81GgJGZZTBs_G9c1JV1E',
  'nickname' => '花儿',
  'sex' => 0,
  'language' => '',
  'city' => '',
  'province' => '',
  'country' => '',
  'headimgurl' => 'https://thirdwx.qlogo.cn/mmopen/vi_32/DYAIOgq83eqOMwNDfaiawW790yAGSVlRDyoIamvSgZLusBfEVBeO92icNR1OrqVrELLFAkh8UkEAzAJENwiaj0yxw/132',
  'privilege' => 
  array (
  ),
  'user_type' => 'wechat',
  'staff_id' => 0,
  'agent_id' => 0,
  'division_id' => 0,
  'login_type' => 'wechat',
  'is_complete' => 1,
)
[2023-07-12T15:50:01+08:00][error] [8]Trying to get property 'agent_id' of non-object[/www/wwwroot/600.k0513.top/app/services/user/LoginServices.php:128]
[2023-07-12T20:19:57+08:00][error] array (
  'openid' => 'o0ojJ5j9GmDPZdazDyyI5ak4vWeI',
  'nickname' => '王开心.',
  'sex' => 0,
  'language' => '',
  'city' => '',
  'province' => '',
  'country' => '',
  'headimgurl' => 'https://thirdwx.qlogo.cn/mmopen/vi_32/Q0j4TwGTfTJB25oTflicbJrAyKA480MR1AEtibFUiaRp0jp6ybytv3poVP4L5o66qDPSDmH81LC5P6tuD1gpdJNmg/132',
  'privilege' => 
  array (
  ),
  'user_type' => 'wechat',
  'staff_id' => 0,
  'agent_id' => 0,
  'division_id' => 0,
  'login_type' => 'wechat',
  'is_complete' => 1,
)
[2023-07-12T22:42:52+08:00][error] [8]Trying to get property 'agent_id' of non-object[/www/wwwroot/600.k0513.top/app/services/user/LoginServices.php:128]
[2023-07-12T22:44:00+08:00][error] [8]Trying to get property 'agent_id' of non-object[/www/wwwroot/600.k0513.top/app/services/user/LoginServices.php:128]
[2023-07-12T22:46:15+08:00][error] [8]Trying to get property 'agent_id' of non-object[/www/wwwroot/600.k0513.top/app/services/user/LoginServices.php:128]
[2023-07-12T22:47:49+08:00][error] [8]Trying to get property 'agent_id' of non-object[/www/wwwroot/600.k0513.top/app/services/user/LoginServices.php:128]
[2023-07-12T22:49:43+08:00][error] array (
  'openid' => 'o0ojJ5sW6Qx16Qr9rROYkpRpjBrk',
  'nickname' => '彩虹',
  'sex' => 0,
  'language' => '',
  'city' => '',
  'province' => '',
  'country' => '',
  'headimgurl' => 'https://thirdwx.qlogo.cn/mmopen/vi_32/Q0j4TwGTfTJH3DIrHZmWs7icIEfUuTc3fCb8USpsF29sD6D7wlG6yeiblqbfRUvz94xiamRl9N97diczk7IhgeZ6mg/132',
  'privilege' => 
  array (
  ),
  'user_type' => 'wechat',
  'staff_id' => 0,
  'agent_id' => 0,
  'division_id' => 0,
  'login_type' => 'wechat',
  'is_complete' => 1,
)
[2023-07-12T22:51:23+08:00][error] [8]Trying to get property 'agent_id' of non-object[/www/wwwroot/600.k0513.top/app/services/user/LoginServices.php:128]
