[2023-07-14T13:05:45+08:00][error] array (
  'openid' => 'o0ojJ5jhIozHtClAap-UaDBVVe-M',
  'nickname' => '小王吃不饱.',
  'sex' => 0,
  'language' => '',
  'city' => '',
  'province' => '',
  'country' => '',
  'headimgurl' => 'https://thirdwx.qlogo.cn/mmopen/vi_32/dFbHQI2LPQaD2nHRiaFoW87wQgibK5qP0SvPfUFlM9WJm5soER7UtfDKTEy3R0ErOE3869yg0JyyvT2a7VHxuHyQ/132',
  'privilege' => 
  array (
  ),
  'user_type' => 'wechat',
  'staff_id' => 0,
  'agent_id' => 0,
  'division_id' => 0,
  'login_type' => 'wechat',
  'is_complete' => 1,
)
[2023-07-14T15:02:59+08:00][error] array (
  'openid' => 'o0ojJ5qTool5U2TxCPrqoV92pwSM',
  'nickname' => '迪迦奥特曼',
  'sex' => 0,
  'language' => '',
  'city' => '',
  'province' => '',
  'country' => '',
  'headimgurl' => 'https://thirdwx.qlogo.cn/mmopen/vi_32/Q0j4TwGTfTK8dm5MtiaIKOBznqDqpZCalAKkYaJyHdaZYKzwNA1OyAy997rLk8w09TXunZs4MPAZGg10M5iaDvTg/132',
  'privilege' => 
  array (
  ),
  'user_type' => 'wechat',
  'staff_id' => 0,
  'agent_id' => 0,
  'division_id' => 0,
  'login_type' => 'wechat',
  'is_complete' => 1,
)
