[2023-07-15T12:49:40+08:00][error] [8]Trying to get property 'agent_id' of non-object[/www/wwwroot/600.k0513.top/app/services/user/LoginServices.php:128]
[2023-07-15T12:53:20+08:00][error] array (
  'openid' => 'o0ojJ5pi5KtLLdLN5lV6RAstRDTs',
  'nickname' => '琪宝',
  'sex' => 0,
  'language' => '',
  'city' => '',
  'province' => '',
  'country' => '',
  'headimgurl' => 'https://thirdwx.qlogo.cn/mmopen/vi_32/Q0j4TwGTfTKCRgkdTtUQcqfVEGloWwzU2b0vfKtsIWxthxRWAqr90VDdTIcUcwX7JHL9FXxg2iciaqMwYq777zYw/132',
  'privilege' => 
  array (
  ),
  'user_type' => 'wechat',
  'staff_id' => 0,
  'agent_id' => 0,
  'division_id' => 0,
  'login_type' => 'wechat',
  'is_complete' => 1,
)
[2023-07-15T12:55:14+08:00][error] array (
  'openid' => 'o0ojJ5hJi6qbQl4oe-sqaCqtZY_g',
  'nickname' => 'Smile',
  'sex' => 0,
  'language' => '',
  'city' => '',
  'province' => '',
  'country' => '',
  'headimgurl' => 'https://thirdwx.qlogo.cn/mmopen/vi_32/SY49MC9hpJMB0iaSibX2XTmiblgiaB2cf5FAfuxia0sYpfNMjF8gdib6DDd8w4hAGQRGFXDQ7qtmhwNKHgxTmwdNn23g/132',
  'privilege' => 
  array (
  ),
  'user_type' => 'wechat',
  'staff_id' => 0,
  'agent_id' => 0,
  'division_id' => 0,
  'login_type' => 'wechat',
  'is_complete' => 1,
)
