[2023-07-16T15:48:28+08:00][error] [8]Trying to get property 'agent_id' of non-object[/www/wwwroot/600.k0513.top/app/services/user/LoginServices.php:128]
[2023-07-16T17:17:05+08:00][error] array (
  'openid' => 'o0ojJ5h8X3vk-u0efIuzrxKkIdVw',
  'nickname' => '一颗柠檬',
  'sex' => 0,
  'language' => '',
  'city' => '',
  'province' => '',
  'country' => '',
  'headimgurl' => 'https://thirdwx.qlogo.cn/mmopen/vi_32/DYAIOgq83ervZ1FjDAmGj2aZZ0wCN00N91xcibl8EzFurwCTzOrfWu27icBfcAnTkDyWfP0ib8meVsaiaVD7JZ6o3w/132',
  'privilege' => 
  array (
  ),
  'user_type' => 'wechat',
  'staff_id' => 0,
  'agent_id' => 0,
  'division_id' => 0,
  'login_type' => 'wechat',
  'is_complete' => 1,
)
