[2023-07-17T13:05:32+08:00][error] [8]Trying to get property 'agent_id' of non-object[/www/wwwroot/600.k0513.top/app/services/user/LoginServices.php:128]
[2023-07-17T13:05:59+08:00][error] [8]Trying to get property 'agent_id' of non-object[/www/wwwroot/600.k0513.top/app/services/user/LoginServices.php:128]
[2023-07-17T13:06:36+08:00][error] [8]Trying to get property 'agent_id' of non-object[/www/wwwroot/600.k0513.top/app/services/user/LoginServices.php:128]
[2023-07-17T17:40:20+08:00][error] [8]Trying to get property 'agent_id' of non-object[/www/wwwroot/600.k0513.top/app/services/user/LoginServices.php:128]
[2023-07-17T20:31:13+08:00][error] [8]Trying to get property 'agent_id' of non-object[/www/wwwroot/600.k0513.top/app/services/user/LoginServices.php:128]
[2023-07-17T22:03:16+08:00][error] array (
  'openid' => 'o0ojJ5m_0tLcL1yhRANMalXAxBTc',
  'nickname' => 'Fairy',
  'sex' => 0,
  'language' => '',
  'city' => '',
  'province' => '',
  'country' => '',
  'headimgurl' => 'https://thirdwx.qlogo.cn/mmopen/vi_32/MPT42hibJrfooAYCwicgu8Yq1GQ22g0EbibAtNKhnoTFRX3PibdX62pzav7auqCjEKY8B8o9xzUs7x9m18D4Z9z7RA/132',
  'privilege' => 
  array (
  ),
  'user_type' => 'wechat',
  'staff_id' => 0,
  'agent_id' => 0,
  'division_id' => 0,
  'login_type' => 'wechat',
  'is_complete' => 1,
)
