[2023-03-06T15:04:11+08:00][error] array (
  'openid' => 'oTrkU581U2blDkvv5QxJKcwLYAjo',
  'nickname' => '啊婷',
  'sex' => 0,
  'language' => '',
  'city' => '',
  'province' => '',
  'country' => '',
  'headimgurl' => 'https://thirdwx.qlogo.cn/mmopen/vi_32/Q0j4TwGTfTI3r68hHX63picJPK0eib9psf9ptHr1A6KgmBQydwLSqNbW3y8H5CSanIgZ78nc7efrZ4ZVoxOOrCGw/132',
  'privilege' => 
  array (
  ),
  'user_type' => 'wechat',
  'staff_id' => 0,
  'agent_id' => 0,
  'division_id' => 0,
  'login_type' => 'wechat',
  'is_complete' => 1,
)
[2023-03-06T15:18:35+08:00][error] [8]Trying to get property of non-object[/www/wwwroot/zhao.mtwm.top/app/services/user/LoginServices.php:128]
[2023-03-06T15:18:43+08:00][error] [8]Trying to get property of non-object[/www/wwwroot/zhao.mtwm.top/app/services/user/LoginServices.php:128]
[2023-03-06T15:19:05+08:00][error] [8]Trying to get property of non-object[/www/wwwroot/zhao.mtwm.top/app/services/user/LoginServices.php:128]
[2023-03-06T15:19:19+08:00][error] [8]Trying to get property of non-object[/www/wwwroot/zhao.mtwm.top/app/services/user/LoginServices.php:128]
[2023-03-06T15:26:12+08:00][error] array (
  'openid' => 'oTrkU5yIrGC7gCQGo9qqC4iom3tE',
  'nickname' => '人生不可失',
  'sex' => 0,
  'language' => '',
  'city' => '',
  'province' => '',
  'country' => '',
  'headimgurl' => 'https://thirdwx.qlogo.cn/mmopen/vi_32/s7MrMic5Ad3AmicDJNDhlZZmTH2g47djHO9EGK6YslPh8X3cOWDIDtH78xTO5eeDfQQ8icFjTibtKlsHboBpcPUMVQ/132',
  'privilege' => 
  array (
  ),
  'user_type' => 'wechat',
  'staff_id' => 0,
  'agent_id' => 0,
  'division_id' => 0,
  'login_type' => 'wechat',
  'is_complete' => 1,
)
[2023-03-06T20:31:35+08:00][error] array (
  'openid' => 'oTrkU5x76x_97beZcpwy3r3Q1rQA',
  'nickname' => '',
  'sex' => 0,
  'language' => '',
  'city' => '',
  'province' => '',
  'country' => '',
  'headimgurl' => 'https://thirdwx.qlogo.cn/mmopen/vi_32/Z1kpwzVt7IdibYTXyNqZlM489tnP9oPUCX7pNY66picfS3egVSFZ5x2KzrZ6xQZnpcM5gtJDCU5UrAIsJNVMgyaw/132',
  'privilege' => 
  array (
  ),
  'user_type' => 'wechat',
  'staff_id' => 0,
  'agent_id' => 0,
  'division_id' => 0,
  'login_type' => 'wechat',
  'is_complete' => 1,
)
[2023-03-06T22:35:22+08:00][error] array (
  'openid' => 'oTrkU51thOinn3tt4GbEI_Nce2Fk',
  'nickname' => '雅新Bday',
  'sex' => 0,
  'language' => '',
  'city' => '',
  'province' => '',
  'country' => '',
  'headimgurl' => 'https://thirdwx.qlogo.cn/mmopen/vi_32/eian5Yx7AsnWMibfxDKgFcT6RARGYqAicK0QP6ic38GbQEEbfP1Y9jS2ZPicXf0iaQSpTibQ2tODWo5QusTRKpl3hhOCA/132',
  'privilege' => 
  array (
  ),
  'user_type' => 'wechat',
  'staff_id' => 0,
  'agent_id' => 0,
  'division_id' => 0,
  'login_type' => 'wechat',
  'is_complete' => 1,
)
