[2023-03-08T16:10:18+08:00][error] array (
  'openid' => 'oTrkU594YH43M9fKPin9ql91MGpA',
  'nickname' => '（工作号）',
  'sex' => 0,
  'language' => '',
  'city' => '',
  'province' => '',
  'country' => '',
  'headimgurl' => 'https://thirdwx.qlogo.cn/mmopen/vi_32/Q0j4TwGTfTI8oRzNLzQPQa1pXWzldfdham2sMhPf9lprFwjTeL4Dib71xcdr2NwJs5oicRibpmL7RIhI94j6sc6Lg/132',
  'privilege' => 
  array (
  ),
  'user_type' => 'wechat',
  'staff_id' => 0,
  'agent_id' => 0,
  'division_id' => 0,
  'login_type' => 'wechat',
  'is_complete' => 1,
)
[2023-03-08T16:47:30+08:00][error] array (
  'openid' => 'oTrkU5-vAzS-4I0MLWgbiYgcMaEs',
  'nickname' => '小美',
  'sex' => 0,
  'language' => '',
  'city' => '',
  'province' => '',
  'country' => '',
  'headimgurl' => 'https://thirdwx.qlogo.cn/mmopen/vi_32/ks55asnfF2KM93HicElXcdHVj5ssPEmJbnsTayw9UqRI059iaGPgGAlvcPX6iaHhKicnqlewCRUl7Ta6D81rn8twWA/132',
  'privilege' => 
  array (
  ),
  'user_type' => 'wechat',
  'staff_id' => 0,
  'agent_id' => 0,
  'division_id' => 0,
  'login_type' => 'wechat',
  'is_complete' => 1,
)
[2023-03-08T19:32:51+08:00][error] array (
  'openid' => 'oTrkU51nNe6U72qwly1_OF2Tf0CQ',
  'nickname' => '哈哈好吧',
  'sex' => 0,
  'language' => '',
  'city' => '',
  'province' => '',
  'country' => '',
  'headimgurl' => 'https://thirdwx.qlogo.cn/mmopen/vi_32/VbHJJzVZSPiaEqq7a9kiaMBiaElEYp2HBKGOW16Cibuylu1y5qkg5uH8ico8rNoz1gic6HDpSUqq0201q8icMe4LbYOVQ/132',
  'privilege' => 
  array (
  ),
  'user_type' => 'wechat',
  'staff_id' => 0,
  'agent_id' => 0,
  'division_id' => 0,
  'login_type' => 'wechat',
  'is_complete' => 1,
)
[2023-03-08T22:09:05+08:00][error] array (
  'openid' => 'oTrkU57Vrn4y54-CTxMNhdUT1SM0',
  'nickname' => '喵喵',
  'sex' => 0,
  'language' => '',
  'city' => '',
  'province' => '',
  'country' => '',
  'headimgurl' => 'https://thirdwx.qlogo.cn/mmopen/vi_32/I6eiaZj4C519AfWNkMHl6achMQfTRCRYo5keHgmz54ReaCF2of9JICaYA5h3ye8tRtnDWLref5ZM8JqllF41AGg/132',
  'privilege' => 
  array (
  ),
  'user_type' => 'wechat',
  'staff_id' => 0,
  'agent_id' => 0,
  'division_id' => 0,
  'login_type' => 'wechat',
  'is_complete' => 1,
)
[2023-03-08T22:17:22+08:00][error] [0]接口请求失败:请填写用户名[/www/wwwroot/zhao.mtwm.top/crmeb/services/AccessTokenServeService.php:127]
[2023-03-08T22:17:50+08:00][error] [0]接口请求失败:请填写用户名[/www/wwwroot/zhao.mtwm.top/crmeb/services/AccessTokenServeService.php:127]
