[2023-03-10T23:44:08+08:00][error] array (
  'openid' => 'oTrkU553g0uZNL-fPQXeitOKDzq8',
  'nickname' => '美美哒',
  'sex' => 0,
  'language' => '',
  'city' => '',
  'province' => '',
  'country' => '',
  'headimgurl' => 'https://thirdwx.qlogo.cn/mmopen/vi_32/LXibZVN3MpB06xUEVnibcxQgc4vXJyxUULfo1JoJE5wQZh6EGWBVZ38vxuNwlhuxUVBWjnHiaO9aibObEKBVXeGlsA/132',
  'privilege' => 
  array (
  ),
  'user_type' => 'wechat',
  'staff_id' => 0,
  'agent_id' => 0,
  'division_id' => 0,
  'login_type' => 'wechat',
  'is_complete' => 1,
)
[2023-03-10T23:58:27+08:00][error] array (
  'openid' => 'oTrkU5009LB8cNP5_1N4zTSsI9ag',
  'nickname' => '雅新Bday',
  'sex' => 0,
  'language' => '',
  'city' => '',
  'province' => '',
  'country' => '',
  'headimgurl' => 'https://thirdwx.qlogo.cn/mmopen/vi_32/o6nMqThLaHtMUv7pOejZxPNgYvN8cbeV19xlD28ricjyB73y5Zz4fwZLRdZIpqFJQrds0reibKKZsjDgwAWNTFRg/132',
  'privilege' => 
  array (
  ),
  'user_type' => 'wechat',
  'staff_id' => 0,
  'agent_id' => 0,
  'division_id' => 0,
  'login_type' => 'wechat',
  'is_complete' => 1,
)
