[2023-03-11T05:05:45+08:00][error] array (
  'openid' => 'oTrkU583UNqE3v9DcBJT4gTixfb0',
  'nickname' => '借口',
  'sex' => 0,
  'language' => '',
  'city' => '',
  'province' => '',
  'country' => '',
  'headimgurl' => 'https://thirdwx.qlogo.cn/mmopen/vi_32/hjNW4pibuLYj53C4f4n3L717pkpzLRvlDg4VdU0iaXerqMbyesiaIdf0rXGSKwFb7svZ0l7Apw5b2w9zw0yhiciamag/132',
  'privilege' => 
  array (
  ),
  'user_type' => 'wechat',
  'staff_id' => 0,
  'agent_id' => 0,
  'division_id' => 0,
  'login_type' => 'wechat',
  'is_complete' => 1,
)
[2023-03-11T18:51:41+08:00][error] [8]Trying to get property of non-object[/www/wwwroot/zhao.mtwm.top/app/services/user/LoginServices.php:128]
[2023-03-11T18:51:55+08:00][error] [8]Trying to get property of non-object[/www/wwwroot/zhao.mtwm.top/app/services/user/LoginServices.php:128]
[2023-03-11T18:52:16+08:00][error] [8]Trying to get property of non-object[/www/wwwroot/zhao.mtwm.top/app/services/user/LoginServices.php:128]
[2023-03-11T18:52:45+08:00][error] [8]Trying to get property of non-object[/www/wwwroot/zhao.mtwm.top/app/services/user/LoginServices.php:128]
[2023-03-11T18:53:16+08:00][error] [8]Trying to get property of non-object[/www/wwwroot/zhao.mtwm.top/app/services/user/LoginServices.php:128]
