[2023-03-15T00:04:31+08:00][error] [0]图标(48*48)不能为空！[/www/wwwroot/h5.jklei.club/app/services/system/config/SystemGroupDataServices.php:327]
[2023-03-15T00:04:40+08:00][error] [0]图标(48*48)不能为空！[/www/wwwroot/h5.jklei.club/app/services/system/config/SystemGroupDataServices.php:327]
[2023-03-15T00:04:41+08:00][error] [0]图标(48*48)不能为空！[/www/wwwroot/h5.jklei.club/app/services/system/config/SystemGroupDataServices.php:327]
[2023-03-15T00:04:42+08:00][error] [0]图标(48*48)不能为空！[/www/wwwroot/h5.jklei.club/app/services/system/config/SystemGroupDataServices.php:327]
[2023-03-15T00:06:50+08:00][error] [0]file_get_contents(/www/wwwroot/h5.jklei.club/public/statics/download/project.config.json): failed to open stream: No such file or directory[/www/wwwroot/h5.jklei.club/app/adminapi/controller/v1/application/routine/RoutineTemplate.php:311]
[2023-03-15T00:10:21+08:00][error] [0]移动失败或不能重复移动到同一分类下[/www/wwwroot/h5.jklei.club/app/services/system/attachment/SystemAttachmentServices.php:161]
[2023-03-15T00:38:57+08:00][error] [0]该分类已经存在[/www/wwwroot/h5.jklei.club/app/services/product/product/StoreCategoryServices.php:191]
[2023-03-15T00:41:23+08:00][error] [0]该分类已经存在[/www/wwwroot/h5.jklei.club/app/services/product/product/StoreCategoryServices.php:191]
[2023-03-15T16:25:25+08:00][error] [0]Call to undefined function think\finfo_open()[/www/wwwroot/h5.jklei.club/vendor/topthink/framework/src/think/File.php:84]
[2023-03-15T17:21:44+08:00][error] [0]Call to undefined function think\finfo_open()[/www/wwwroot/h5.jklei.club/vendor/topthink/framework/src/think/File.php:84]
[2023-03-15T17:40:30+08:00][error] array (
  'openid' => 'o_RmP53uCRVwP25RtQplDqd64vaI',
  'nickname' => '八块腹肌',
  'sex' => 0,
  'language' => '',
  'city' => '',
  'province' => '',
  'country' => '',
  'headimgurl' => 'https://thirdwx.qlogo.cn/mmopen/vi_32/VL55juKwBPr7mvBXt7ylXcfTntHr55UlOYVeCRQ9brIHndyXv3sY0OoXUPuaibbKEoYB1WnZH5wAKiand221rP6g/132',
  'privilege' => 
  array (
  ),
  'user_type' => 'wechat',
  'staff_id' => 0,
  'agent_id' => 0,
  'division_id' => 0,
  'login_type' => 'wechat',
  'is_complete' => 1,
)
