[2023-03-17T00:02:26+08:00][error] [0]请先删除子分类![/www/wwwroot/h5.jklei.club/app/services/product/product/StoreCategoryServices.php:227]
[2023-03-17T12:07:46+08:00][error] [0]请填写正确的商品成本价格[/www/wwwroot/h5.jklei.club/app/services/product/product/StoreProductServices.php:698]
[2023-03-17T12:08:11+08:00][error] [0]请填写正确的商品成本价格[/www/wwwroot/h5.jklei.club/app/services/product/product/StoreProductServices.php:698]
[2023-03-17T12:08:44+08:00][error] [10501]SQLSTATE[23000]: Integrity constraint violation: 1048 Column 'ot_price' cannot be null[/www/wwwroot/h5.jklei.club/vendor/topthink/think-orm/src/db/PDOConnection.php:771]
[2023-03-17T13:36:27+08:00][error] array (
  'openid' => 'o_RmP5xrBREb3fcM_T0nVBMTniFM',
  'nickname' => '那个名ᯤ²ᴳ',
  'sex' => 0,
  'language' => '',
  'city' => '',
  'province' => '',
  'country' => '',
  'headimgurl' => 'https://thirdwx.qlogo.cn/mmopen/vi_32/DYAIOgq83er0cz86uYInaTtSB83Mw7VtZ207f21uiackRia6FXfH6XYsUPrQ4bRJ7j1tRScKmqU3cRAbGvlwpGRw/132',
  'privilege' => 
  array (
  ),
  'user_type' => 'wechat',
  'staff_id' => 0,
  'agent_id' => 0,
  'division_id' => 0,
  'login_type' => 'wechat',
  'is_complete' => 1,
)
[2023-03-17T14:08:41+08:00][error] array (
  'openid' => 'o_RmP52yzJo53pCOYSc2KIKbaAzo',
  'nickname' => 'Smile',
  'sex' => 0,
  'language' => '',
  'city' => '',
  'province' => '',
  'country' => '',
  'headimgurl' => 'https://thirdwx.qlogo.cn/mmopen/vi_32/tx8CtJ3W5iby2k10aL0eUxy37LJyfIcdicic2nXAeg2M096ia7wWPWJJpzsCPicA5Svz1J7sl8e5bxCibOVkkN4JCrIw/132',
  'privilege' => 
  array (
  ),
  'user_type' => 'wechat',
  'staff_id' => 0,
  'agent_id' => 0,
  'division_id' => 0,
  'login_type' => 'wechat',
  'is_complete' => 1,
)
[2023-03-17T17:16:20+08:00][error] array (
  'openid' => 'o_RmP5yDOB6KleJPTsYplgL4Fw7U',
  'nickname' => 'july.',
  'sex' => 0,
  'language' => '',
  'city' => '',
  'province' => '',
  'country' => '',
  'headimgurl' => 'https://thirdwx.qlogo.cn/mmopen/vi_32/Q0j4TwGTfTIlVHibLM6luHgm2SxfOjiaRyr5mZDdmYkqGcUmFQgtnpdl4UndgvR8mdQAeuhXedE55TeOpicnBI0ag/132',
  'privilege' => 
  array (
  ),
  'user_type' => 'wechat',
  'staff_id' => 0,
  'agent_id' => 0,
  'division_id' => 0,
  'login_type' => 'wechat',
  'is_complete' => 1,
)
[2023-03-17T17:29:08+08:00][error] array (
  'openid' => 'o_RmP59nGrc1sIun-D64LUWPCsgw',
  'nickname' => '今晚早点睡.',
  'sex' => 0,
  'language' => '',
  'city' => '',
  'province' => '',
  'country' => '',
  'headimgurl' => 'https://thirdwx.qlogo.cn/mmopen/vi_32/Q0j4TwGTfTIH5BfuBMK4PMQv4jib7NwOqu7TFssEuVVnMRxgOL2M8z4gEDfzWSAChJ6TGGdJmUTV8nD0z2oqIew/132',
  'privilege' => 
  array (
  ),
  'user_type' => 'wechat',
  'staff_id' => 0,
  'agent_id' => 0,
  'division_id' => 0,
  'login_type' => 'wechat',
  'is_complete' => 1,
)
[2023-03-17T20:41:11+08:00][error] array (
  'openid' => 'o_RmP54P1ukVnNpktzMcDqcWDaU0',
  'nickname' => 'A',
  'sex' => 0,
  'language' => '',
  'city' => '',
  'province' => '',
  'country' => '',
  'headimgurl' => 'https://thirdwx.qlogo.cn/mmopen/vi_32/PiajxSqBRaEKfuumPEbFxbFzHmWMjgQNZdOaUiarQjpTJkB6oBqljyBgib664t8HwUtDMQKoiaLp6NPv5OMhewgvxQ/132',
  'privilege' => 
  array (
  ),
  'user_type' => 'wechat',
  'staff_id' => 0,
  'agent_id' => 0,
  'division_id' => 0,
  'login_type' => 'wechat',
  'is_complete' => 1,
)
[2023-03-17T22:09:19+08:00][error] array (
  'openid' => 'o_RmP55iY-2oa4pDKwdKWxK3jO5c',
  'nickname' => '半夏',
  'sex' => 0,
  'language' => '',
  'city' => '',
  'province' => '',
  'country' => '',
  'headimgurl' => 'https://thirdwx.qlogo.cn/mmopen/vi_32/Q0j4TwGTfTIibDIDT8fER3vQ2gDazWaXkVn52NBqrAWcwXcNynwVC0bibWMowTVKuFo8IviaqeK3koQgNvoGk1Cdg/132',
  'privilege' => 
  array (
  ),
  'user_type' => 'wechat',
  'staff_id' => 0,
  'agent_id' => 0,
  'division_id' => 0,
  'login_type' => 'wechat',
  'is_complete' => 1,
)
[2023-03-17T22:11:05+08:00][error] array (
  'openid' => 'o_RmP54aebg2SiMv5EmF2HH3ahOc',
  'nickname' => '哈哈',
  'sex' => 0,
  'language' => '',
  'city' => '',
  'province' => '',
  'country' => '',
  'headimgurl' => 'https://thirdwx.qlogo.cn/mmopen/vi_32/iaT4hibXWXDj0Lxlymzs3Al8ibLAgPlU8tMwK9Zezorc36Mibbtzyv1tvCVibNJ7I7NdVMwhicFgQ6f38iaTARQDiaLrew/132',
  'privilege' => 
  array (
  ),
  'user_type' => 'wechat',
  'staff_id' => 0,
  'agent_id' => 0,
  'division_id' => 0,
  'login_type' => 'wechat',
  'is_complete' => 1,
)
[2023-03-17T22:12:38+08:00][error] array (
  'openid' => 'o_RmP514no2K3ZrlpI87UcvNFVbo',
  'nickname' => '梦离旧时光',
  'sex' => 0,
  'language' => '',
  'city' => '',
  'province' => '',
  'country' => '',
  'headimgurl' => 'https://thirdwx.qlogo.cn/mmopen/vi_32/1Ippco36UyE68ibwfILa40ic8z7DibtBh01jo5IKickb5aqL6kK4YfichkiaAfglzVdKfibCAybziaeLs3oEQGtfqmMZfQ/132',
  'privilege' => 
  array (
  ),
  'user_type' => 'wechat',
  'staff_id' => 0,
  'agent_id' => 0,
  'division_id' => 0,
  'login_type' => 'wechat',
  'is_complete' => 1,
)
