[2023-03-19T00:47:31+08:00][error] array (
  'openid' => 'o_RmP51K1BVk2JI38Ra0S7zHdkqY',
  'nickname' => '%',
  'sex' => 0,
  'language' => '',
  'city' => '',
  'province' => '',
  'country' => '',
  'headimgurl' => 'https://thirdwx.qlogo.cn/mmopen/vi_32/nzvBv18EAyicicJt1R4A52TaOV82tmZrAcgnxy60FhZZDRzefKZy8xMSPMApaYVciasSCpaIF2gXG8AKWV15KnpsQ/132',
  'privilege' => 
  array (
  ),
  'user_type' => 'wechat',
  'staff_id' => 0,
  'agent_id' => 0,
  'division_id' => 0,
  'login_type' => 'wechat',
  'is_complete' => 1,
)
[2023-03-19T01:01:34+08:00][error] array (
  'openid' => 'o_RmP567oeIt4ZqRZdZNSfonPVdk',
  'nickname' => '还要〔跳〕',
  'sex' => 0,
  'language' => '',
  'city' => '',
  'province' => '',
  'country' => '',
  'headimgurl' => 'https://thirdwx.qlogo.cn/mmopen/vi_32/ykfjVicXs52aq5vOHblM9jOBNyCxLrCNSia3aaNQVvpEycJB5KR3qG4nmhNhOsj6NBr88tkxwT9yia0a6nbbDr0sw/132',
  'privilege' => 
  array (
  ),
  'user_type' => 'wechat',
  'staff_id' => 0,
  'agent_id' => 0,
  'division_id' => 0,
  'login_type' => 'wechat',
  'is_complete' => 1,
)
[2023-03-19T15:15:45+08:00][error] array (
  'openid' => 'o_RmP5z23S8d6fY5l9IHzwdKCDn0',
  'nickname' => '一颗柠檬',
  'sex' => 0,
  'language' => '',
  'city' => '',
  'province' => '',
  'country' => '',
  'headimgurl' => 'https://thirdwx.qlogo.cn/mmopen/vi_32/DYAIOgq83eqWsdmoWeXpZVPzcQTwEwRfqb2xDiaGqVVCzcrTb0BCsbxicf1iaGlCeazeF3EicFtFrT4COyicqCDH4OA/132',
  'privilege' => 
  array (
  ),
  'user_type' => 'wechat',
  'staff_id' => 0,
  'agent_id' => 0,
  'division_id' => 0,
  'login_type' => 'wechat',
  'is_complete' => 1,
)
[2023-03-19T16:14:00+08:00][error] array (
  'openid' => 'o_RmP51TdJg35i_lCa_95iSsANzI',
  'nickname' => '梦的翅膀受了伤',
  'sex' => 0,
  'language' => '',
  'city' => '',
  'province' => '',
  'country' => '',
  'headimgurl' => 'https://thirdwx.qlogo.cn/mmopen/vi_32/Q0j4TwGTfTIIcibNNGUnDQZuBOR6uBN1voEibLS3JauoHh6ACWH0nOrLJBJhR9PlKAS7ichwluqj91Rva9EFj6ZUg/132',
  'privilege' => 
  array (
  ),
  'user_type' => 'wechat',
  'staff_id' => 0,
  'agent_id' => 0,
  'division_id' => 0,
  'login_type' => 'wechat',
  'is_complete' => 1,
)
[2023-03-19T19:58:46+08:00][error] [8]Trying to get property 'agent_id' of non-object[/www/wwwroot/h5.jklei.club/app/services/user/LoginServices.php:128]
[2023-03-19T19:58:52+08:00][error] [8]Trying to get property 'agent_id' of non-object[/www/wwwroot/h5.jklei.club/app/services/user/LoginServices.php:128]
[2023-03-19T19:59:07+08:00][error] [8]Trying to get property 'agent_id' of non-object[/www/wwwroot/h5.jklei.club/app/services/user/LoginServices.php:128]
[2023-03-19T19:59:36+08:00][error] [8]Trying to get property 'agent_id' of non-object[/www/wwwroot/h5.jklei.club/app/services/user/LoginServices.php:128]
[2023-03-19T20:05:11+08:00][error] [8]Trying to get property 'agent_id' of non-object[/www/wwwroot/h5.jklei.club/app/services/user/LoginServices.php:128]
[2023-03-19T20:05:19+08:00][error] [8]Trying to get property 'agent_id' of non-object[/www/wwwroot/h5.jklei.club/app/services/user/LoginServices.php:128]
[2023-03-19T20:20:29+08:00][error] [8]Trying to get property 'agent_id' of non-object[/www/wwwroot/h5.jklei.club/app/services/user/LoginServices.php:128]
[2023-03-19T20:20:36+08:00][error] [8]Trying to get property 'agent_id' of non-object[/www/wwwroot/h5.jklei.club/app/services/user/LoginServices.php:128]
[2023-03-19T20:20:43+08:00][error] [8]Trying to get property 'agent_id' of non-object[/www/wwwroot/h5.jklei.club/app/services/user/LoginServices.php:128]
[2023-03-19T20:20:52+08:00][error] [8]Trying to get property 'agent_id' of non-object[/www/wwwroot/h5.jklei.club/app/services/user/LoginServices.php:128]
[2023-03-19T20:41:48+08:00][error] [8]Trying to get property 'agent_id' of non-object[/www/wwwroot/h5.jklei.club/app/services/user/LoginServices.php:128]
[2023-03-19T20:41:58+08:00][error] [8]Trying to get property 'agent_id' of non-object[/www/wwwroot/h5.jklei.club/app/services/user/LoginServices.php:128]
[2023-03-19T21:55:10+08:00][error] array (
  'openid' => 'o_RmP51U5kSFd_uL57CR5k6N3Qh8',
  'nickname' => 'ㅤ',
  'sex' => 0,
  'language' => '',
  'city' => '',
  'province' => '',
  'country' => '',
  'headimgurl' => 'https://thirdwx.qlogo.cn/mmopen/vi_32/PiajxSqBRaEKr7BBCCd6LviaNttSazz1KLF9xkezkqLkQIGC39OQwD8B8ibCzJ1FAfjWmMoDH5zjLqq4WA7DUwzxA/132',
  'privilege' => 
  array (
  ),
  'user_type' => 'wechat',
  'staff_id' => 0,
  'agent_id' => 0,
  'division_id' => 0,
  'login_type' => 'wechat',
  'is_complete' => 1,
)
[2023-03-19T21:55:33+08:00][error] array (
  'openid' => 'o_RmP56sP-QntrUtIViHbeeOSrvU',
  'nickname' => '笨蛋美女',
  'sex' => 0,
  'language' => '',
  'city' => '',
  'province' => '',
  'country' => '',
  'headimgurl' => 'https://thirdwx.qlogo.cn/mmopen/vi_32/xq4phUEaffPLuzMCMmHtsGviaWGBfSz7u1SYoEH8d2cW5RqUyYbvAqEgjDgyjZvo3TBibpUw64riakdI0Su2FzH0w/132',
  'privilege' => 
  array (
  ),
  'user_type' => 'wechat',
  'staff_id' => 0,
  'agent_id' => 0,
  'division_id' => 0,
  'login_type' => 'wechat',
  'is_complete' => 1,
)
[2023-03-19T23:15:14+08:00][error] [8]Trying to get property 'agent_id' of non-object[/www/wwwroot/h5.jklei.club/app/services/user/LoginServices.php:128]
[2023-03-19T23:15:31+08:00][error] [8]Trying to get property 'agent_id' of non-object[/www/wwwroot/h5.jklei.club/app/services/user/LoginServices.php:128]
[2023-03-19T23:15:54+08:00][error] [8]Trying to get property 'agent_id' of non-object[/www/wwwroot/h5.jklei.club/app/services/user/LoginServices.php:128]
[2023-03-19T23:16:36+08:00][error] [8]Trying to get property 'agent_id' of non-object[/www/wwwroot/h5.jklei.club/app/services/user/LoginServices.php:128]
