[2023-03-25T01:14:42+08:00][error] array (
  'openid' => 'o_RmP5_MZo45uu9vYPMspDx-ssuk',
  'nickname' => '',
  'sex' => 0,
  'language' => '',
  'city' => '',
  'province' => '',
  'country' => '',
  'headimgurl' => 'https://thirdwx.qlogo.cn/mmopen/vi_32/QyEvfD6W5LHyvI2RxbkjeQzoWV2WpCSfJjJS3YwBTb5lJddrUDl1wjygRqgts86aEABP4NicJwavbJPk3wcWiaVQ/132',
  'privilege' => 
  array (
  ),
  'user_type' => 'wechat',
  'staff_id' => 0,
  'agent_id' => 0,
  'division_id' => 0,
  'login_type' => 'wechat',
  'is_complete' => 1,
)
[2023-03-25T08:20:42+08:00][error] [8]Trying to get property 'agent_id' of non-object[/www/wwwroot/h5.jklei.club/app/services/user/LoginServices.php:128]
[2023-03-25T08:21:29+08:00][error] [8]Trying to get property 'agent_id' of non-object[/www/wwwroot/h5.jklei.club/app/services/user/LoginServices.php:128]
[2023-03-25T08:21:44+08:00][error] [8]Trying to get property 'agent_id' of non-object[/www/wwwroot/h5.jklei.club/app/services/user/LoginServices.php:128]
[2023-03-25T15:00:53+08:00][error] array (
  'openid' => 'o_RmP55aS6KXFY_xx-Bf9Xw6XHqQ',
  'nickname' => '',
  'sex' => 0,
  'language' => '',
  'city' => '',
  'province' => '',
  'country' => '',
  'headimgurl' => 'https://thirdwx.qlogo.cn/mmopen/vi_32/Q0j4TwGTfTKrlwdUYOLicgIaysYoI6MGqOs8lrZG3h5pmugVe16pM7fNsm6D45WseggbbLuAOJib8Dric3g33BvUg/132',
  'privilege' => 
  array (
  ),
  'user_type' => 'wechat',
  'staff_id' => 0,
  'agent_id' => 0,
  'division_id' => 0,
  'login_type' => 'wechat',
  'is_complete' => 1,
)
[2023-03-25T16:22:22+08:00][error] array (
  'openid' => 'o_RmP5_gxGOUbnfocjEYaX9bxMsU',
  'nickname' => '晴天',
  'sex' => 0,
  'language' => '',
  'city' => '',
  'province' => '',
  'country' => '',
  'headimgurl' => 'https://thirdwx.qlogo.cn/mmopen/vi_32/ia68icmQWRUkDLCaRgPLMgjpnEURgmHia016xXm4r5FuPCFAVwPlmjJ6F9EHaCceywhibU0Z0fbIGj81DZrMQxiaL6Q/132',
  'privilege' => 
  array (
  ),
  'user_type' => 'wechat',
  'staff_id' => 0,
  'agent_id' => 0,
  'division_id' => 0,
  'login_type' => 'wechat',
  'is_complete' => 1,
)
[2023-03-25T16:31:03+08:00][error] array (
  'openid' => 'o_RmP55MW8aLpvOLR2QybDmuUMkk',
  'nickname' => '倩楠',
  'sex' => 0,
  'language' => '',
  'city' => '',
  'province' => '',
  'country' => '',
  'headimgurl' => 'https://thirdwx.qlogo.cn/mmopen/vi_32/Q0j4TwGTfTIKWib9I9dibkRZ7FtGoDmjGA2vXwTNXctMyNUDcX8oBpVibrk9ubYfbc1r8lWkxAUSsb1lxzPsXmaibA/132',
  'privilege' => 
  array (
  ),
  'user_type' => 'wechat',
  'staff_id' => 0,
  'agent_id' => 0,
  'division_id' => 0,
  'login_type' => 'wechat',
  'is_complete' => 1,
)
[2023-03-25T19:11:13+08:00][error] [8]Trying to get property 'agent_id' of non-object[/www/wwwroot/h5.jklei.club/app/services/user/LoginServices.php:128]
[2023-03-25T19:11:27+08:00][error] [8]Trying to get property 'agent_id' of non-object[/www/wwwroot/h5.jklei.club/app/services/user/LoginServices.php:128]
[2023-03-25T19:13:59+08:00][error] [8]Trying to get property 'agent_id' of non-object[/www/wwwroot/h5.jklei.club/app/services/user/LoginServices.php:128]
[2023-03-25T23:11:57+08:00][error] [8]Trying to get property 'agent_id' of non-object[/www/wwwroot/h5.jklei.club/app/services/user/LoginServices.php:128]
[2023-03-25T23:33:21+08:00][error] [8]Trying to get property 'agent_id' of non-object[/www/wwwroot/h5.jklei.club/app/services/user/LoginServices.php:128]
