[2023-03-26T15:22:31+08:00][error] [400]Invalid request XML.[/www/wwwroot/h5.jklei.club/vendor/overtrue/wechat/src/Payment/Notify.php:101]
[2023-03-26T15:30:41+08:00][error] [400]Invalid request XML.[/www/wwwroot/h5.jklei.club/vendor/overtrue/wechat/src/Payment/Notify.php:101]
[2023-03-26T15:30:42+08:00][error] [400]Invalid request XML.[/www/wwwroot/h5.jklei.club/vendor/overtrue/wechat/src/Payment/Notify.php:101]
[2023-03-26T15:30:43+08:00][error] [400]Invalid request XML.[/www/wwwroot/h5.jklei.club/vendor/overtrue/wechat/src/Payment/Notify.php:101]
[2023-03-26T15:30:44+08:00][error] [400]Invalid request XML.[/www/wwwroot/h5.jklei.club/vendor/overtrue/wechat/src/Payment/Notify.php:101]
[2023-03-26T15:30:45+08:00][error] [400]Invalid request XML.[/www/wwwroot/h5.jklei.club/vendor/overtrue/wechat/src/Payment/Notify.php:101]
[2023-03-26T15:30:47+08:00][error] [400]Invalid request XML: simplexml_load_string(): Entity: line 5: parser error : Start tag expected, '&lt;' not found[/www/wwwroot/h5.jklei.club/vendor/overtrue/wechat/src/Payment/Notify.php:95]
[2023-03-26T15:30:47+08:00][error] [400]Invalid request payloads.[/www/wwwroot/h5.jklei.club/vendor/overtrue/wechat/src/Payment/Payment.php:108]
[2023-03-26T15:30:47+08:00][error] [400]Invalid request XML: simplexml_load_string(): Entity: line 5: parser error : Start tag expected, '&lt;' not found[/www/wwwroot/h5.jklei.club/vendor/overtrue/wechat/src/Payment/Notify.php:95]
[2023-03-26T15:48:36+08:00][error] array (
  'openid' => 'o_RmP5zf2UWzGjyI0zB9dui_HTC4',
  'nickname' => '丹丹',
  'sex' => 0,
  'language' => '',
  'city' => '',
  'province' => '',
  'country' => '',
  'headimgurl' => 'https://thirdwx.qlogo.cn/mmopen/vi_32/Q0j4TwGTfTJMr8lsoTyDRopIZfUL3K0J6icKgroDiagyFrVPt3ypibiadCYgZCRiaTFgGd76vmHPAnHLtf7xu3r9jmQ/132',
  'privilege' => 
  array (
  ),
  'user_type' => 'wechat',
  'staff_id' => 0,
  'agent_id' => 0,
  'division_id' => 0,
  'login_type' => 'wechat',
  'is_complete' => 1,
)
[2023-03-26T15:56:02+08:00][error] array (
  'openid' => 'o_RmP5wYEu9rJWgJitG-zv0_yyGg',
  'nickname' => '花蝴蝶',
  'sex' => 0,
  'language' => '',
  'city' => '',
  'province' => '',
  'country' => '',
  'headimgurl' => 'https://thirdwx.qlogo.cn/mmopen/vi_32/Q0j4TwGTfTIjHiayrxM5oXORYO1JI1dUmIpI0wjLIg8cIibL6UDoK16TicFH59G67ar0dwYxIHO76GmBso0I1tWbw/132',
  'privilege' => 
  array (
  ),
  'user_type' => 'wechat',
  'staff_id' => 0,
  'agent_id' => 0,
  'division_id' => 0,
  'login_type' => 'wechat',
  'is_complete' => 1,
)
[2023-03-26T21:42:03+08:00][error] array (
  'openid' => 'o_RmP52YLdR89uIEQbHJ1AVUUYCw',
  'nickname' => '女主角美甲',
  'sex' => 0,
  'language' => '',
  'city' => '',
  'province' => '',
  'country' => '',
  'headimgurl' => 'https://thirdwx.qlogo.cn/mmopen/vi_32/KNiaMgUOrRctsAiabhUNrBibcIjVK6RS9Mad7J49YGx4KpTRbzzuoTCYMzCyttsBUHMlJIciaslUNVLjoShcHLhxEg/132',
  'privilege' => 
  array (
  ),
  'user_type' => 'wechat',
  'staff_id' => 0,
  'agent_id' => 0,
  'division_id' => 0,
  'login_type' => 'wechat',
  'is_complete' => 1,
)
[2023-03-26T22:20:05+08:00][error] array (
  'openid' => 'o_RmP5w43IduhDGFZynK3lLHDQAs',
  'nickname' => 'fly',
  'sex' => 0,
  'language' => '',
  'city' => '',
  'province' => '',
  'country' => '',
  'headimgurl' => 'https://thirdwx.qlogo.cn/mmopen/vi_32/DYAIOgq83er8t83BVhnMmVB8xcocWXEEEu9XIeIbbL4RFiarAfHFDIj04N8yVupmlaT6A0nrsaQRmh9fFYLXfOw/132',
  'privilege' => 
  array (
  ),
  'user_type' => 'wechat',
  'staff_id' => 0,
  'agent_id' => 0,
  'division_id' => 0,
  'login_type' => 'wechat',
  'is_complete' => 1,
)
[2023-03-26T22:38:54+08:00][error] array (
  'openid' => 'o_RmP53NWPhiIwKcOJ1YH2whgGrM',
  'nickname' => '我',
  'sex' => 0,
  'language' => '',
  'city' => '',
  'province' => '',
  'country' => '',
  'headimgurl' => 'https://thirdwx.qlogo.cn/mmopen/vi_32/tlUxZyQW16m5zu7jwYPvnFY0gcbyO6KZWhfVN3PNIF7RYQrfCdXXSj8oJuThtjgtZIv1tbm7OVibFiaFxjL9eiaaQ/132',
  'privilege' => 
  array (
  ),
  'user_type' => 'wechat',
  'staff_id' => 0,
  'agent_id' => 0,
  'division_id' => 0,
  'login_type' => 'wechat',
  'is_complete' => 1,
)
