[2023-03-29T15:05:22+08:00][error] [8]Trying to get property 'agent_id' of non-object[/www/wwwroot/h5.jklei.club/app/services/user/LoginServices.php:128]
[2023-03-29T20:38:29+08:00][error] array (
  'openid' => 'o_RmP5-19gua6CCc3rlHJtyAvCSo',
  'nickname' => '小橘子',
  'sex' => 0,
  'language' => '',
  'city' => '',
  'province' => '',
  'country' => '',
  'headimgurl' => 'https://thirdwx.qlogo.cn/mmopen/vi_32/W2O5VwL8wN6XNbdpYuHmq9moTgffo7RibGx3IdceHFuicjfamedCnfH28KSCordfXviadviaJtyibKItUgicnO8sHYFA/132',
  'privilege' => 
  array (
  ),
  'user_type' => 'wechat',
  'staff_id' => 0,
  'agent_id' => 0,
  'division_id' => 0,
  'login_type' => 'wechat',
  'is_complete' => 1,
)
[2023-03-29T22:14:49+08:00][error] array (
  'openid' => 'o_RmP59Rsen7mlC_kMmL_cCgjCLY',
  'nickname' => '幸福每一天',
  'sex' => 0,
  'language' => '',
  'city' => '',
  'province' => '',
  'country' => '',
  'headimgurl' => 'https://thirdwx.qlogo.cn/mmopen/vi_32/E5C7teKxcWoKr5OvE0KwNVB7wuTnJ8A5lzpiaxzkibMvicEecKkicib5s3g6wOE4Lh7d8vKZqbh5ZGZegEH947K5GiaQ/132',
  'privilege' => 
  array (
  ),
  'user_type' => 'wechat',
  'staff_id' => 0,
  'agent_id' => 0,
  'division_id' => 0,
  'login_type' => 'wechat',
  'is_complete' => 1,
)
