[2023-03-30T12:54:13+08:00][error] array (
  'openid' => 'o_RmP50VEeClfuNBiXkVvWdjy3RI',
  'nickname' => '婉餐',
  'sex' => 0,
  'language' => '',
  'city' => '',
  'province' => '',
  'country' => '',
  'headimgurl' => 'https://thirdwx.qlogo.cn/mmopen/vi_32/niafUelFL9uMURoPsCvU03UjsLqfxdwqIQtuJbyEJPV5icdN5WYwwRx8K4iaEkbJy91HPTTiabibmzIs6IGd07Rjia6Q/132',
  'privilege' => 
  array (
  ),
  'user_type' => 'wechat',
  'staff_id' => 0,
  'agent_id' => 0,
  'division_id' => 0,
  'login_type' => 'wechat',
  'is_complete' => 1,
)
[2023-03-30T13:21:05+08:00][error] array (
  'openid' => 'o_RmP5x_9w3RUEfs3m76OrZloVyc',
  'nickname' => '婉餐',
  'sex' => 0,
  'language' => '',
  'city' => '',
  'province' => '',
  'country' => '',
  'headimgurl' => 'https://thirdwx.qlogo.cn/mmopen/vi_32/QticXEaFibicpLyGxehiapWicvIfAZYEm3Q95noFXbniaAHCNiazdTbPoyUFRzwVJdfibSqO8a7Ohz7wa5NnTbTLE6xW7g/132',
  'privilege' => 
  array (
  ),
  'user_type' => 'wechat',
  'staff_id' => 0,
  'agent_id' => 0,
  'division_id' => 0,
  'login_type' => 'wechat',
  'is_complete' => 1,
)
[2023-03-30T13:36:01+08:00][error] [0]接口请求失败:请填写用户名[/www/wwwroot/h5.jklei.club/crmeb/services/AccessTokenServeService.php:127]
[2023-03-30T13:36:03+08:00][error] [0]接口请求失败:请填写用户名[/www/wwwroot/h5.jklei.club/crmeb/services/AccessTokenServeService.php:127]
[2023-03-30T13:36:03+08:00][error] [0]接口请求失败:请填写用户名[/www/wwwroot/h5.jklei.club/crmeb/services/AccessTokenServeService.php:127]
[2023-03-30T13:36:04+08:00][error] [0]接口请求失败:请填写用户名[/www/wwwroot/h5.jklei.club/crmeb/services/AccessTokenServeService.php:127]
[2023-03-30T17:50:29+08:00][error] array (
  'openid' => 'o_RmP521P4vQcuDLiYhg2PUCwzts',
  'nickname' => '小哥哥（接脚本定制）',
  'sex' => 0,
  'language' => '',
  'city' => '',
  'province' => '',
  'country' => '',
  'headimgurl' => 'https://thirdwx.qlogo.cn/mmopen/vi_32/DYAIOgq83erFcsPr2wnz7Y3RU9fESrzWhjllmNsw4l6jJxt7HzPqQkJWGMYicMrbDUNQaLgSMBWcHDn9bwiaNUTQ/132',
  'privilege' => 
  array (
  ),
  'user_type' => 'wechat',
  'staff_id' => 0,
  'agent_id' => 0,
  'division_id' => 0,
  'login_type' => 'wechat',
  'is_complete' => 1,
)
[2023-03-30T22:52:32+08:00][error] array (
  'openid' => 'o_RmP5ybTnF1SamL-it_ANEJXGmc',
  'nickname' => '艳艳',
  'sex' => 0,
  'language' => '',
  'city' => '',
  'province' => '',
  'country' => '',
  'headimgurl' => 'https://thirdwx.qlogo.cn/mmopen/vi_32/XrIic7ZweCkIYo1Ddv8ZAzg2NLawQKsOaEwW8JySHmicVSxWOPvc21AuTCbePTNPMeYiaKaibmsuU4pT7WGANWHJeg/132',
  'privilege' => 
  array (
  ),
  'user_type' => 'wechat',
  'staff_id' => 0,
  'agent_id' => 0,
  'division_id' => 0,
  'login_type' => 'wechat',
  'is_complete' => 1,
)
[2023-03-30T22:54:12+08:00][error] array (
  'openid' => 'o_RmP55pVaGgWUJrmrjaNeidX278',
  'nickname' => '徘徊',
  'sex' => 0,
  'language' => '',
  'city' => '',
  'province' => '',
  'country' => '',
  'headimgurl' => 'https://thirdwx.qlogo.cn/mmopen/vi_32/iaqJE0vcYNFic3Ozd41vuHueicYLycY2PxibOq31jc2ibH5UNMdk3k8GhsIA3kT38MC7uQEUpNYKAny4wvjia3vbC8aQ/132',
  'privilege' => 
  array (
  ),
  'user_type' => 'wechat',
  'staff_id' => 0,
  'agent_id' => 0,
  'division_id' => 0,
  'login_type' => 'wechat',
  'is_complete' => 1,
)
