[2023-03-31T18:47:28+08:00][error] array (
  'openid' => 'o_RmP518YQkCBCqVWTD3jQ1f9inA',
  'nickname' => '青春已过半 凤',
  'sex' => 0,
  'language' => '',
  'city' => '',
  'province' => '',
  'country' => '',
  'headimgurl' => 'https://thirdwx.qlogo.cn/mmopen/vi_32/DYAIOgq83erCtlhxsx1nl2UicmTN5yhaeaeEE95IyI6AogXeYLFx5aB3dkoBx3ofCiaHXGsvxyMPpsrA8ibTgBOiaA/132',
  'privilege' => 
  array (
  ),
  'user_type' => 'wechat',
  'staff_id' => 0,
  'agent_id' => 0,
  'division_id' => 0,
  'login_type' => 'wechat',
  'is_complete' => 1,
)
[2023-03-31T22:25:05+08:00][error] array (
  'openid' => 'o_RmP51UqmqDKh4iLlmuhyEAMWb4',
  'nickname' => '哄哄',
  'sex' => 0,
  'language' => '',
  'city' => '',
  'province' => '',
  'country' => '',
  'headimgurl' => 'https://thirdwx.qlogo.cn/mmopen/vi_32/Q3auHgzwzM6EY7YySZ8xR308eog6lSe6OcA8loOz6RkiaEZ8aaDNYmqwTg9uzuUOmsKrVJ4YYRbRSbHXA0HJk6w/132',
  'privilege' => 
  array (
  ),
  'user_type' => 'wechat',
  'staff_id' => 0,
  'agent_id' => 0,
  'division_id' => 0,
  'login_type' => 'wechat',
  'is_complete' => 1,
)
