[2022-11-17T14:46:12+08:00][error] array (
  'openid' => 'oLwy45iUDsUgcP6CIkdbBC3Se0tU',
  'nickname' => 'COLA',
  'sex' => 0,
  'language' => '',
  'city' => '',
  'province' => '',
  'country' => '',
  'headimgurl' => 'https://thirdwx.qlogo.cn/mmopen/vi_32/qbHdoIVDvKqnBht3eiac02oQwlVgoPn4rXoODcWiaeic8FRFt7m0ibZQ39t2ZZnGc3LzZcfMpdZfgsdIjP1aQXm8jQ/132',
  'privilege' => 
  array (
  ),
  'user_type' => 'wechat',
  'staff_id' => 0,
  'agent_id' => 0,
  'division_id' => 0,
  'login_type' => 'wechat',
  'is_complete' => 1,
)
[2022-11-17T20:25:10+08:00][error] 获取缩略图失败，原因：Illegal image file----/www/wwwroot/www.baidu.com/crmeb/services/upload/storage/Local.php----247----https://zhao.mt.gigigi.cc/uploads/attach/2022/06/20220615/c95e73dc03898dee10d6f61c1eb220b2.gif
