[2022-11-27T11:17:31+08:00][error] array (
  'openid' => 'oLwy45qVMiGNKiUw30EkiJR9tvwk',
  'nickname' => 'Red',
  'sex' => 0,
  'language' => '',
  'city' => '',
  'province' => '',
  'country' => '',
  'headimgurl' => 'https://thirdwx.qlogo.cn/mmopen/vi_32/nMI0yxU1authaQsVFoVTuOPpYsJZELhZravAzr79bp9E66MrDNAxIiaISDYMlWMAticzdd3K5WvmicsKrE10klXfg/132',
  'privilege' => 
  array (
  ),
  'user_type' => 'wechat',
  'staff_id' => 0,
  'agent_id' => 0,
  'division_id' => 0,
  'login_type' => 'wechat',
  'is_complete' => 1,
)
[2022-11-27T16:59:14+08:00][error] array (
  'openid' => 'oLwy45j6qiVVTmY9-PwBqcmv0WhE',
  'nickname' => '山野万里',
  'sex' => 0,
  'language' => '',
  'city' => '',
  'province' => '',
  'country' => '',
  'headimgurl' => 'https://thirdwx.qlogo.cn/mmopen/vi_32/Q0j4TwGTfTKhKicPfmH6FDiayYenEmdiaFX9143iarUgoHD7xD5wJJmzOys5Pr1rkv9qNQdV8Yj9gBbqiapIxj2lEmQ/132',
  'privilege' => 
  array (
  ),
  'user_type' => 'wechat',
  'staff_id' => 0,
  'agent_id' => 0,
  'division_id' => 0,
  'login_type' => 'wechat',
  'is_complete' => 1,
)
[2022-11-27T21:28:07+08:00][error] 获取缩略图失败，原因：Illegal image file----/www/wwwroot/www.baidu.com/crmeb/services/upload/storage/Local.php----247----https://zhao.mt.gigigi.cc/uploads/attach/2022/06/20220615/c95e73dc03898dee10d6f61c1eb220b2.gif
