[2022-11-30T00:21:37+08:00][error] [8]Trying to get property of non-object[/www/wwwroot/www.baidu.com/app/services/user/LoginServices.php:128]
[2022-11-30T00:21:46+08:00][error] [8]Trying to get property of non-object[/www/wwwroot/www.baidu.com/app/services/user/LoginServices.php:128]
[2022-11-30T00:22:07+08:00][error] [8]Trying to get property of non-object[/www/wwwroot/www.baidu.com/app/services/user/LoginServices.php:128]
[2022-11-30T00:24:11+08:00][error] [8]Trying to get property of non-object[/www/wwwroot/www.baidu.com/app/services/user/LoginServices.php:128]
[2022-11-30T00:24:32+08:00][error] [8]Trying to get property of non-object[/www/wwwroot/www.baidu.com/app/services/user/LoginServices.php:128]
[2022-11-30T00:29:40+08:00][error] [8]Trying to get property of non-object[/www/wwwroot/www.baidu.com/app/services/user/LoginServices.php:128]
[2022-11-30T11:23:28+08:00][error] array (
  'openid' => 'oLwy45iXj90Fzp4v8nGBxaPM4oo8',
  'nickname' => '000.',
  'sex' => 0,
  'language' => '',
  'city' => '',
  'province' => '',
  'country' => '',
  'headimgurl' => 'https://thirdwx.qlogo.cn/mmopen/vi_32/Q0j4TwGTfTL8KubiaWnrKPbTvOBB9PvlSXkPwicL5JpVqssnmog3bon6DxaxO97YbwS04exULxEDzrfaAjT1YfYQ/132',
  'privilege' => 
  array (
  ),
  'user_type' => 'wechat',
  'staff_id' => 0,
  'agent_id' => 0,
  'division_id' => 0,
  'login_type' => 'wechat',
  'is_complete' => 1,
)
