[2023-06-06T06:33:06+08:00][error] array (
  'openid' => 'o0ojJ5sO2_c697bchTgnBLAKEcTE',
  'nickname' => '婷婷',
  'sex' => 0,
  'language' => '',
  'city' => '',
  'province' => '',
  'country' => '',
  'headimgurl' => 'https://thirdwx.qlogo.cn/mmopen/vi_32/DYAIOgq83ep80f0T1EvgqY7gwuncLeK2gg91wA0w2nSmqDF631dc6A7NWibgksian1bTSbDdcAf9HkxwAq4bK6JA/132',
  'privilege' => 
  array (
  ),
  'user_type' => 'wechat',
  'staff_id' => 0,
  'agent_id' => 0,
  'division_id' => 0,
  'login_type' => 'wechat',
  'is_complete' => 1,
)
[2023-06-06T10:15:23+08:00][error] array (
  'openid' => 'o0ojJ5n0CLZJBlEmDf2HNJ3FoxnY',
  'nickname' => '默瑾',
  'sex' => 0,
  'language' => '',
  'city' => '',
  'province' => '',
  'country' => '',
  'headimgurl' => 'https://thirdwx.qlogo.cn/mmopen/vi_32/Q0j4TwGTfTLpnUF16Dqyds5W23ibibgbKZibVvHYvIb519kpYV5ht1rDyOia4iakX6XV0DibIX3YLvZibsq08uQfQ1g6w/132',
  'privilege' => 
  array (
  ),
  'user_type' => 'wechat',
  'staff_id' => 0,
  'agent_id' => 0,
  'division_id' => 0,
  'login_type' => 'wechat',
  'is_complete' => 1,
)
[2023-06-06T11:37:19+08:00][error] array (
  'openid' => 'o0ojJ5gwujkEb6Kkasn-7PjJGFaY',
  'nickname' => '青春已过半 凤',
  'sex' => 0,
  'language' => '',
  'city' => '',
  'province' => '',
  'country' => '',
  'headimgurl' => 'https://thirdwx.qlogo.cn/mmopen/vi_32/DYAIOgq83eoiaibiaC3bQhWxYY3xRcddph7WibFID6sPT7WrERicsIiaG1Sdj8lpCO7qMicWIea9UkJe5ibChibQJguAlvg/132',
  'privilege' => 
  array (
  ),
  'user_type' => 'wechat',
  'staff_id' => 0,
  'agent_id' => 0,
  'division_id' => 0,
  'login_type' => 'wechat',
  'is_complete' => 1,
)
[2023-06-06T13:30:25+08:00][error] array (
  'openid' => 'o0ojJ5t0-2sQ8IQuLBz6xaKj_TOo',
  'nickname' => 'Smile',
  'sex' => 0,
  'language' => '',
  'city' => '',
  'province' => '',
  'country' => '',
  'headimgurl' => '',
  'privilege' => 
  array (
  ),
  'user_type' => 'wechat',
  'staff_id' => 0,
  'agent_id' => 0,
  'division_id' => 0,
  'login_type' => 'wechat',
  'is_complete' => 1,
)
[2023-06-06T13:39:56+08:00][error] array (
  'openid' => 'o0ojJ5h2PPQuAns4tT13GNE0gWbc',
  'nickname' => '｀｀轻舞精灵',
  'sex' => 0,
  'language' => '',
  'city' => '',
  'province' => '',
  'country' => '',
  'headimgurl' => 'https://thirdwx.qlogo.cn/mmopen/vi_32/eibgQT4H2ibgCjb9WH7hOXkbbvBz2LBMAurPr4Ucd8aPASuBBzAWwAgmSHmaT19ITDQYAdsfiafYuYlrQyFex83Hw/132',
  'privilege' => 
  array (
  ),
  'user_type' => 'wechat',
  'staff_id' => 0,
  'agent_id' => 0,
  'division_id' => 0,
  'login_type' => 'wechat',
  'is_complete' => 1,
)
[2023-06-06T14:56:01+08:00][error] array (
  'openid' => 'o0ojJ5lAh9NYRHS3QFEmerfLDsfA',
  'nickname' => '网站建设',
  'sex' => 0,
  'language' => '',
  'city' => '',
  'province' => '',
  'country' => '',
  'headimgurl' => 'https://thirdwx.qlogo.cn/mmopen/vi_32/UYyhEKXopU0vFwK8o13FDmrkfXEXctMJeg27pumbhNMLLd6z3LCoR7PickcJfQfjZtzJKkv8mIGvIqia69Xs0m6Q/132',
  'privilege' => 
  array (
  ),
  'user_type' => 'wechat',
  'staff_id' => 0,
  'agent_id' => 0,
  'division_id' => 0,
  'login_type' => 'wechat',
  'is_complete' => 1,
)
[2023-06-06T20:05:16+08:00][error] [8]Trying to get property 'agent_id' of non-object[/www/wwwroot/600.k0513.top/app/services/user/LoginServices.php:128]
[2023-06-06T20:05:30+08:00][error] [8]Trying to get property 'agent_id' of non-object[/www/wwwroot/600.k0513.top/app/services/user/LoginServices.php:128]
[2023-06-06T20:07:59+08:00][error] [8]Trying to get property 'agent_id' of non-object[/www/wwwroot/600.k0513.top/app/services/user/LoginServices.php:128]
[2023-06-06T20:08:07+08:00][error] [8]Trying to get property 'agent_id' of non-object[/www/wwwroot/600.k0513.top/app/services/user/LoginServices.php:128]
[2023-06-06T20:08:10+08:00][error] [8]Trying to get property 'agent_id' of non-object[/www/wwwroot/600.k0513.top/app/services/user/LoginServices.php:128]
[2023-06-06T20:08:44+08:00][error] [8]Trying to get property 'agent_id' of non-object[/www/wwwroot/600.k0513.top/app/services/user/LoginServices.php:128]
[2023-06-06T20:12:02+08:00][error] [8]Trying to get property 'agent_id' of non-object[/www/wwwroot/600.k0513.top/app/services/user/LoginServices.php:128]
[2023-06-06T20:14:49+08:00][error] [8]Trying to get property 'agent_id' of non-object[/www/wwwroot/600.k0513.top/app/services/user/LoginServices.php:128]
[2023-06-06T20:18:34+08:00][error] [8]Trying to get property 'agent_id' of non-object[/www/wwwroot/600.k0513.top/app/services/user/LoginServices.php:128]
[2023-06-06T20:19:50+08:00][error] [8]Trying to get property 'agent_id' of non-object[/www/wwwroot/600.k0513.top/app/services/user/LoginServices.php:128]
[2023-06-06T20:21:11+08:00][error] [8]Trying to get property 'agent_id' of non-object[/www/wwwroot/600.k0513.top/app/services/user/LoginServices.php:128]
[2023-06-06T20:21:44+08:00][error] [8]Trying to get property 'agent_id' of non-object[/www/wwwroot/600.k0513.top/app/services/user/LoginServices.php:128]
[2023-06-06T20:22:33+08:00][error] [8]Trying to get property 'agent_id' of non-object[/www/wwwroot/600.k0513.top/app/services/user/LoginServices.php:128]
[2023-06-06T20:22:39+08:00][error] [8]Trying to get property 'agent_id' of non-object[/www/wwwroot/600.k0513.top/app/services/user/LoginServices.php:128]
