[2023-06-09T08:25:21+08:00][error] array (
  'openid' => 'o0ojJ5j1Adt8pHRnmjE1b2Qv-JhY',
  'nickname' => '软糖',
  'sex' => 0,
  'language' => '',
  'city' => '',
  'province' => '',
  'country' => '',
  'headimgurl' => 'https://thirdwx.qlogo.cn/mmopen/vi_32/Q0j4TwGTfTJ2U1eng4bfOwmRWc4csebkVgJYpaBLzwOFNibTDlrYhWkiakWsu1x6yZhPIUibicXxkSTJakpa4eAjiaA/132',
  'privilege' => 
  array (
  ),
  'user_type' => 'wechat',
  'staff_id' => 0,
  'agent_id' => 0,
  'division_id' => 0,
  'login_type' => 'wechat',
  'is_complete' => 1,
)
[2023-06-09T17:29:09+08:00][error] array (
  'openid' => 'o0ojJ5p8MHxLVXl-WZ2eJ0bo7LUQ',
  'nickname' => '万万',
  'sex' => 0,
  'language' => '',
  'city' => '',
  'province' => '',
  'country' => '',
  'headimgurl' => 'https://thirdwx.qlogo.cn/mmopen/vi_32/UUIiaLFI3nrzMkqK6QznMCDCbqNOYP3ZTX7YictLSDggdNibDwx2SVFdibMvicMLThN9I6syuzjpBwVLpF6jNouSYtw/132',
  'privilege' => 
  array (
  ),
  'user_type' => 'wechat',
  'staff_id' => 0,
  'agent_id' => 0,
  'division_id' => 0,
  'login_type' => 'wechat',
  'is_complete' => 1,
)
