[2023-06-10T14:24:53+08:00][error] array (
  'openid' => 'o0ojJ5jraX264gzw__z6c9r7CO6A',
  'nickname' => 'A仁～小程序APP公众hao网站开发',
  'sex' => 0,
  'language' => '',
  'city' => '',
  'province' => '',
  'country' => '',
  'headimgurl' => 'https://thirdwx.qlogo.cn/mmopen/vi_32/Dh6hib6KsQDtCU2JRHfa71wn7vpEdgL8FNm72ImpgDfBUKq3tkYFWQrpgywokB4tAdyEK1aZLdlvo7GKRV8Jwuw/132',
  'privilege' => 
  array (
  ),
  'user_type' => 'wechat',
  'staff_id' => 0,
  'agent_id' => 0,
  'division_id' => 0,
  'login_type' => 'wechat',
  'is_complete' => 1,
)
[2023-06-10T14:45:04+08:00][error] array (
  'openid' => 'o0ojJ5qfNEp6nKewNdqPb7jKl-WM',
  'nickname' => 'coco',
  'sex' => 0,
  'language' => '',
  'city' => '',
  'province' => '',
  'country' => '',
  'headimgurl' => 'https://thirdwx.qlogo.cn/mmopen/vi_32/Q0j4TwGTfTKSYDGFMqFibv6rHgoLPqKE3CZkV4zkVusNtdGf5Ot7vYu2rNbbUia9n9LMydARiaJoELiaSaTZud1yUA/132',
  'privilege' => 
  array (
  ),
  'user_type' => 'wechat',
  'staff_id' => 0,
  'agent_id' => 0,
  'division_id' => 0,
  'login_type' => 'wechat',
  'is_complete' => 1,
)
[2023-06-10T22:43:48+08:00][error] array (
  'openid' => 'o0ojJ5lmxfrB01vjMvcTiLq2QMoY',
  'nickname' => '多喝水变漂亮',
  'sex' => 0,
  'language' => '',
  'city' => '',
  'province' => '',
  'country' => '',
  'headimgurl' => 'https://thirdwx.qlogo.cn/mmopen/vi_32/pv1E7Wmj8ulRU2agtqIAkSoOMNMbT5jXVCwpiaycsDU7jVibJETEpb6fWbrvDnib4694NHFrmibmaNYcNU6j2hJdzg/132',
  'privilege' => 
  array (
  ),
  'user_type' => 'wechat',
  'staff_id' => 0,
  'agent_id' => 0,
  'division_id' => 0,
  'login_type' => 'wechat',
  'is_complete' => 1,
)
