[2023-06-12T10:41:09+08:00][error] array (
  'openid' => 'o0ojJ5sgAVZXq5vDonMvo732KNug',
  'nickname' => 'YoHe',
  'sex' => 0,
  'language' => '',
  'city' => '',
  'province' => '',
  'country' => '',
  'headimgurl' => 'https://thirdwx.qlogo.cn/mmopen/vi_32/Q0j4TwGTfTJ7hqBj1WIXVOOqNjicGOQ7L8fs2NHA6ic1qaqguVAKU7m1XKgwNoUmJRKEKjv0CkfoZaicQzPHicuTtQ/132',
  'privilege' => 
  array (
  ),
  'user_type' => 'wechat',
  'staff_id' => 0,
  'agent_id' => 0,
  'division_id' => 0,
  'login_type' => 'wechat',
  'is_complete' => 1,
)
[2023-06-12T18:38:45+08:00][error] array (
  'openid' => 'o0ojJ5tBkVnigw1_ppXT8w5X8WDY',
  'nickname' => '阿白',
  'sex' => 0,
  'language' => '',
  'city' => '',
  'province' => '',
  'country' => '',
  'headimgurl' => 'https://thirdwx.qlogo.cn/mmopen/vi_32/Q3auHgzwzM7fEd5vCf5ytjRJTlSwroDenPQBKE6TLcGib9LDuYcJE72hYqDde5hasBzGmtNC2fvn8xOniasOUOkg/132',
  'privilege' => 
  array (
  ),
  'user_type' => 'wechat',
  'staff_id' => 0,
  'agent_id' => 0,
  'division_id' => 0,
  'login_type' => 'wechat',
  'is_complete' => 1,
)
[2023-06-12T19:23:13+08:00][error] array (
  'openid' => 'o0ojJ5iNiCST9SNlE91M7OiiX3Sc',
  'nickname' => '¥',
  'sex' => 0,
  'language' => '',
  'city' => '',
  'province' => '',
  'country' => '',
  'headimgurl' => 'https://thirdwx.qlogo.cn/mmopen/vi_32/bAzzLucX8lbolqO6hOBgIT1ib64m3XtAOI3PEiaPiaqwAv79pGHHfYyjR3NPN0sQanGnVRr3JWIeyGhNU2ucwPZyw/132',
  'privilege' => 
  array (
  ),
  'user_type' => 'wechat',
  'staff_id' => 0,
  'agent_id' => 0,
  'division_id' => 0,
  'login_type' => 'wechat',
  'is_complete' => 1,
)
[2023-06-12T21:49:13+08:00][error] array (
  'openid' => 'o0ojJ5h7MuUQqEtJCqjpcgVmu-vU',
  'nickname' => '24°的恶魔微笑︺',
  'sex' => 0,
  'language' => '',
  'city' => '',
  'province' => '',
  'country' => '',
  'headimgurl' => 'https://thirdwx.qlogo.cn/mmopen/vi_32/Q0j4TwGTfTIOOZZ1y3XBl5aXmZen4QXTlzJQFzoYkEZicGmLfAezEtHdVzxwd4WkiaSn156sKZgYHaDN4klkic3Ow/132',
  'privilege' => 
  array (
  ),
  'user_type' => 'wechat',
  'staff_id' => 0,
  'agent_id' => 0,
  'division_id' => 0,
  'login_type' => 'wechat',
  'is_complete' => 1,
)
[2023-06-12T22:40:40+08:00][error] array (
  'openid' => 'o0ojJ5pnUxxxJSRFf3Svly-OUqxY',
  'nickname' => '混世小魔王',
  'sex' => 0,
  'language' => '',
  'city' => '',
  'province' => '',
  'country' => '',
  'headimgurl' => 'https://thirdwx.qlogo.cn/mmopen/vi_32/Q0j4TwGTfTI2Vg4xCCmJCjSjBcT9E1Ps84iaRRMQpgftVsIWxlCk6sPiaPwia9Ht5VicmOhX15WZQWGpJHUOSXYzEw/132',
  'privilege' => 
  array (
  ),
  'user_type' => 'wechat',
  'staff_id' => 0,
  'agent_id' => 0,
  'division_id' => 0,
  'login_type' => 'wechat',
  'is_complete' => 1,
)
