[2023-06-14T00:01:52+08:00][error] array (
  'openid' => 'o0ojJ5jiLvWTVbXGTv4OUyuPAZgA',
  'nickname' => '糖果',
  'sex' => 0,
  'language' => '',
  'city' => '',
  'province' => '',
  'country' => '',
  'headimgurl' => 'https://thirdwx.qlogo.cn/mmopen/vi_32/Q0j4TwGTfTKpZyrfkibXUuKJ0Sl6QgUtunDKddxAoamHpKZMu3v7HeIjys1nVKRSzgL82Iqg5jF6CFFjBkGdicRA/132',
  'privilege' => 
  array (
  ),
  'user_type' => 'wechat',
  'staff_id' => 0,
  'agent_id' => 0,
  'division_id' => 0,
  'login_type' => 'wechat',
  'is_complete' => 1,
)
[2023-06-14T01:04:13+08:00][error] array (
  'openid' => 'o0ojJ5r2fPKyLJAm70U07tgitb6E',
  'nickname' => '濠',
  'sex' => 0,
  'language' => '',
  'city' => '',
  'province' => '',
  'country' => '',
  'headimgurl' => 'https://thirdwx.qlogo.cn/mmopen/vi_32/LzOsXQguILH1HmnIeKnxjj6E9mib4dFXcMib5WKGIA95szbSpiaYoV2qicxibcicAvN78WlyiaIwtJ78AicniaA8n2gok5Q/132',
  'privilege' => 
  array (
  ),
  'user_type' => 'wechat',
  'staff_id' => 0,
  'agent_id' => 0,
  'division_id' => 0,
  'login_type' => 'wechat',
  'is_complete' => 1,
)
[2023-06-14T21:45:23+08:00][error] array (
  'openid' => 'o0ojJ5iAc4DDNJuud1Ox6nh7Deyw',
  'nickname' => 'ღ᭄ꦿ懂我不言꧔ꦿ⁵²º᭄',
  'sex' => 0,
  'language' => '',
  'city' => '',
  'province' => '',
  'country' => '',
  'headimgurl' => 'https://thirdwx.qlogo.cn/mmopen/vi_32/32mpMfZQzMib1HQkeT5sHvWLB6W9jk3pBWhDm6Kk6mu0SwGQR1ibTZAiarBTPZuYJTeYoMpZfIcpaPZhz6eTZnLXQ/132',
  'privilege' => 
  array (
  ),
  'user_type' => 'wechat',
  'staff_id' => 0,
  'agent_id' => 0,
  'division_id' => 0,
  'login_type' => 'wechat',
  'is_complete' => 1,
)
