[2023-06-17T09:34:52+08:00][error] array (
  'openid' => 'o0ojJ5t_4RGoYnYJ94XqSmdW3xmY',
  'nickname' => 'Agony',
  'sex' => 0,
  'language' => '',
  'city' => '',
  'province' => '',
  'country' => '',
  'headimgurl' => 'https://thirdwx.qlogo.cn/mmopen/vi_32/kZKkbzFdHNvp7eMxGExWyy494AuJN95oNMndLNThmQHUJlfA2CFKVmhtrkmb6ibnVwNqbN2TtrdvXxrUpu8plng/132',
  'privilege' => 
  array (
  ),
  'user_type' => 'wechat',
  'staff_id' => 0,
  'agent_id' => 0,
  'division_id' => 0,
  'login_type' => 'wechat',
  'is_complete' => 1,
)
[2023-06-17T20:12:27+08:00][error] array (
  'openid' => 'o0ojJ5vs2-eCD9uUsLotRSeZXKM8',
  'nickname' => '简单的',
  'sex' => 0,
  'language' => '',
  'city' => '',
  'province' => '',
  'country' => '',
  'headimgurl' => 'https://thirdwx.qlogo.cn/mmopen/vi_32/xvH9h2WN6RObgSeofGD3E63K8HdUVstMhhlPgusxFxY6hOJ6ica7sUZbFXHx6HXg4XoZ0j7d8IUQYqH6FselyJQ/132',
  'privilege' => 
  array (
  ),
  'user_type' => 'wechat',
  'staff_id' => 0,
  'agent_id' => 0,
  'division_id' => 0,
  'login_type' => 'wechat',
  'is_complete' => 1,
)
[2023-06-17T21:53:12+08:00][error] [8]Trying to get property 'agent_id' of non-object[/www/wwwroot/600.k0513.top/app/services/user/LoginServices.php:128]
