[2023-06-18T12:44:19+08:00][error] array (
  'openid' => 'o0ojJ5rgTkCk1U1TIWaSdk_8fmdU',
  'nickname' => '曼曼',
  'sex' => 0,
  'language' => '',
  'city' => '',
  'province' => '',
  'country' => '',
  'headimgurl' => 'https://thirdwx.qlogo.cn/mmopen/vi_32/4gZCh2mTiaEibibnFHxB9EtZgSIZoicrIkB34ETiazK0Pww4U9HOPHx9fXibfTTo0zlL0Hze37CRgsZN7rYtkpFsHK5A/132',
  'privilege' => 
  array (
  ),
  'user_type' => 'wechat',
  'staff_id' => 0,
  'agent_id' => 0,
  'division_id' => 0,
  'login_type' => 'wechat',
  'is_complete' => 1,
)
[2023-06-18T15:13:58+08:00][error] array (
  'openid' => 'o0ojJ5pzcKXPlmOm70d3727pUxEM',
  'nickname' => '天使',
  'sex' => 0,
  'language' => '',
  'city' => '',
  'province' => '',
  'country' => '',
  'headimgurl' => 'https://thirdwx.qlogo.cn/mmopen/vi_32/iaiaf5g6MgtoHGkQCqVPMPnxweYD5LTjrqjr1J48jbBtfQtfTq4U2ryDuE3XASAVveyyf6CGaLToP0iaAEUbtzRgA/132',
  'privilege' => 
  array (
  ),
  'user_type' => 'wechat',
  'staff_id' => 0,
  'agent_id' => 0,
  'division_id' => 0,
  'login_type' => 'wechat',
  'is_complete' => 1,
)
