[2023-06-19T14:55:54+08:00][error] [8]Trying to get property 'agent_id' of non-object[/www/wwwroot/600.k0513.top/app/services/user/LoginServices.php:128]
[2023-06-19T14:56:32+08:00][error] [8]Trying to get property 'agent_id' of non-object[/www/wwwroot/600.k0513.top/app/services/user/LoginServices.php:128]
[2023-06-19T14:57:26+08:00][error] [8]Trying to get property 'agent_id' of non-object[/www/wwwroot/600.k0513.top/app/services/user/LoginServices.php:128]
[2023-06-19T14:58:14+08:00][error] [8]Trying to get property 'agent_id' of non-object[/www/wwwroot/600.k0513.top/app/services/user/LoginServices.php:128]
[2023-06-19T14:59:01+08:00][error] [8]Trying to get property 'agent_id' of non-object[/www/wwwroot/600.k0513.top/app/services/user/LoginServices.php:128]
[2023-06-19T15:03:51+08:00][error] [8]Trying to get property 'agent_id' of non-object[/www/wwwroot/600.k0513.top/app/services/user/LoginServices.php:128]
[2023-06-19T15:04:10+08:00][error] [8]Trying to get property 'agent_id' of non-object[/www/wwwroot/600.k0513.top/app/services/user/LoginServices.php:128]
[2023-06-19T15:04:41+08:00][error] [8]Trying to get property 'agent_id' of non-object[/www/wwwroot/600.k0513.top/app/services/user/LoginServices.php:128]
[2023-06-19T15:04:44+08:00][error] [8]Trying to get property 'agent_id' of non-object[/www/wwwroot/600.k0513.top/app/services/user/LoginServices.php:128]
[2023-06-19T15:04:58+08:00][error] [8]Trying to get property 'agent_id' of non-object[/www/wwwroot/600.k0513.top/app/services/user/LoginServices.php:128]
[2023-06-19T15:06:32+08:00][error] [8]Trying to get property 'agent_id' of non-object[/www/wwwroot/600.k0513.top/app/services/user/LoginServices.php:128]
[2023-06-19T15:06:41+08:00][error] [8]Trying to get property 'agent_id' of non-object[/www/wwwroot/600.k0513.top/app/services/user/LoginServices.php:128]
[2023-06-19T15:07:03+08:00][error] [8]Trying to get property 'agent_id' of non-object[/www/wwwroot/600.k0513.top/app/services/user/LoginServices.php:128]
[2023-06-19T18:28:23+08:00][error] array (
  'openid' => 'o0ojJ5lTU3uz2UB6Sp4FP2d94fEg',
  'nickname' => '甜甜圈',
  'sex' => 0,
  'language' => '',
  'city' => '',
  'province' => '',
  'country' => '',
  'headimgurl' => 'https://thirdwx.qlogo.cn/mmopen/vi_32/Q0j4TwGTfTKS8ErvFxKfnAjaWH9ic2sZl5lb4VzcCkfrZ7MVU4PL00BWAyIlvEr8wgrgzm3Ssh1vIVS79wvOGGg/132',
  'privilege' => 
  array (
  ),
  'user_type' => 'wechat',
  'staff_id' => 0,
  'agent_id' => 0,
  'division_id' => 0,
  'login_type' => 'wechat',
  'is_complete' => 1,
)
[2023-06-19T19:33:21+08:00][error] array (
  'openid' => 'o0ojJ5tkJU8s9M7F6CQux1isWJjY',
  'nickname' => '成躲躲',
  'sex' => 0,
  'language' => '',
  'city' => '',
  'province' => '',
  'country' => '',
  'headimgurl' => 'https://thirdwx.qlogo.cn/mmopen/vi_32/AYVER4O0pe6RVYGiclrM2v8XXeU9D4nQ3dlvDb9sjsYzHkzicAue9gGSIg0CwlemdICkwZhSEX0hloqQaY6aBavw/132',
  'privilege' => 
  array (
  ),
  'user_type' => 'wechat',
  'staff_id' => 0,
  'agent_id' => 0,
  'division_id' => 0,
  'login_type' => 'wechat',
  'is_complete' => 1,
)
[2023-06-19T20:15:30+08:00][error] array (
  'openid' => 'o0ojJ5gOHhE0DW2m0n_QvWuxURrM',
  'nickname' => '人间皆安',
  'sex' => 0,
  'language' => '',
  'city' => '',
  'province' => '',
  'country' => '',
  'headimgurl' => 'https://thirdwx.qlogo.cn/mmopen/vi_32/S1mEBFtKr2Tn6UXqm5XVIHmP8tcS6Y6CdIK0ibLiaOYtH79OxFeQn7aL4qc0zNVqPqExSicB2n9ibtmDsvB1Aia9rIQ/132',
  'privilege' => 
  array (
  ),
  'user_type' => 'wechat',
  'staff_id' => 0,
  'agent_id' => 0,
  'division_id' => 0,
  'login_type' => 'wechat',
  'is_complete' => 1,
)
[2023-06-19T20:38:22+08:00][error] array (
  'openid' => 'o0ojJ5ubnisarAm1-lm-TQKwkcP0',
  'nickname' => '.',
  'sex' => 0,
  'language' => '',
  'city' => '',
  'province' => '',
  'country' => '',
  'headimgurl' => 'https://thirdwx.qlogo.cn/mmopen/vi_32/hfx5WzZpFHywfveTtSrnmYPSYiaYyxicTW1vJHDXYjIbviau9kYbAOLSEKoV9ib50nNU6Qg5OcU3YPj8r4yibyOJvpg/132',
  'privilege' => 
  array (
  ),
  'user_type' => 'wechat',
  'staff_id' => 0,
  'agent_id' => 0,
  'division_id' => 0,
  'login_type' => 'wechat',
  'is_complete' => 1,
)
[2023-06-19T20:44:03+08:00][error] array (
  'openid' => 'o0ojJ5m4uuAcFk_8oKznAi8-ULGY',
  'nickname' => '·',
  'sex' => 0,
  'language' => '',
  'city' => '',
  'province' => '',
  'country' => '',
  'headimgurl' => 'https://thirdwx.qlogo.cn/mmopen/vi_32/KEL9yJ2Zz9qgt5tkgPVcp4OSwtKhSSrG0Y8nKssWz3gOgSDq3sayCrzUmBE4jpg1DwickZ3kzY30y4F0zHh97OA/132',
  'privilege' => 
  array (
  ),
  'user_type' => 'wechat',
  'staff_id' => 0,
  'agent_id' => 0,
  'division_id' => 0,
  'login_type' => 'wechat',
  'is_complete' => 1,
)
[2023-06-19T22:12:49+08:00][error] [8]Trying to get property 'agent_id' of non-object[/www/wwwroot/600.k0513.top/app/services/user/LoginServices.php:128]
