[2023-06-24T09:28:07+08:00][error] array (
  'openid' => 'o0ojJ5gPFzwp5FNfLe3QmSaEEyLk',
  'nickname' => '清欢',
  'sex' => 0,
  'language' => '',
  'city' => '',
  'province' => '',
  'country' => '',
  'headimgurl' => 'https://thirdwx.qlogo.cn/mmopen/vi_32/Jy4JxgVH4QPqib8gx7QqTsxJ605pwnQu1Vbn8Wr1pxsibn57U8RHJ9LstTFm7aFgHyzAibNe6JkoVxFwia1pxfzezA/132',
  'privilege' => 
  array (
  ),
  'user_type' => 'wechat',
  'staff_id' => 0,
  'agent_id' => 0,
  'division_id' => 0,
  'login_type' => 'wechat',
  'is_complete' => 1,
)
[2023-06-24T09:47:16+08:00][error] array (
  'openid' => 'o0ojJ5kzjMevOOKcbKiJOeSUoTrw',
  'nickname' => '芳华',
  'sex' => 0,
  'language' => '',
  'city' => '',
  'province' => '',
  'country' => '',
  'headimgurl' => 'https://thirdwx.qlogo.cn/mmopen/vi_32/Q0j4TwGTfTIV9F17ypndthoTkPTyGFuEPjWZ6E45iaU1Ltu1PsGulaypf5iarKuMRkw2CCl6knKnU7Sl7dibsFqcw/132',
  'privilege' => 
  array (
  ),
  'user_type' => 'wechat',
  'staff_id' => 0,
  'agent_id' => 0,
  'division_id' => 0,
  'login_type' => 'wechat',
  'is_complete' => 1,
)
[2023-06-24T17:04:19+08:00][error] [8]未定义数组下标: 6[/www/wwwroot/600.k0513.top/app/services/user/UserMoneyServices.php:159]
