[2023-06-25T14:53:08+08:00][error] array (
  'openid' => 'o0ojJ5po4l_YF3dH5zUNAS3k7yRY',
  'nickname' => '猴儿王',
  'sex' => 0,
  'language' => '',
  'city' => '',
  'province' => '',
  'country' => '',
  'headimgurl' => 'https://thirdwx.qlogo.cn/mmopen/vi_32/DYAIOgq83eo47pe8Q0Lao0y4ic9s1ibXjRdUliboG0sRcCPbj1diajTSCoLxPPbvB4eoJ6GChBeIBh6icUia4GzCbiceA/132',
  'privilege' => 
  array (
  ),
  'user_type' => 'wechat',
  'staff_id' => 0,
  'agent_id' => 0,
  'division_id' => 0,
  'login_type' => 'wechat',
  'is_complete' => 1,
)
[2023-06-25T15:46:33+08:00][error] [8]Trying to get property 'agent_id' of non-object[/www/wwwroot/600.k0513.top/app/services/user/LoginServices.php:128]
[2023-06-25T20:27:45+08:00][error] array (
  'openid' => 'o0ojJ5kWb4Q23KJArRdWX7ts0qHQ',
  'nickname' => '陶宜家生活广场-王洪',
  'sex' => 0,
  'language' => '',
  'city' => '',
  'province' => '',
  'country' => '',
  'headimgurl' => 'https://thirdwx.qlogo.cn/mmopen/vi_32/DYAIOgq83eoxDCIt1jqTnicia4wga02LiaZia89bCNpQH5OhQJ4FdDWh4uDUX1SWI4ecyPsicW7gexWumwZDE3jvHLQ/132',
  'privilege' => 
  array (
  ),
  'user_type' => 'wechat',
  'staff_id' => 0,
  'agent_id' => 0,
  'division_id' => 0,
  'login_type' => 'wechat',
  'is_complete' => 1,
)
[2023-06-25T22:14:43+08:00][error] array (
  'openid' => 'o0ojJ5tWbbsCWxI64RcurPjOIe2Q',
  'nickname' => '锅包肉',
  'sex' => 0,
  'language' => '',
  'city' => '',
  'province' => '',
  'country' => '',
  'headimgurl' => 'https://thirdwx.qlogo.cn/mmopen/vi_32/Q0j4TwGTfTLt6gnES5BfRabr4o6X3sn9RvmZ8ysiax3BEwe6PRA5NFcF8gf3bMZNDDGoLSwSxKN6VxsicWPfYf6Q/132',
  'privilege' => 
  array (
  ),
  'user_type' => 'wechat',
  'staff_id' => 0,
  'agent_id' => 0,
  'division_id' => 0,
  'login_type' => 'wechat',
  'is_complete' => 1,
)
[2023-06-25T23:12:20+08:00][error] array (
  'openid' => 'o0ojJ5nunaVMNUVKGjZi6NfIWjEo',
  'nickname' => 'smile',
  'sex' => 0,
  'language' => '',
  'city' => '',
  'province' => '',
  'country' => '',
  'headimgurl' => 'https://thirdwx.qlogo.cn/mmopen/vi_32/Q1uqSKZ5ngu0iaibGibESw45BAjnwhvJnbFWuic5WtiaiacE9hicMOtJu66ia4Fs0iadHkwr9vNxPVASV1qlycaSv061cwA/132',
  'privilege' => 
  array (
  ),
  'user_type' => 'wechat',
  'staff_id' => 0,
  'agent_id' => 0,
  'division_id' => 0,
  'login_type' => 'wechat',
  'is_complete' => 1,
)
