[2023-06-26T10:53:42+08:00][error] array (
  'openid' => 'o0ojJ5tpAywEjGtzolPz5eYEckBs',
  'nickname' => '玖玥',
  'sex' => 0,
  'language' => '',
  'city' => '',
  'province' => '',
  'country' => '',
  'headimgurl' => 'https://thirdwx.qlogo.cn/mmopen/vi_32/ApE8ibiauTufDYOhDYicAycU9wnrwRXSHXuztBHwkg4jpia1gIMiajMicB8o1YZl5wwr6oO9nyVgcmEXaMmk7TUmHx1Q/132',
  'privilege' => 
  array (
  ),
  'user_type' => 'wechat',
  'staff_id' => 0,
  'agent_id' => 0,
  'division_id' => 0,
  'login_type' => 'wechat',
  'is_complete' => 1,
)
[2023-06-26T20:15:21+08:00][error] array (
  'openid' => 'o0ojJ5g-kB3ROOrmGByVRGoCQ0sY',
  'nickname' => '梦的翅膀受了伤',
  'sex' => 0,
  'language' => '',
  'city' => '',
  'province' => '',
  'country' => '',
  'headimgurl' => 'https://thirdwx.qlogo.cn/mmopen/vi_32/Q0j4TwGTfTJMdcUe7Dhiaf8Qx80VBg52PibvRxRaicmEqevZIHQmafvWqvehaiafMre0FbCicrJHYTMZvIciay1dfumQ/132',
  'privilege' => 
  array (
  ),
  'user_type' => 'wechat',
  'staff_id' => 0,
  'agent_id' => 0,
  'division_id' => 0,
  'login_type' => 'wechat',
  'is_complete' => 1,
)
[2023-06-26T22:21:56+08:00][error] [8]Trying to get property 'agent_id' of non-object[/www/wwwroot/600.k0513.top/app/services/user/LoginServices.php:128]
[2023-06-26T22:22:24+08:00][error] [8]Trying to get property 'agent_id' of non-object[/www/wwwroot/600.k0513.top/app/services/user/LoginServices.php:128]
