[2023-02-07T19:21:13+08:00][error] [0]账号或密码错误，请重新输入[/www/wwwroot/zhao.mtwm.top/app/services/system/admin/SystemAdminServices.php:70]
[2023-02-07T19:21:32+08:00][error] [0]账号或密码错误，请重新输入[/www/wwwroot/zhao.mtwm.top/app/services/system/admin/SystemAdminServices.php:70]
[2023-02-07T20:23:43+08:00][error] array (
  'openid' => 'oTrkU5113krrup4ZJQxDPxH8q71I',
  'nickname' => '月光微凉冬亦暖°',
  'sex' => 0,
  'language' => '',
  'city' => '',
  'province' => '',
  'country' => '',
  'headimgurl' => 'https://thirdwx.qlogo.cn/mmopen/vi_32/lDpPEwvELPo3HzVdpwM7Cn0EefFiaWXtc5DEMbzuHG3wRfucTBeMzqZeGU2vy4tsbpXcCg8yySiceRmh9pT9nU6A/132',
  'privilege' => 
  array (
  ),
  'user_type' => 'wechat',
  'staff_id' => 0,
  'agent_id' => 0,
  'division_id' => 0,
  'login_type' => 'wechat',
  'is_complete' => 1,
)
[2023-02-07T20:23:47+08:00][error] array (
  'openid' => 'oTrkU5wen7rgD-iNCk6KEJdn7e-k',
  'nickname' => '演员',
  'sex' => 0,
  'language' => '',
  'city' => '',
  'province' => '',
  'country' => '',
  'headimgurl' => 'https://thirdwx.qlogo.cn/mmopen/vi_32/8xEEfKZKCBQFvfictk1lqRYWbv7mS1udiaWicjEEuMYWPWiccjOon8QWoGCoW9Bic2zSdUrpAM1Ma0I3vNAJ6Jb4ic6g/132',
  'privilege' => 
  array (
  ),
  'user_type' => 'wechat',
  'staff_id' => 0,
  'agent_id' => 0,
  'division_id' => 0,
  'login_type' => 'wechat',
  'is_complete' => 1,
)
[2023-02-07T21:09:26+08:00][error] array (
  'openid' => 'oTrkU57PZtuNbTNiIRhV-1sf6VJc',
  'nickname' => '远方',
  'sex' => 0,
  'language' => '',
  'city' => '',
  'province' => '',
  'country' => '',
  'headimgurl' => 'https://thirdwx.qlogo.cn/mmopen/vi_32/Q0j4TwGTfTLJXMDzPf1CGjTjoibjJWQTliaMkPtO9CAvnnLWjaTYmzg4UPPE7VqfYgfQLpVxBiabWMDRdiawqHicJ6g/132',
  'privilege' => 
  array (
  ),
  'user_type' => 'wechat',
  'staff_id' => 0,
  'agent_id' => 0,
  'division_id' => 0,
  'login_type' => 'wechat',
  'is_complete' => 1,
)
[2023-02-07T21:15:02+08:00][error] array (
  'openid' => 'oTrkU56nWh9vt_ufSVfltTpqC3BE',
  'nickname' => '深爱是含笑饮砒霜°',
  'sex' => 0,
  'language' => '',
  'city' => '',
  'province' => '',
  'country' => '',
  'headimgurl' => 'https://thirdwx.qlogo.cn/mmopen/vi_32/hILamROlIibtLaySm8dPtI1LHPoAicJABkkYLSMBJD8lJleWCEa95NlFibibfV7rRNgyOzLUfO5ZgcQ78Un1BIXKyw/132',
  'privilege' => 
  array (
  ),
  'user_type' => 'wechat',
  'staff_id' => 0,
  'agent_id' => 0,
  'division_id' => 0,
  'login_type' => 'wechat',
  'is_complete' => 1,
)
[2023-02-07T22:41:01+08:00][error] array (
  'openid' => 'oTrkU50FazOaPsy9HRAchwZBVa7o',
  'nickname' => '美美哒',
  'sex' => 0,
  'language' => '',
  'city' => '',
  'province' => '',
  'country' => '',
  'headimgurl' => 'https://thirdwx.qlogo.cn/mmopen/vi_32/Q0j4TwGTfTJsdnliaPgbibA8QQEwGiaoqRUaVP624DH81fcquperXQ5LtOJiapicR1KSQ18cp4RJ9LGMSYibUGXhDSOw/132',
  'privilege' => 
  array (
  ),
  'user_type' => 'wechat',
  'staff_id' => 0,
  'agent_id' => 0,
  'division_id' => 0,
  'login_type' => 'wechat',
  'is_complete' => 1,
)
[2023-02-07T23:22:07+08:00][error] [8]Trying to get property of non-object[/www/wwwroot/zhao.mtwm.top/app/services/user/LoginServices.php:128]
[2023-02-07T23:22:12+08:00][error] [8]Trying to get property of non-object[/www/wwwroot/zhao.mtwm.top/app/services/user/LoginServices.php:128]
[2023-02-07T23:22:28+08:00][error] [8]Trying to get property of non-object[/www/wwwroot/zhao.mtwm.top/app/services/user/LoginServices.php:128]
[2023-02-07T23:22:41+08:00][error] [8]Trying to get property of non-object[/www/wwwroot/zhao.mtwm.top/app/services/user/LoginServices.php:128]
[2023-02-07T23:22:59+08:00][error] [8]Trying to get property of non-object[/www/wwwroot/zhao.mtwm.top/app/services/user/LoginServices.php:128]
[2023-02-07T23:23:57+08:00][error] [8]Trying to get property of non-object[/www/wwwroot/zhao.mtwm.top/app/services/user/LoginServices.php:128]
[2023-02-07T23:27:01+08:00][error] [8]Trying to get property of non-object[/www/wwwroot/zhao.mtwm.top/app/services/user/LoginServices.php:128]
[2023-02-07T23:37:35+08:00][error] [8]Trying to get property of non-object[/www/wwwroot/zhao.mtwm.top/app/services/user/LoginServices.php:128]
[2023-02-07T23:41:53+08:00][error] [8]Trying to get property of non-object[/www/wwwroot/zhao.mtwm.top/app/services/user/LoginServices.php:128]
[2023-02-07T23:54:37+08:00][error] array (
  'openid' => 'oTrkU5z9rYD4aXkAymoD6URhX678',
  'nickname' => '走着走着就丢了',
  'sex' => 0,
  'language' => '',
  'city' => '',
  'province' => '',
  'country' => '',
  'headimgurl' => 'https://thirdwx.qlogo.cn/mmopen/vi_32/zaSEkT7sdJCNjF3YI32bicV440RXCpsOvibbFrRnKjupgzK1OXVhmmTjrmGLFLDfQI2MMa7OuVWLa24XyE8H7E5g/132',
  'privilege' => 
  array (
  ),
  'user_type' => 'wechat',
  'staff_id' => 0,
  'agent_id' => 0,
  'division_id' => 0,
  'login_type' => 'wechat',
  'is_complete' => 1,
)
