[2023-02-10T02:57:26+08:00][error] array (
  'openid' => 'oTrkU51OnZsfDhnXZkKMcSHRCMi8',
  'nickname' => '美美哒',
  'sex' => 0,
  'language' => '',
  'city' => '',
  'province' => '',
  'country' => '',
  'headimgurl' => 'https://thirdwx.qlogo.cn/mmopen/vi_32/6FmlwOSTIIrJy72VSmJXHYYERc4u551NdO6LudiaiaAndZnUl7ibGZRX3n1lyMqEA86Ub0RYCiaVbDOlOiajEe3gx4A/132',
  'privilege' => 
  array (
  ),
  'user_type' => 'wechat',
  'staff_id' => 0,
  'agent_id' => 0,
  'division_id' => 0,
  'login_type' => 'wechat',
  'is_complete' => 1,
)
[2023-02-10T13:49:08+08:00][error] array (
  'openid' => 'oTrkU52iea5yJKuj3Xn8ZiARHsXQ',
  'nickname' => '雅新baby',
  'sex' => 0,
  'language' => '',
  'city' => '',
  'province' => '',
  'country' => '',
  'headimgurl' => 'https://thirdwx.qlogo.cn/mmopen/vi_32/Q0j4TwGTfTJITstWcJK8l2h2kcazBE5XLBPrgnc5msJLZNwxs6ldp13M0ic9HeJ4nr8r84nQJr5xf9DL7zdsoaw/132',
  'privilege' => 
  array (
  ),
  'user_type' => 'wechat',
  'staff_id' => 0,
  'agent_id' => 0,
  'division_id' => 0,
  'login_type' => 'wechat',
  'is_complete' => 1,
)
