[2023-02-20T00:06:28+08:00][error] [8]Trying to get property of non-object[/www/wwwroot/zhao.mtwm.top/app/services/user/LoginServices.php:128]
[2023-02-20T02:09:41+08:00][error] [8]Trying to get property of non-object[/www/wwwroot/zhao.mtwm.top/app/services/user/LoginServices.php:128]
[2023-02-20T02:54:14+08:00][error] [8]Trying to get property of non-object[/www/wwwroot/zhao.mtwm.top/app/services/user/LoginServices.php:128]
[2023-02-20T02:55:26+08:00][error] [8]Trying to get property of non-object[/www/wwwroot/zhao.mtwm.top/app/services/user/LoginServices.php:128]
[2023-02-20T02:55:31+08:00][error] [8]Trying to get property of non-object[/www/wwwroot/zhao.mtwm.top/app/services/user/LoginServices.php:128]
[2023-02-20T07:12:16+08:00][error] array (
  'openid' => 'oTrkU52fI3O_vnTb4eQdIeYIu5xg',
  'nickname' => '～',
  'sex' => 0,
  'language' => '',
  'city' => '',
  'province' => '',
  'country' => '',
  'headimgurl' => 'https://thirdwx.qlogo.cn/mmopen/vi_32/DYAIOgq83erCp1mCMTQ1HCZibz2NqpKLkLAribPyChVSYHk4ehfga1b39J3bRPvJiav1MckZMstn2TH34qeiaWgiclw/132',
  'privilege' => 
  array (
  ),
  'user_type' => 'wechat',
  'staff_id' => 0,
  'agent_id' => 0,
  'division_id' => 0,
  'login_type' => 'wechat',
  'is_complete' => 1,
)
[2023-02-20T07:20:26+08:00][error] array (
  'openid' => 'oTrkU5y_uZwCyAO_Ms5ChE5XvnBk',
  'nickname' => '柠檬',
  'sex' => 0,
  'language' => '',
  'city' => '',
  'province' => '',
  'country' => '',
  'headimgurl' => 'https://thirdwx.qlogo.cn/mmopen/vi_32/Q0j4TwGTfTJPem18uLA8O3zwlZsMuGdYToaAhC8AHZrEdF4GhcTbDeRcIVvfM5ic5heBS7ic41luCCibCPgv9ZXicg/132',
  'privilege' => 
  array (
  ),
  'user_type' => 'wechat',
  'staff_id' => 0,
  'agent_id' => 0,
  'division_id' => 0,
  'login_type' => 'wechat',
  'is_complete' => 1,
)
[2023-02-20T15:16:25+08:00][error] array (
  'openid' => 'oTrkU54A2fOw_j4AhAsM4nAyyGN4',
  'nickname' => '美美哒',
  'sex' => 0,
  'language' => '',
  'city' => '',
  'province' => '',
  'country' => '',
  'headimgurl' => 'https://thirdwx.qlogo.cn/mmopen/vi_32/ajNVdqHZLLDnXfodGF6GcySJIyxuJ6W6QlXZhZp9WFTQLPIZfqWX7Bl06Ym3KhpRpbzAADwzvNNaMrgCry7DYw/132',
  'privilege' => 
  array (
  ),
  'user_type' => 'wechat',
  'staff_id' => 0,
  'agent_id' => 0,
  'division_id' => 0,
  'login_type' => 'wechat',
  'is_complete' => 1,
)
[2023-02-20T15:42:24+08:00][error] [8]Trying to get property of non-object[/www/wwwroot/zhao.mtwm.top/app/services/user/LoginServices.php:128]
[2023-02-20T16:28:10+08:00][error] array (
  'openid' => 'oTrkU55-Ol-TkxbHwROuPzptfHYc',
  'nickname' => '美美哒',
  'sex' => 0,
  'language' => '',
  'city' => '',
  'province' => '',
  'country' => '',
  'headimgurl' => 'https://thirdwx.qlogo.cn/mmopen/vi_32/Q0j4TwGTfTJehvcEkqm5P187ySqVSyjfyOhveEHicbfiaG0DqgmS8thyP5iclibfQQuUqGmibfHj2hx0zHNUOoPlkUA/132',
  'privilege' => 
  array (
  ),
  'user_type' => 'wechat',
  'staff_id' => 0,
  'agent_id' => 0,
  'division_id' => 0,
  'login_type' => 'wechat',
  'is_complete' => 1,
)
[2023-02-20T23:26:02+08:00][error] array (
  'openid' => 'oTrkU59NkmW1FmfSJbdp8xci02i8',
  'nickname' => '萌萌哒',
  'sex' => 0,
  'language' => '',
  'city' => '',
  'province' => '',
  'country' => '',
  'headimgurl' => 'https://thirdwx.qlogo.cn/mmopen/vi_32/Q0j4TwGTfTJs9Mu790qZpm8IZBOKgDs3wwIFOETg2bMt2BXxvvCrQfRTcaAx0mod33GIYT1SI0J4McmagibCTuQ/132',
  'privilege' => 
  array (
  ),
  'user_type' => 'wechat',
  'staff_id' => 0,
  'agent_id' => 0,
  'division_id' => 0,
  'login_type' => 'wechat',
  'is_complete' => 1,
)
[2023-02-20T23:49:17+08:00][error] array (
  'openid' => 'oTrkU55uQn1Arw_SMxSXkow3z820',
  'nickname' => '美美哒哒',
  'sex' => 0,
  'language' => '',
  'city' => '',
  'province' => '',
  'country' => '',
  'headimgurl' => 'https://thirdwx.qlogo.cn/mmopen/vi_32/Q0j4TwGTfTIRCYne4MwoMe9fdDRqJFM9wlZwsc1z86b46KfBdBDmVjOSgrjIvc2J9jDvhbV5dNHkXKuITdRM6A/132',
  'privilege' => 
  array (
  ),
  'user_type' => 'wechat',
  'staff_id' => 0,
  'agent_id' => 0,
  'division_id' => 0,
  'login_type' => 'wechat',
  'is_complete' => 1,
)
