[2023-02-21T14:59:26+08:00][error] array (
  'openid' => 'oTrkU5-ogkTbVEzCXIGbaoc9DhmM',
  'nickname' => '&&',
  'sex' => 0,
  'language' => '',
  'city' => '',
  'province' => '',
  'country' => '',
  'headimgurl' => 'https://thirdwx.qlogo.cn/mmopen/vi_32/C0IEKicqJibzsUSUGYNnQu5y6MoC1uM78gZWeG9bvJ76e2vDHo4lylQaOiawQjtugFHKB5XDygAcQnMeIQANvD2nw/132',
  'privilege' => 
  array (
  ),
  'user_type' => 'wechat',
  'staff_id' => 0,
  'agent_id' => 0,
  'division_id' => 0,
  'login_type' => 'wechat',
  'is_complete' => 1,
)
[2023-02-21T22:26:58+08:00][error] array (
  'openid' => 'oTrkU50KC4xZP05Pb1QXn0uUrhTU',
  'nickname' => '柠檬茶',
  'sex' => 0,
  'language' => '',
  'city' => '',
  'province' => '',
  'country' => '',
  'headimgurl' => 'https://thirdwx.qlogo.cn/mmopen/vi_32/ylTibAIjsadHBsibiby8euP1gOvgicdcTlXLRo0gEpRXEGwRgic50pprnffxrr9jKcrLYf11hOXKMAVvbUOJPPoKia9w/132',
  'privilege' => 
  array (
  ),
  'user_type' => 'wechat',
  'staff_id' => 0,
  'agent_id' => 0,
  'division_id' => 0,
  'login_type' => 'wechat',
  'is_complete' => 1,
)
[2023-02-21T22:40:04+08:00][error] array (
  'openid' => 'oTrkU5yZhgCrd3s-b-U-aE-l5B7w',
  'nickname' => '小美',
  'sex' => 0,
  'language' => '',
  'city' => '',
  'province' => '',
  'country' => '',
  'headimgurl' => 'https://thirdwx.qlogo.cn/mmopen/vi_32/jv4H7MhH48LHPqprR2Irprrt8OtDbS7eUtjj17zib8IpwQvokWiaicia9Z2iacqfHSgUNfhK3YT7zsN88ia5zic94PezQ/132',
  'privilege' => 
  array (
  ),
  'user_type' => 'wechat',
  'staff_id' => 0,
  'agent_id' => 0,
  'division_id' => 0,
  'login_type' => 'wechat',
  'is_complete' => 1,
)
[2023-02-21T23:03:55+08:00][error] [8]Trying to get property of non-object[/www/wwwroot/zhao.mtwm.top/app/services/user/LoginServices.php:128]
[2023-02-21T23:04:32+08:00][error] [8]Trying to get property of non-object[/www/wwwroot/zhao.mtwm.top/app/services/user/LoginServices.php:128]
[2023-02-21T23:04:44+08:00][error] [8]Trying to get property of non-object[/www/wwwroot/zhao.mtwm.top/app/services/user/LoginServices.php:128]
