[2023-02-22T22:46:59+08:00][error] array (
  'openid' => 'oTrkU50tq-DwUl0sxt9ksAjfQ_Rk',
  'nickname' => '逆の夏',
  'sex' => 0,
  'language' => '',
  'city' => '',
  'province' => '',
  'country' => '',
  'headimgurl' => 'https://thirdwx.qlogo.cn/mmopen/vi_32/gIS9w7ECia2qRTKY2BwLAH5v2ic1VxzFPBHgjCcY8Py3Dcqp1gGu9iaOzPWPL6ia8b9ybadiaViahd0GHn93KCxuFscw/132',
  'privilege' => 
  array (
  ),
  'user_type' => 'wechat',
  'staff_id' => 0,
  'agent_id' => 0,
  'division_id' => 0,
  'login_type' => 'wechat',
  'is_complete' => 1,
)
[2023-02-22T22:48:35+08:00][error] [8]Trying to get property of non-object[/www/wwwroot/zhao.mtwm.top/app/services/user/LoginServices.php:128]
[2023-02-22T22:48:45+08:00][error] [8]Trying to get property of non-object[/www/wwwroot/zhao.mtwm.top/app/services/user/LoginServices.php:128]
[2023-02-22T22:49:34+08:00][error] [8]Trying to get property of non-object[/www/wwwroot/zhao.mtwm.top/app/services/user/LoginServices.php:128]
[2023-02-22T22:49:51+08:00][error] [8]Trying to get property of non-object[/www/wwwroot/zhao.mtwm.top/app/services/user/LoginServices.php:128]
[2023-02-22T23:47:33+08:00][error] array (
  'openid' => 'oTrkU54KgRT7DzbqFkZK7e6EEjhg',
  'nickname' => '美美',
  'sex' => 0,
  'language' => '',
  'city' => '',
  'province' => '',
  'country' => '',
  'headimgurl' => 'https://thirdwx.qlogo.cn/mmopen/vi_32/Q0j4TwGTfTKDmW3drYa2QArp3yBlQhYln6lyqGAXDtFBRDvicP4VcsEan5OmIdLY0icCHicXmIqtao6ibKanISyxrQ/132',
  'privilege' => 
  array (
  ),
  'user_type' => 'wechat',
  'staff_id' => 0,
  'agent_id' => 0,
  'division_id' => 0,
  'login_type' => 'wechat',
  'is_complete' => 1,
)
