[2023-02-23T01:37:25+08:00][error] [8]Trying to get property of non-object[/www/wwwroot/zhao.mtwm.top/app/services/user/LoginServices.php:128]
[2023-02-23T01:37:40+08:00][error] [8]Trying to get property of non-object[/www/wwwroot/zhao.mtwm.top/app/services/user/LoginServices.php:128]
[2023-02-23T01:38:05+08:00][error] [8]Trying to get property of non-object[/www/wwwroot/zhao.mtwm.top/app/services/user/LoginServices.php:128]
[2023-02-23T17:01:40+08:00][error] [8]Trying to get property of non-object[/www/wwwroot/zhao.mtwm.top/app/services/user/LoginServices.php:128]
[2023-02-23T17:01:51+08:00][error] [8]Trying to get property of non-object[/www/wwwroot/zhao.mtwm.top/app/services/user/LoginServices.php:128]
[2023-02-23T18:10:18+08:00][error] [8]Trying to get property of non-object[/www/wwwroot/zhao.mtwm.top/app/services/user/LoginServices.php:128]
[2023-02-23T18:10:49+08:00][error] [8]Trying to get property of non-object[/www/wwwroot/zhao.mtwm.top/app/services/user/LoginServices.php:128]
[2023-02-23T19:55:59+08:00][error] array (
  'openid' => 'oTrkU57BRTGj4E-mQgS3m0BCgzYY',
  'nickname' => '啦啦啦',
  'sex' => 0,
  'language' => '',
  'city' => '',
  'province' => '',
  'country' => '',
  'headimgurl' => 'https://thirdwx.qlogo.cn/mmopen/vi_32/Q0j4TwGTfTIIVDX62cLW1ynESKM1FQoBLvcCAXlUSy1BCz5nd23bsNvicThVrWe3e3iaedHow1oBicnGdRwzN27icw/132',
  'privilege' => 
  array (
  ),
  'user_type' => 'wechat',
  'staff_id' => 0,
  'agent_id' => 0,
  'division_id' => 0,
  'login_type' => 'wechat',
  'is_complete' => 1,
)
