[2023-02-24T15:35:15+08:00][error] array (
  'openid' => 'oTrkU51JlD4A_Ju0-hxO8-Q8y1po',
  'nickname' => '美美',
  'sex' => 0,
  'language' => '',
  'city' => '',
  'province' => '',
  'country' => '',
  'headimgurl' => 'https://thirdwx.qlogo.cn/mmopen/vi_32/qkJGD8TVtkT1EvJp2DtHJcjR3j641hFia76LvDia4TBLN4DnaLbRxWXfoy5Je1Uyp9HJH4abfa9O0icZdkcNrbe4A/132',
  'privilege' => 
  array (
  ),
  'user_type' => 'wechat',
  'staff_id' => 0,
  'agent_id' => 0,
  'division_id' => 0,
  'login_type' => 'wechat',
  'is_complete' => 1,
)
[2023-02-24T19:27:19+08:00][error] array (
  'openid' => 'oTrkU509zpf155gY9PFIuvI5pK5A',
  'nickname' => '美好的未来',
  'sex' => 0,
  'language' => '',
  'city' => '',
  'province' => '',
  'country' => '',
  'headimgurl' => 'https://thirdwx.qlogo.cn/mmopen/vi_32/Q0j4TwGTfTL3MRRibez29ngzTWmVFyamTLZpzVvXdIpy62jakK3YWEA5eP5v6WHWCwO9KiaKuu17NEsaicI1wmwQw/132',
  'privilege' => 
  array (
  ),
  'user_type' => 'wechat',
  'staff_id' => 0,
  'agent_id' => 0,
  'division_id' => 0,
  'login_type' => 'wechat',
  'is_complete' => 1,
)
[2023-02-24T21:09:04+08:00][error] array (
  'openid' => 'oTrkU59qvPoLgb8FAk4zJvupG0jo',
  'nickname' => '美美哒',
  'sex' => 0,
  'language' => '',
  'city' => '',
  'province' => '',
  'country' => '',
  'headimgurl' => 'https://thirdwx.qlogo.cn/mmopen/vi_32/Q0j4TwGTfTJ6yGRibz4FJ0hJojH9JicbibjrvMqSO0iaoHFl1wkPCzvemudfHr1VTqiciaPIf4RmFkPicbicaLbCkmMhrg/132',
  'privilege' => 
  array (
  ),
  'user_type' => 'wechat',
  'staff_id' => 0,
  'agent_id' => 0,
  'division_id' => 0,
  'login_type' => 'wechat',
  'is_complete' => 1,
)
[2023-02-24T22:54:59+08:00][error] array (
  'openid' => 'oTrkU59-Y4Wlr2LEbk4dI_FddJ6w',
  'nickname' => '莹莹',
  'sex' => 0,
  'language' => '',
  'city' => '',
  'province' => '',
  'country' => '',
  'headimgurl' => 'https://thirdwx.qlogo.cn/mmopen/vi_32/Q0j4TwGTfTKgAHHazREarX8YeIdb7t6jhpxAJfhaHN9rc2jOIdpey3wWMS1aJamwib6bRTrugz3OfdujLYa0uww/132',
  'privilege' => 
  array (
  ),
  'user_type' => 'wechat',
  'staff_id' => 0,
  'agent_id' => 0,
  'division_id' => 0,
  'login_type' => 'wechat',
  'is_complete' => 1,
)
