[2023-02-27T14:38:15+08:00][error] array (
  'openid' => 'oTrkU52sfkdfjIxSTbNpLqpBL34w',
  'nickname' => 'lucky 7',
  'sex' => 0,
  'language' => '',
  'city' => '',
  'province' => '',
  'country' => '',
  'headimgurl' => 'https://thirdwx.qlogo.cn/mmopen/vi_32/vNX7MFgUvVLJ8J5gglXcHRvPGDibickeYPibKjiado8Wy3hqDSUeXwhRttQ6dGhBMAhEgX8ma3jpQbXN9cYSGFXqCg/132',
  'privilege' => 
  array (
  ),
  'user_type' => 'wechat',
  'staff_id' => 0,
  'agent_id' => 0,
  'division_id' => 0,
  'login_type' => 'wechat',
  'is_complete' => 1,
)
[2023-02-27T14:57:09+08:00][error] array (
  'openid' => 'oTrkU51GHA26Gp6VMfZf2H3Ay2r8',
  'nickname' => '张先生',
  'sex' => 0,
  'language' => '',
  'city' => '',
  'province' => '',
  'country' => '',
  'headimgurl' => 'https://thirdwx.qlogo.cn/mmopen/vi_32/Q0j4TwGTfTI4s0mCZCGKknHV7WBgEOzqjgsEIx0da7upcuRNY8Orr0lzG3BJSBpWodzW3kL9WZkE6jKH44mFYw/132',
  'privilege' => 
  array (
  ),
  'user_type' => 'wechat',
  'staff_id' => 0,
  'agent_id' => 0,
  'division_id' => 0,
  'login_type' => 'wechat',
  'is_complete' => 1,
)
[2023-02-27T16:10:07+08:00][error] [0]该分类已经存在[/www/wwwroot/zhao.mtwm.top/app/services/product/product/StoreCategoryServices.php:191]
[2023-02-27T23:50:51+08:00][error] array (
  'openid' => 'oTrkU5xcdHBTGlUJqH-4LIZvaApo',
  'nickname' => '静香(小号)',
  'sex' => 0,
  'language' => '',
  'city' => '',
  'province' => '',
  'country' => '',
  'headimgurl' => 'https://thirdwx.qlogo.cn/mmopen/vi_32/EjMVAocAC3keq7BVFXYh7nZ17Ywc1cQp3J2PCemoJjmV0piaT6A0G5zITv1uSd79n1ev6kuS5HVs1miaicz08gQ1w/132',
  'privilege' => 
  array (
  ),
  'user_type' => 'wechat',
  'staff_id' => 0,
  'agent_id' => 0,
  'division_id' => 0,
  'login_type' => 'wechat',
  'is_complete' => 1,
)
