[2023-02-28T00:07:59+08:00][error] array (
  'openid' => 'oTrkU5wVmFEjjBZ9k0xn1KqiRBpI',
  'nickname' => 'Ａ009',
  'sex' => 0,
  'language' => '',
  'city' => '',
  'province' => '',
  'country' => '',
  'headimgurl' => 'https://thirdwx.qlogo.cn/mmopen/vi_32/DYAIOgq83epF0rK2OFibnX8pGKicrYNEzt10XdtkcA6J7mBExfmwfJJKA2eicSncNtV9v2uSnPxdicDh3fRjSHd2Nw/132',
  'privilege' => 
  array (
  ),
  'user_type' => 'wechat',
  'staff_id' => 0,
  'agent_id' => 0,
  'division_id' => 0,
  'login_type' => 'wechat',
  'is_complete' => 1,
)
[2023-02-28T00:34:11+08:00][error] array (
  'openid' => 'oTrkU5zyuOstWUlmt4FgjvuTXUSA',
  'nickname' => '小兰',
  'sex' => 0,
  'language' => '',
  'city' => '',
  'province' => '',
  'country' => '',
  'headimgurl' => 'https://thirdwx.qlogo.cn/mmopen/vi_32/Q0j4TwGTfTLHhk0nbpg6JScNyOD38XTgGMyKfMKkHf1HHqz9hIsuqYz17BCya8lze7LLExSt0mDa5nZiaQF9wjw/132',
  'privilege' => 
  array (
  ),
  'user_type' => 'wechat',
  'staff_id' => 0,
  'agent_id' => 0,
  'division_id' => 0,
  'login_type' => 'wechat',
  'is_complete' => 1,
)
[2023-02-28T23:23:47+08:00][error] array (
  'openid' => 'oTrkU54aj6ajawnMzrMWf32BcVlg',
  'nickname' => '美美哒',
  'sex' => 0,
  'language' => '',
  'city' => '',
  'province' => '',
  'country' => '',
  'headimgurl' => 'https://thirdwx.qlogo.cn/mmopen/vi_32/wkPZLaUb5TTlm6lVS80T4Z8kAAfCpMFQdaDl2HHTLCYXtFSNjZNlzKee5RMTFp0tOqygBUvkw8GPZxwZlSMCibw/132',
  'privilege' => 
  array (
  ),
  'user_type' => 'wechat',
  'staff_id' => 0,
  'agent_id' => 0,
  'division_id' => 0,
  'login_type' => 'wechat',
  'is_complete' => 1,
)
[2023-02-28T23:29:39+08:00][error] [0]接口请求失败:请填写用户名[/www/wwwroot/zhao.mtwm.top/crmeb/services/AccessTokenServeService.php:127]
[2023-02-28T23:54:25+08:00][error] array (
  'openid' => 'oTrkU5wy17PLfT3UBS-DQJl-cGUY',
  'nickname' => '兰兰',
  'sex' => 0,
  'language' => '',
  'city' => '',
  'province' => '',
  'country' => '',
  'headimgurl' => 'https://thirdwx.qlogo.cn/mmopen/vi_32/Q0j4TwGTfTJZla1Uvlz3j3S3lHw7om9UW0AyFqqwiceNBs18FiczyG48FnSZxV86JxuLJ9ViaflF5UbIrh9sIrK8A/132',
  'privilege' => 
  array (
  ),
  'user_type' => 'wechat',
  'staff_id' => 0,
  'agent_id' => 0,
  'division_id' => 0,
  'login_type' => 'wechat',
  'is_complete' => 1,
)
