[2022-12-01T01:06:52+08:00][error] array (
  'openid' => 'oLwy45tRjrftuu18FGYeF2drbyIc',
  'nickname' => '爱吃烤肉',
  'sex' => 0,
  'language' => '',
  'city' => '',
  'province' => '',
  'country' => '',
  'headimgurl' => 'https://thirdwx.qlogo.cn/mmopen/vi_32/Q0j4TwGTfTKjr1LYwfwicNzh0R5cPxHgmKBLhiaJq8bJDJMrWOCqlFnlAibhWcILjic3Und44yutdByEFM3dB5j7tA/132',
  'privilege' => 
  array (
  ),
  'user_type' => 'wechat',
  'staff_id' => 0,
  'agent_id' => 0,
  'division_id' => 0,
  'login_type' => 'wechat',
  'is_complete' => 1,
)
[2022-12-01T01:09:56+08:00][error] 获取缩略图失败，原因：Illegal image file----/www/wwwroot/www.baidu.com/crmeb/services/upload/storage/Local.php----247----https://zhao.mt.gigigi.cc/uploads/attach/2022/06/20220615/c95e73dc03898dee10d6f61c1eb220b2.gif
[2022-12-01T19:31:39+08:00][error] array (
  'openid' => 'oLwy45rMPCwsuUD8ld_J1ooRgehY',
  'nickname' => 'z.',
  'sex' => 0,
  'language' => '',
  'city' => '',
  'province' => '',
  'country' => '',
  'headimgurl' => 'https://thirdwx.qlogo.cn/mmopen/vi_32/Q0j4TwGTfTLEMMeibvxicc3JiaoacQJX54iaHAmb9JrMo0ibm2sgyicL0ybEUSuYwMryUaiaajhXRtjqntdI25Ml8CunQ/132',
  'privilege' => 
  array (
  ),
  'user_type' => 'wechat',
  'staff_id' => 0,
  'agent_id' => 0,
  'division_id' => 0,
  'login_type' => 'wechat',
  'is_complete' => 1,
)
[2022-12-01T19:32:15+08:00][error] array (
  'openid' => 'oLwy45kz6B9B9_2uieDw8vVe-za0',
  'nickname' => 'Restart',
  'sex' => 0,
  'language' => '',
  'city' => '',
  'province' => '',
  'country' => '',
  'headimgurl' => 'https://thirdwx.qlogo.cn/mmopen/vi_32/FlYgRicLG4lksTaN7GibWhC5yXI0grO2RDV4Tf3qticjasLfibXYavekrumljqiaXtFqfMlPYhdrrR4QCV2bYRvjibKQ/132',
  'privilege' => 
  array (
  ),
  'user_type' => 'wechat',
  'staff_id' => 0,
  'agent_id' => 0,
  'division_id' => 0,
  'login_type' => 'wechat',
  'is_complete' => 1,
)
[2022-12-01T21:37:00+08:00][error] 获取缩略图失败，原因：Illegal image file----/www/wwwroot/www.baidu.com/crmeb/services/upload/storage/Local.php----247----https://zhao.mt.gigigi.cc/uploads/attach/2022/06/20220615/c95e73dc03898dee10d6f61c1eb220b2.gif
