[2022-12-02T22:00:13+08:00][error] array (
  'openid' => 'oLwy45rJM_9Mv17vIoJrXcg3rM5M',
  'nickname' => '初恋、',
  'sex' => 0,
  'language' => '',
  'city' => '',
  'province' => '',
  'country' => '',
  'headimgurl' => 'https://thirdwx.qlogo.cn/mmopen/vi_32/DYAIOgq83epW7ZwXic81p0R9czf1gZZC2elSjXOQk5aibsdVJ8kMIjq4yo1jQf3auxSt9AaZ6PyMT75vFib8nBQww/132',
  'privilege' => 
  array (
  ),
  'user_type' => 'wechat',
  'staff_id' => 0,
  'agent_id' => 0,
  'division_id' => 0,
  'login_type' => 'wechat',
  'is_complete' => 1,
)
[2022-12-02T22:00:24+08:00][error] [0]接口请求失败:请填写用户名[/www/wwwroot/www.baidu.com/crmeb/services/AccessTokenServeService.php:127]
[2022-12-02T22:00:28+08:00][error] [0]接口请求失败:请填写用户名[/www/wwwroot/www.baidu.com/crmeb/services/AccessTokenServeService.php:127]
[2022-12-02T22:00:33+08:00][error] [0]接口请求失败:请填写用户名[/www/wwwroot/www.baidu.com/crmeb/services/AccessTokenServeService.php:127]
