[2022-12-03T02:04:39+08:00][error] 获取缩略图失败，原因：Illegal image file----/www/wwwroot/www.baidu.com/crmeb/services/upload/storage/Local.php----247----https://zhao.mt.gigigi.cc/uploads/attach/2022/06/20220615/c95e73dc03898dee10d6f61c1eb220b2.gif
[2022-12-03T12:32:32+08:00][error] array (
  'openid' => 'oLwy45hYkJlzllu63zVS5n8AzYFs',
  'nickname' => '.',
  'sex' => 0,
  'language' => '',
  'city' => '',
  'province' => '',
  'country' => '',
  'headimgurl' => 'https://thirdwx.qlogo.cn/mmopen/vi_32/wxEib4Xmb1D0Yoth1DF3lKFFuznrm4hdnhHsk5h1lVo1rKz2ibAibVSfHcOic0CmxC2NdFEtxoBdA2hlvaiaP2jrsJQ/132',
  'privilege' => 
  array (
  ),
  'user_type' => 'wechat',
  'staff_id' => 0,
  'agent_id' => 0,
  'division_id' => 0,
  'login_type' => 'wechat',
  'is_complete' => 1,
)
[2022-12-03T12:39:45+08:00][error] 获取缩略图失败，原因：Illegal image file----/www/wwwroot/www.baidu.com/crmeb/services/upload/storage/Local.php----247----https://zhao.mt.gigigi.cc/uploads/attach/2022/06/20220615/c95e73dc03898dee10d6f61c1eb220b2.gif
[2022-12-03T12:40:04+08:00][error] array (
  'openid' => 'oLwy45nqEhtjuDMjNxSYVaRqw3N0',
  'nickname' => '夙愿',
  'sex' => 0,
  'language' => '',
  'city' => '',
  'province' => '',
  'country' => '',
  'headimgurl' => 'https://thirdwx.qlogo.cn/mmopen/vi_32/ibT02G6SOEbLVXyL9LvjWCErQO1oePSKEMTqEVbQeqEJsicTaic8vLk6oN8C6UTPRrmPA8U9ptkq3yCYiaXlghqHsQ/132',
  'privilege' => 
  array (
  ),
  'user_type' => 'wechat',
  'staff_id' => 0,
  'agent_id' => 0,
  'division_id' => 0,
  'login_type' => 'wechat',
  'is_complete' => 1,
)
[2022-12-03T12:50:10+08:00][error] array (
  'openid' => 'oLwy45n0Y2WKrdKFg7pE9RN4C-Ys',
  'nickname' => '晓莫',
  'sex' => 0,
  'language' => '',
  'city' => '',
  'province' => '',
  'country' => '',
  'headimgurl' => 'https://thirdwx.qlogo.cn/mmopen/vi_32/8p9dyJCvCMcQw9TlxBhNOz6zZ5M7OBJaGiaiaCkzicDVPpFkic6F3KNDNpFFpJvpWficLLTOhRl03pQ5zd6yIMCDia0w/132',
  'privilege' => 
  array (
  ),
  'user_type' => 'wechat',
  'staff_id' => 0,
  'agent_id' => 0,
  'division_id' => 0,
  'login_type' => 'wechat',
  'is_complete' => 1,
)
[2022-12-03T13:14:21+08:00][error] 获取缩略图失败，原因：Illegal image file----/www/wwwroot/www.baidu.com/crmeb/services/upload/storage/Local.php----247----https://zhao.mt.gigigi.cc/uploads/attach/2022/06/20220615/c95e73dc03898dee10d6f61c1eb220b2.gif
[2022-12-03T17:36:29+08:00][error] array (
  'openid' => 'oLwy45lwPzAJROomsFp_-Tm92wsQ',
  'nickname' => '宇晨',
  'sex' => 0,
  'language' => '',
  'city' => '',
  'province' => '',
  'country' => '',
  'headimgurl' => 'https://thirdwx.qlogo.cn/mmopen/vi_32/nkCxxaicBVibhxcZ4srXlnK7UzlddRxklyvicjdFmmmvGhTJwQZULDlw8piaiaGqJibahcNyPUI53N35MEdLLCwzHrXA/132',
  'privilege' => 
  array (
  ),
  'user_type' => 'wechat',
  'staff_id' => 0,
  'agent_id' => 0,
  'division_id' => 0,
  'login_type' => 'wechat',
  'is_complete' => 1,
)
[2022-12-03T17:36:41+08:00][error] [0]接口请求失败:请填写用户名[/www/wwwroot/www.baidu.com/crmeb/services/AccessTokenServeService.php:127]
[2022-12-03T17:36:43+08:00][error] [0]接口请求失败:请填写用户名[/www/wwwroot/www.baidu.com/crmeb/services/AccessTokenServeService.php:127]
[2022-12-03T17:36:44+08:00][error] [0]接口请求失败:请填写用户名[/www/wwwroot/www.baidu.com/crmeb/services/AccessTokenServeService.php:127]
[2022-12-03T17:36:44+08:00][error] [0]接口请求失败:请填写用户名[/www/wwwroot/www.baidu.com/crmeb/services/AccessTokenServeService.php:127]
[2022-12-03T17:36:47+08:00][error] [0]接口请求失败:请填写用户名[/www/wwwroot/www.baidu.com/crmeb/services/AccessTokenServeService.php:127]
[2022-12-03T17:36:50+08:00][error] [0]接口请求失败:请填写用户名[/www/wwwroot/www.baidu.com/crmeb/services/AccessTokenServeService.php:127]
[2022-12-03T17:38:37+08:00][error] [0]接口请求失败:请填写用户名[/www/wwwroot/www.baidu.com/crmeb/services/AccessTokenServeService.php:127]
[2022-12-03T21:19:01+08:00][error] array (
  'openid' => 'oLwy45ilaX_OoNdaaCa0XtX4Y83Y',
  'nickname' => 'Dan先森',
  'sex' => 0,
  'language' => '',
  'city' => '',
  'province' => '',
  'country' => '',
  'headimgurl' => 'https://thirdwx.qlogo.cn/mmopen/vi_32/Q0j4TwGTfTJv2q2cqWphibhBGxKS0qdc0WFngMib0mO7iaaLmkAq944KGUHpVTxugkMgeGrFRCIibWXb81wB6gSnOA/132',
  'privilege' => 
  array (
  ),
  'user_type' => 'wechat',
  'staff_id' => 0,
  'agent_id' => 0,
  'division_id' => 0,
  'login_type' => 'wechat',
  'is_complete' => 1,
)
[2022-12-03T21:46:06+08:00][error] 获取缩略图失败，原因：Illegal image file----/www/wwwroot/www.baidu.com/crmeb/services/upload/storage/Local.php----247----https://zhao.mt.gigigi.cc/uploads/attach/2022/06/20220615/c95e73dc03898dee10d6f61c1eb220b2.gif
