[2022-12-12T00:46:35+08:00][error] array (
  'openid' => 'oLwy45g4KnL7GDqXXw8cbd-9TupY',
  'nickname' => '柠檬茶',
  'sex' => 0,
  'language' => '',
  'city' => '',
  'province' => '',
  'country' => '',
  'headimgurl' => 'https://thirdwx.qlogo.cn/mmopen/vi_32/Wa5CZMUKVFaSdCWFaiadVAWXZibzOpX44aIMFnGtich9qUw7AfrlJdTe86U47JYyz1QIAC3R4pQU9xVwVwjQdQQ5g/132',
  'privilege' => 
  array (
  ),
  'user_type' => 'wechat',
  'staff_id' => 0,
  'agent_id' => 0,
  'division_id' => 0,
  'login_type' => 'wechat',
  'is_complete' => 1,
)
[2022-12-12T14:44:11+08:00][error] [0]该分类已经存在[/www/wwwroot/www.baidu.com/app/services/product/product/StoreCategoryServices.php:191]
[2022-12-12T19:06:08+08:00][error] array (
  'openid' => 'oLwy45v0D9SAvTjI_8ybaiNponX4',
  'nickname' => '美美哒',
  'sex' => 0,
  'language' => '',
  'city' => '',
  'province' => '',
  'country' => '',
  'headimgurl' => 'https://thirdwx.qlogo.cn/mmopen/vi_32/Q0j4TwGTfTJAxCwFLPAvxG2WFLAia4xFXbaBg5CTibBTD6QRGqo6ygAlq4EqHPvs5ibM6tCss4wYgf7et6Ddgew8A/132',
  'privilege' => 
  array (
  ),
  'user_type' => 'wechat',
  'staff_id' => 0,
  'agent_id' => 0,
  'division_id' => 0,
  'login_type' => 'wechat',
  'is_complete' => 1,
)
