[2022-12-23T21:13:01+08:00][error] array (
  'openid' => 'oLwy45ss1uPX9J5ZCCbNWFsMy-fw',
  'nickname' => '雅',
  'sex' => 0,
  'language' => '',
  'city' => '',
  'province' => '',
  'country' => '',
  'headimgurl' => 'https://thirdwx.qlogo.cn/mmopen/vi_32/Q0j4TwGTfTLCrPE9ViaAibhfia9WUx2u6Jm5gSBXIYAKTechh1iadw2icorSQeQYufroWHllkjWibAdX3UCkickzSJaag/132',
  'privilege' => 
  array (
  ),
  'user_type' => 'wechat',
  'staff_id' => 0,
  'agent_id' => 0,
  'division_id' => 0,
  'login_type' => 'wechat',
  'is_complete' => 1,
)
[2022-12-23T21:16:31+08:00][error] 获取缩略图失败，原因：Illegal image file----/www/wwwroot/www.baidu.com/crmeb/services/upload/storage/Local.php----247----https://zhao.mt.gigigi.cc/uploads/attach/2022/06/20220615/c95e73dc03898dee10d6f61c1eb220b2.gif
