[2022-12-27T19:35:08+08:00][error] array (
  'openid' => 'oLwy45gWefrCyIt5BsQzw000zJbY',
  'nickname' => '雅新baby',
  'sex' => 0,
  'language' => '',
  'city' => '',
  'province' => '',
  'country' => '',
  'headimgurl' => 'https://thirdwx.qlogo.cn/mmopen/vi_32/Q0j4TwGTfTLJ8erRsEXTtNWBxCmc1pXfgjcTBIXdfxJGDopd52by7xB4feGMVFGibSM03vNAEAXmsh29AjRcwJg/132',
  'privilege' => 
  array (
  ),
  'user_type' => 'wechat',
  'staff_id' => 0,
  'agent_id' => 0,
  'division_id' => 0,
  'login_type' => 'wechat',
  'is_complete' => 1,
)
[2022-12-27T20:06:48+08:00][error] 获取缩略图失败，原因：Illegal image file----/www/wwwroot/www.baidu.com/crmeb/services/upload/storage/Local.php----247----https://zhao.mt.gigigi.cc/uploads/attach/2022/06/20220615/c95e73dc03898dee10d6f61c1eb220b2.gif
