[2023-04-04T10:59:49+08:00][error] array (
  'openid' => 'o_RmP5889dQesGNYyURbCe4MePV8',
  'nickname' => '琪宝',
  'sex' => 0,
  'language' => '',
  'city' => '',
  'province' => '',
  'country' => '',
  'headimgurl' => 'https://thirdwx.qlogo.cn/mmopen/vi_32/DYAIOgq83eoHBgM8jgq7xXWYcZ2iaDmRRwf9Ah9Rm7bZs0NadSEZ5MlZzPbd0FFhOWgbH6PDbG5nSoibMJ41licag/132',
  'privilege' => 
  array (
  ),
  'user_type' => 'wechat',
  'staff_id' => 0,
  'agent_id' => 0,
  'division_id' => 0,
  'login_type' => 'wechat',
  'is_complete' => 1,
)
[2023-04-04T11:17:47+08:00][error] array (
  'openid' => 'o_RmP54qAkYJmMfAtS2jXdXKwo-4',
  'nickname' => '绝对憨憨的熊熊',
  'sex' => 0,
  'language' => '',
  'city' => '',
  'province' => '',
  'country' => '',
  'headimgurl' => 'https://thirdwx.qlogo.cn/mmopen/vi_32/DYAIOgq83erKxFhGouZU0blUVxxlghIpiaHibicibWqzLbFoSTX8nvMzDz7GQuA1qyrKbkrtnicP4o0n2165xicVkToA/132',
  'privilege' => 
  array (
  ),
  'user_type' => 'wechat',
  'staff_id' => 0,
  'agent_id' => 0,
  'division_id' => 0,
  'login_type' => 'wechat',
  'is_complete' => 1,
)
[2023-04-04T11:49:03+08:00][error] array (
  'openid' => 'o_RmP5wCgRXVg686uyA5pmZIl7XU',
  'nickname' => 'km',
  'sex' => 0,
  'language' => '',
  'city' => '',
  'province' => '',
  'country' => '',
  'headimgurl' => 'https://thirdwx.qlogo.cn/mmopen/vi_32/tdRuec9Pms7lcaiaMHQCjY0Bp1WMqMDFWFiaFd8ZHibkRzbELPalwf5N8B52afXGHxSCT0xB6uzK8yhlypOHiaeExg/132',
  'privilege' => 
  array (
  ),
  'user_type' => 'wechat',
  'staff_id' => 0,
  'agent_id' => 0,
  'division_id' => 0,
  'login_type' => 'wechat',
  'is_complete' => 1,
)
[2023-04-04T12:38:03+08:00][error] array (
  'openid' => 'o_RmP54zVWMKyj6j4leJnJk9ssuU',
  'nickname' => '琪宝',
  'sex' => 0,
  'language' => '',
  'city' => '',
  'province' => '',
  'country' => '',
  'headimgurl' => 'https://thirdwx.qlogo.cn/mmopen/vi_32/Q0j4TwGTfTKH9MPVEiaWMRWh95KS6kzKstx7eibtibNkfoTVIIDmIPibEwykcib1eSV4ia3xR9CRrrV6picw2P7agVJjA/132',
  'privilege' => 
  array (
  ),
  'user_type' => 'wechat',
  'staff_id' => 0,
  'agent_id' => 0,
  'division_id' => 0,
  'login_type' => 'wechat',
  'is_complete' => 1,
)
[2023-04-04T13:24:17+08:00][error] array (
  'openid' => 'o_RmP5yWuaW5-fqeB1uVV4suZRhg',
  'nickname' => '割开动脉喝脉动',
  'sex' => 0,
  'language' => '',
  'city' => '',
  'province' => '',
  'country' => '',
  'headimgurl' => 'https://thirdwx.qlogo.cn/mmopen/vi_32/Q0j4TwGTfTIO8ZIIG0aRxoBryPlY9VFdicpLKiaND0crbjiaC1ZPqcbHG8Hca2w8MXqNsdvicI6U9YWUDiaruAtOG7A/132',
  'privilege' => 
  array (
  ),
  'user_type' => 'wechat',
  'staff_id' => 0,
  'agent_id' => 0,
  'division_id' => 0,
  'login_type' => 'wechat',
  'is_complete' => 1,
)
[2023-04-04T13:25:59+08:00][error] array (
  'openid' => 'o_RmP59-xRRe9N4bl23v0w6Dl4BM',
  'nickname' => '橙子呀',
  'sex' => 0,
  'language' => '',
  'city' => '',
  'province' => '',
  'country' => '',
  'headimgurl' => 'https://thirdwx.qlogo.cn/mmopen/vi_32/EwoG236f5PG1ukvg0cELAbRfjwAX14RynibSHX9CFiae1gWrFM4ILurDyLU7JOic07ibexR1prFP9sePMjibXY8iaqcQ/132',
  'privilege' => 
  array (
  ),
  'user_type' => 'wechat',
  'staff_id' => 0,
  'agent_id' => 0,
  'division_id' => 0,
  'login_type' => 'wechat',
  'is_complete' => 1,
)
[2023-04-04T13:30:44+08:00][error] array (
  'openid' => 'o_RmP59vyAv2k24UcsH2CV7SOQo0',
  'nickname' => '小怪瘦',
  'sex' => 0,
  'language' => '',
  'city' => '',
  'province' => '',
  'country' => '',
  'headimgurl' => 'https://thirdwx.qlogo.cn/mmopen/vi_32/DYAIOgq83er5av9fW5coI1c2pCKAsFic5ydhxkKjW5TC65wy0vXOz1yy1s7ibiadzU84wScUwqNiaah9BibvJhL82rQ/132',
  'privilege' => 
  array (
  ),
  'user_type' => 'wechat',
  'staff_id' => 0,
  'agent_id' => 0,
  'division_id' => 0,
  'login_type' => 'wechat',
  'is_complete' => 1,
)
[2023-04-04T16:34:28+08:00][error] array (
  'openid' => 'o_RmP5yvVfJKZMcAkqpVVWB4Ebv4',
  'nickname' => '无所谓',
  'sex' => 0,
  'language' => '',
  'city' => '',
  'province' => '',
  'country' => '',
  'headimgurl' => 'https://thirdwx.qlogo.cn/mmopen/vi_32/Q0j4TwGTfTInkIjjWxBw5OYmoPSEUvMInibrScSwa0ml9SHiaV3Ukia01ahpk4Ffnicia5B6VkwHwqlqzib6ibgwOMVdg/132',
  'privilege' => 
  array (
  ),
  'user_type' => 'wechat',
  'staff_id' => 0,
  'agent_id' => 0,
  'division_id' => 0,
  'login_type' => 'wechat',
  'is_complete' => 1,
)
[2023-04-04T20:48:05+08:00][error] array (
  'openid' => 'o_RmP5wCXRPW2sdZCx83daD85WBU',
  'nickname' => 'Hello',
  'sex' => 0,
  'language' => '',
  'city' => '',
  'province' => '',
  'country' => '',
  'headimgurl' => 'https://thirdwx.qlogo.cn/mmopen/vi_32/vbiatxSF9Cic82hTD43WLibSgd5hI4Bqmx2p9NPsxkhK2EfFegmknKR7l78HZ4ds0fZ0rCQsXgRHk7SbgxXbyv7bg/132',
  'privilege' => 
  array (
  ),
  'user_type' => 'wechat',
  'staff_id' => 0,
  'agent_id' => 0,
  'division_id' => 0,
  'login_type' => 'wechat',
  'is_complete' => 1,
)
[2023-04-04T21:42:12+08:00][error] array (
  'openid' => 'o_RmP5yJ5N7UkeqbaU1mmV6_aVl8',
  'nickname' => '今晚早点睡',
  'sex' => 0,
  'language' => '',
  'city' => '',
  'province' => '',
  'country' => '',
  'headimgurl' => 'https://thirdwx.qlogo.cn/mmopen/vi_32/UIuJOPKzcEK01m1EbEC0o8YHxpdFsRfj2fPoyb72KRKegJsqoFAHPk6s4rjibniaVPJQlu0JoMwF3qDYHDPtgCMw/132',
  'privilege' => 
  array (
  ),
  'user_type' => 'wechat',
  'staff_id' => 0,
  'agent_id' => 0,
  'division_id' => 0,
  'login_type' => 'wechat',
  'is_complete' => 1,
)
[2023-04-04T23:42:44+08:00][error] [8]Trying to get property 'agent_id' of non-object[/www/wwwroot/h5.jklei.club/app/services/user/LoginServices.php:128]
[2023-04-04T23:44:06+08:00][error] [8]Trying to get property 'agent_id' of non-object[/www/wwwroot/h5.jklei.club/app/services/user/LoginServices.php:128]
[2023-04-04T23:44:18+08:00][error] [8]Trying to get property 'agent_id' of non-object[/www/wwwroot/h5.jklei.club/app/services/user/LoginServices.php:128]
[2023-04-04T23:45:31+08:00][error] [8]Trying to get property 'agent_id' of non-object[/www/wwwroot/h5.jklei.club/app/services/user/LoginServices.php:128]
[2023-04-04T23:45:49+08:00][error] [8]Trying to get property 'agent_id' of non-object[/www/wwwroot/h5.jklei.club/app/services/user/LoginServices.php:128]
[2023-04-04T23:49:02+08:00][error] [8]Trying to get property 'agent_id' of non-object[/www/wwwroot/h5.jklei.club/app/services/user/LoginServices.php:128]
[2023-04-04T23:49:13+08:00][error] [8]Trying to get property 'agent_id' of non-object[/www/wwwroot/h5.jklei.club/app/services/user/LoginServices.php:128]
[2023-04-04T23:50:50+08:00][error] [8]Trying to get property 'agent_id' of non-object[/www/wwwroot/h5.jklei.club/app/services/user/LoginServices.php:128]
[2023-04-04T23:52:35+08:00][error] [8]Trying to get property 'agent_id' of non-object[/www/wwwroot/h5.jklei.club/app/services/user/LoginServices.php:128]
[2023-04-04T23:52:44+08:00][error] [8]Trying to get property 'agent_id' of non-object[/www/wwwroot/h5.jklei.club/app/services/user/LoginServices.php:128]
[2023-04-04T23:53:25+08:00][error] [8]Trying to get property 'agent_id' of non-object[/www/wwwroot/h5.jklei.club/app/services/user/LoginServices.php:128]
[2023-04-04T23:53:36+08:00][error] [8]Trying to get property 'agent_id' of non-object[/www/wwwroot/h5.jklei.club/app/services/user/LoginServices.php:128]
[2023-04-04T23:54:15+08:00][error] [8]Trying to get property 'agent_id' of non-object[/www/wwwroot/h5.jklei.club/app/services/user/LoginServices.php:128]
[2023-04-04T23:55:39+08:00][error] [8]Trying to get property 'agent_id' of non-object[/www/wwwroot/h5.jklei.club/app/services/user/LoginServices.php:128]
[2023-04-04T23:55:43+08:00][error] [8]Trying to get property 'agent_id' of non-object[/www/wwwroot/h5.jklei.club/app/services/user/LoginServices.php:128]
[2023-04-04T23:56:33+08:00][error] [8]Trying to get property 'agent_id' of non-object[/www/wwwroot/h5.jklei.club/app/services/user/LoginServices.php:128]
[2023-04-04T23:56:54+08:00][error] [8]Trying to get property 'agent_id' of non-object[/www/wwwroot/h5.jklei.club/app/services/user/LoginServices.php:128]
[2023-04-04T23:57:27+08:00][error] [8]Trying to get property 'agent_id' of non-object[/www/wwwroot/h5.jklei.club/app/services/user/LoginServices.php:128]
