[2023-04-05T00:09:42+08:00][error] array (
  'openid' => 'o_RmP52YLdR89uIEQbHJ1AVUUYCw',
  'nickname' => '女主角美甲',
  'sex' => 0,
  'language' => '',
  'city' => '',
  'province' => '',
  'country' => '',
  'headimgurl' => 'https://thirdwx.qlogo.cn/mmopen/vi_32/KNiaMgUOrRctsAiabhUNrBibcIjVK6RS9Mad7J49YGx4KpTRbzzuoTCYMzCyttsBUHMlJIciaslUNVLjoShcHLhxEg/132',
  'privilege' => 
  array (
  ),
  'user_type' => 'wechat',
  'staff_id' => 0,
  'agent_id' => 0,
  'division_id' => 0,
  'login_type' => 'wechat',
  'is_complete' => 1,
)
[2023-04-05T00:09:42+08:00][error] [10501]SQLSTATE[23000]: Integrity constraint violation: 1062 Duplicate entry 'o_RmP52YLdR89uIEQbHJ1AVUUYCw' for key 'openid'[/www/wwwroot/h5.jklei.club/vendor/topthink/think-orm/src/db/PDOConnection.php:771]
[2023-04-05T00:10:15+08:00][error] array (
  'openid' => 'o_RmP52YLdR89uIEQbHJ1AVUUYCw',
  'nickname' => '女主角美甲',
  'sex' => 0,
  'language' => '',
  'city' => '',
  'province' => '',
  'country' => '',
  'headimgurl' => 'https://thirdwx.qlogo.cn/mmopen/vi_32/KNiaMgUOrRctsAiabhUNrBibcIjVK6RS9Mad7J49YGx4KpTRbzzuoTCYMzCyttsBUHMlJIciaslUNVLjoShcHLhxEg/132',
  'privilege' => 
  array (
  ),
  'user_type' => 'wechat',
  'staff_id' => 0,
  'agent_id' => 0,
  'division_id' => 0,
  'login_type' => 'wechat',
  'is_complete' => 1,
)
[2023-04-05T00:10:15+08:00][error] [10501]SQLSTATE[23000]: Integrity constraint violation: 1062 Duplicate entry 'o_RmP52YLdR89uIEQbHJ1AVUUYCw' for key 'openid'[/www/wwwroot/h5.jklei.club/vendor/topthink/think-orm/src/db/PDOConnection.php:771]
[2023-04-05T00:10:26+08:00][error] array (
  'openid' => 'o_RmP52YLdR89uIEQbHJ1AVUUYCw',
  'nickname' => '女主角美甲',
  'sex' => 0,
  'language' => '',
  'city' => '',
  'province' => '',
  'country' => '',
  'headimgurl' => 'https://thirdwx.qlogo.cn/mmopen/vi_32/KNiaMgUOrRctsAiabhUNrBibcIjVK6RS9Mad7J49YGx4KpTRbzzuoTCYMzCyttsBUHMlJIciaslUNVLjoShcHLhxEg/132',
  'privilege' => 
  array (
  ),
  'user_type' => 'wechat',
  'staff_id' => 0,
  'agent_id' => 0,
  'division_id' => 0,
  'login_type' => 'wechat',
  'is_complete' => 1,
)
[2023-04-05T00:10:26+08:00][error] [10501]SQLSTATE[23000]: Integrity constraint violation: 1062 Duplicate entry 'o_RmP52YLdR89uIEQbHJ1AVUUYCw' for key 'openid'[/www/wwwroot/h5.jklei.club/vendor/topthink/think-orm/src/db/PDOConnection.php:771]
[2023-04-05T00:10:44+08:00][error] array (
  'openid' => 'o_RmP52YLdR89uIEQbHJ1AVUUYCw',
  'nickname' => '女主角美甲',
  'sex' => 0,
  'language' => '',
  'city' => '',
  'province' => '',
  'country' => '',
  'headimgurl' => 'https://thirdwx.qlogo.cn/mmopen/vi_32/KNiaMgUOrRctsAiabhUNrBibcIjVK6RS9Mad7J49YGx4KpTRbzzuoTCYMzCyttsBUHMlJIciaslUNVLjoShcHLhxEg/132',
  'privilege' => 
  array (
  ),
  'user_type' => 'wechat',
  'staff_id' => 0,
  'agent_id' => 0,
  'division_id' => 0,
  'login_type' => 'wechat',
  'is_complete' => 1,
)
[2023-04-05T00:10:44+08:00][error] [10501]SQLSTATE[23000]: Integrity constraint violation: 1062 Duplicate entry 'o_RmP52YLdR89uIEQbHJ1AVUUYCw' for key 'openid'[/www/wwwroot/h5.jklei.club/vendor/topthink/think-orm/src/db/PDOConnection.php:771]
[2023-04-05T00:11:49+08:00][error] array (
  'openid' => 'o_RmP52YLdR89uIEQbHJ1AVUUYCw',
  'nickname' => '女主角美甲',
  'sex' => 0,
  'language' => '',
  'city' => '',
  'province' => '',
  'country' => '',
  'headimgurl' => 'https://thirdwx.qlogo.cn/mmopen/vi_32/KNiaMgUOrRctsAiabhUNrBibcIjVK6RS9Mad7J49YGx4KpTRbzzuoTCYMzCyttsBUHMlJIciaslUNVLjoShcHLhxEg/132',
  'privilege' => 
  array (
  ),
  'user_type' => 'wechat',
  'staff_id' => 0,
  'agent_id' => 0,
  'division_id' => 0,
  'login_type' => 'wechat',
  'is_complete' => 1,
)
[2023-04-05T00:11:49+08:00][error] [10501]SQLSTATE[23000]: Integrity constraint violation: 1062 Duplicate entry 'o_RmP52YLdR89uIEQbHJ1AVUUYCw' for key 'openid'[/www/wwwroot/h5.jklei.club/vendor/topthink/think-orm/src/db/PDOConnection.php:771]
[2023-04-05T00:11:59+08:00][error] array (
  'openid' => 'o_RmP52YLdR89uIEQbHJ1AVUUYCw',
  'nickname' => '女主角美甲',
  'sex' => 0,
  'language' => '',
  'city' => '',
  'province' => '',
  'country' => '',
  'headimgurl' => 'https://thirdwx.qlogo.cn/mmopen/vi_32/KNiaMgUOrRctsAiabhUNrBibcIjVK6RS9Mad7J49YGx4KpTRbzzuoTCYMzCyttsBUHMlJIciaslUNVLjoShcHLhxEg/132',
  'privilege' => 
  array (
  ),
  'user_type' => 'wechat',
  'staff_id' => 0,
  'agent_id' => 0,
  'division_id' => 0,
  'login_type' => 'wechat',
  'is_complete' => 1,
)
[2023-04-05T00:11:59+08:00][error] [10501]SQLSTATE[23000]: Integrity constraint violation: 1062 Duplicate entry 'o_RmP52YLdR89uIEQbHJ1AVUUYCw' for key 'openid'[/www/wwwroot/h5.jklei.club/vendor/topthink/think-orm/src/db/PDOConnection.php:771]
[2023-04-05T00:12:39+08:00][error] array (
  'openid' => 'o_RmP52YLdR89uIEQbHJ1AVUUYCw',
  'nickname' => '女主角美甲',
  'sex' => 0,
  'language' => '',
  'city' => '',
  'province' => '',
  'country' => '',
  'headimgurl' => 'https://thirdwx.qlogo.cn/mmopen/vi_32/KNiaMgUOrRctsAiabhUNrBibcIjVK6RS9Mad7J49YGx4KpTRbzzuoTCYMzCyttsBUHMlJIciaslUNVLjoShcHLhxEg/132',
  'privilege' => 
  array (
  ),
  'user_type' => 'wechat',
  'staff_id' => 0,
  'agent_id' => 0,
  'division_id' => 0,
  'login_type' => 'wechat',
  'is_complete' => 1,
)
[2023-04-05T00:12:39+08:00][error] [10501]SQLSTATE[23000]: Integrity constraint violation: 1062 Duplicate entry 'o_RmP52YLdR89uIEQbHJ1AVUUYCw' for key 'openid'[/www/wwwroot/h5.jklei.club/vendor/topthink/think-orm/src/db/PDOConnection.php:771]
[2023-04-05T00:21:00+08:00][error] array (
  'openid' => 'o_RmP55K6lx5dseCpDiJkt9452kI',
  'nickname' => '_乐酷科技',
  'sex' => 0,
  'language' => '',
  'city' => '',
  'province' => '',
  'country' => '',
  'headimgurl' => 'https://thirdwx.qlogo.cn/mmopen/vi_32/znMKOqYzbbdLE5muXcWc98picV4xHz4WgMZic7JsKatnTx9dX8CcY0KrmG0x7FTp9gaO806lX7BBT9pFs1mBtQWA/132',
  'privilege' => 
  array (
  ),
  'user_type' => 'wechat',
  'staff_id' => 0,
  'agent_id' => 0,
  'division_id' => 0,
  'login_type' => 'wechat',
  'is_complete' => 1,
)
[2023-04-05T00:21:00+08:00][error] [10501]SQLSTATE[23000]: Integrity constraint violation: 1062 Duplicate entry 'o_RmP55K6lx5dseCpDiJkt9452kI' for key 'openid'[/www/wwwroot/h5.jklei.club/vendor/topthink/think-orm/src/db/PDOConnection.php:771]
[2023-04-05T00:21:09+08:00][error] array (
  'openid' => 'o_RmP55K6lx5dseCpDiJkt9452kI',
  'nickname' => '_乐酷科技',
  'sex' => 0,
  'language' => '',
  'city' => '',
  'province' => '',
  'country' => '',
  'headimgurl' => 'https://thirdwx.qlogo.cn/mmopen/vi_32/znMKOqYzbbdLE5muXcWc98picV4xHz4WgMZic7JsKatnTx9dX8CcY0KrmG0x7FTp9gaO806lX7BBT9pFs1mBtQWA/132',
  'privilege' => 
  array (
  ),
  'user_type' => 'wechat',
  'staff_id' => 0,
  'agent_id' => 0,
  'division_id' => 0,
  'login_type' => 'wechat',
  'is_complete' => 1,
)
[2023-04-05T00:21:09+08:00][error] [10501]SQLSTATE[23000]: Integrity constraint violation: 1062 Duplicate entry 'o_RmP55K6lx5dseCpDiJkt9452kI' for key 'openid'[/www/wwwroot/h5.jklei.club/vendor/topthink/think-orm/src/db/PDOConnection.php:771]
[2023-04-05T00:21:19+08:00][error] [0]接口请求失败:请填写用户名[/www/wwwroot/h5.jklei.club/crmeb/services/AccessTokenServeService.php:127]
[2023-04-05T00:21:47+08:00][error] array (
  'openid' => 'o_RmP55K6lx5dseCpDiJkt9452kI',
  'nickname' => '_乐酷科技',
  'sex' => 0,
  'language' => '',
  'city' => '',
  'province' => '',
  'country' => '',
  'headimgurl' => 'https://thirdwx.qlogo.cn/mmopen/vi_32/znMKOqYzbbdLE5muXcWc98picV4xHz4WgMZic7JsKatnTx9dX8CcY0KrmG0x7FTp9gaO806lX7BBT9pFs1mBtQWA/132',
  'privilege' => 
  array (
  ),
  'user_type' => 'wechat',
  'staff_id' => 0,
  'agent_id' => 0,
  'division_id' => 0,
  'login_type' => 'wechat',
  'is_complete' => 1,
)
[2023-04-05T00:21:47+08:00][error] [10501]SQLSTATE[23000]: Integrity constraint violation: 1062 Duplicate entry 'o_RmP55K6lx5dseCpDiJkt9452kI' for key 'openid'[/www/wwwroot/h5.jklei.club/vendor/topthink/think-orm/src/db/PDOConnection.php:771]
[2023-04-05T00:23:53+08:00][error] array (
  'openid' => 'o_RmP55K6lx5dseCpDiJkt9452kI',
  'nickname' => '_乐酷科技',
  'sex' => 0,
  'language' => '',
  'city' => '',
  'province' => '',
  'country' => '',
  'headimgurl' => 'https://thirdwx.qlogo.cn/mmopen/vi_32/znMKOqYzbbdLE5muXcWc98picV4xHz4WgMZic7JsKatnTx9dX8CcY0KrmG0x7FTp9gaO806lX7BBT9pFs1mBtQWA/132',
  'privilege' => 
  array (
  ),
  'user_type' => 'wechat',
  'staff_id' => 0,
  'agent_id' => 0,
  'division_id' => 0,
  'login_type' => 'wechat',
  'is_complete' => 1,
)
[2023-04-05T00:23:53+08:00][error] [10501]SQLSTATE[23000]: Integrity constraint violation: 1062 Duplicate entry 'o_RmP55K6lx5dseCpDiJkt9452kI' for key 'openid'[/www/wwwroot/h5.jklei.club/vendor/topthink/think-orm/src/db/PDOConnection.php:771]
[2023-04-05T00:24:00+08:00][error] array (
  'openid' => 'o_RmP55K6lx5dseCpDiJkt9452kI',
  'nickname' => '_乐酷科技',
  'sex' => 0,
  'language' => '',
  'city' => '',
  'province' => '',
  'country' => '',
  'headimgurl' => 'https://thirdwx.qlogo.cn/mmopen/vi_32/znMKOqYzbbdLE5muXcWc98picV4xHz4WgMZic7JsKatnTx9dX8CcY0KrmG0x7FTp9gaO806lX7BBT9pFs1mBtQWA/132',
  'privilege' => 
  array (
  ),
  'user_type' => 'wechat',
  'staff_id' => 0,
  'agent_id' => 0,
  'division_id' => 0,
  'login_type' => 'wechat',
  'is_complete' => 1,
)
[2023-04-05T00:24:00+08:00][error] [10501]SQLSTATE[23000]: Integrity constraint violation: 1062 Duplicate entry 'o_RmP55K6lx5dseCpDiJkt9452kI' for key 'openid'[/www/wwwroot/h5.jklei.club/vendor/topthink/think-orm/src/db/PDOConnection.php:771]
[2023-04-05T00:24:25+08:00][error] array (
  'openid' => 'o_RmP52YLdR89uIEQbHJ1AVUUYCw',
  'nickname' => '女主角美甲',
  'sex' => 0,
  'language' => '',
  'city' => '',
  'province' => '',
  'country' => '',
  'headimgurl' => 'https://thirdwx.qlogo.cn/mmopen/vi_32/KNiaMgUOrRctsAiabhUNrBibcIjVK6RS9Mad7J49YGx4KpTRbzzuoTCYMzCyttsBUHMlJIciaslUNVLjoShcHLhxEg/132',
  'privilege' => 
  array (
  ),
  'user_type' => 'wechat',
  'staff_id' => 0,
  'agent_id' => 0,
  'division_id' => 0,
  'login_type' => 'wechat',
  'is_complete' => 1,
)
[2023-04-05T00:24:25+08:00][error] [10501]SQLSTATE[23000]: Integrity constraint violation: 1062 Duplicate entry 'o_RmP52YLdR89uIEQbHJ1AVUUYCw' for key 'openid'[/www/wwwroot/h5.jklei.club/vendor/topthink/think-orm/src/db/PDOConnection.php:771]
[2023-04-05T00:24:39+08:00][error] [0]接口请求失败:请填写用户名[/www/wwwroot/h5.jklei.club/crmeb/services/AccessTokenServeService.php:127]
[2023-04-05T00:24:41+08:00][error] [0]接口请求失败:请填写用户名[/www/wwwroot/h5.jklei.club/crmeb/services/AccessTokenServeService.php:127]
[2023-04-05T00:24:41+08:00][error] [0]接口请求失败:请填写用户名[/www/wwwroot/h5.jklei.club/crmeb/services/AccessTokenServeService.php:127]
[2023-04-05T00:24:42+08:00][error] [0]接口请求失败:请填写用户名[/www/wwwroot/h5.jklei.club/crmeb/services/AccessTokenServeService.php:127]
[2023-04-05T00:24:43+08:00][error] [0]接口请求失败:请填写用户名[/www/wwwroot/h5.jklei.club/crmeb/services/AccessTokenServeService.php:127]
[2023-04-05T00:26:00+08:00][error] array (
  'openid' => 'o_RmP55K6lx5dseCpDiJkt9452kI',
  'nickname' => '_乐酷科技',
  'sex' => 0,
  'language' => '',
  'city' => '',
  'province' => '',
  'country' => '',
  'headimgurl' => 'https://thirdwx.qlogo.cn/mmopen/vi_32/znMKOqYzbbdLE5muXcWc98picV4xHz4WgMZic7JsKatnTx9dX8CcY0KrmG0x7FTp9gaO806lX7BBT9pFs1mBtQWA/132',
  'privilege' => 
  array (
  ),
  'user_type' => 'wechat',
  'staff_id' => 0,
  'agent_id' => 0,
  'division_id' => 0,
  'login_type' => 'wechat',
  'is_complete' => 1,
)
[2023-04-05T00:26:00+08:00][error] [10501]SQLSTATE[23000]: Integrity constraint violation: 1062 Duplicate entry 'o_RmP55K6lx5dseCpDiJkt9452kI' for key 'openid'[/www/wwwroot/h5.jklei.club/vendor/topthink/think-orm/src/db/PDOConnection.php:771]
[2023-04-05T00:27:11+08:00][error] array (
  'openid' => 'o_RmP55K6lx5dseCpDiJkt9452kI',
  'nickname' => '_乐酷科技',
  'sex' => 0,
  'language' => '',
  'city' => '',
  'province' => '',
  'country' => '',
  'headimgurl' => 'https://thirdwx.qlogo.cn/mmopen/vi_32/znMKOqYzbbdLE5muXcWc98picV4xHz4WgMZic7JsKatnTx9dX8CcY0KrmG0x7FTp9gaO806lX7BBT9pFs1mBtQWA/132',
  'privilege' => 
  array (
  ),
  'user_type' => 'wechat',
  'staff_id' => 0,
  'agent_id' => 0,
  'division_id' => 0,
  'login_type' => 'wechat',
  'is_complete' => 1,
)
[2023-04-05T00:27:11+08:00][error] [10501]SQLSTATE[23000]: Integrity constraint violation: 1062 Duplicate entry 'o_RmP55K6lx5dseCpDiJkt9452kI' for key 'openid'[/www/wwwroot/h5.jklei.club/vendor/topthink/think-orm/src/db/PDOConnection.php:771]
[2023-04-05T00:27:17+08:00][error] array (
  'openid' => 'o_RmP55K6lx5dseCpDiJkt9452kI',
  'nickname' => '_乐酷科技',
  'sex' => 0,
  'language' => '',
  'city' => '',
  'province' => '',
  'country' => '',
  'headimgurl' => 'https://thirdwx.qlogo.cn/mmopen/vi_32/znMKOqYzbbdLE5muXcWc98picV4xHz4WgMZic7JsKatnTx9dX8CcY0KrmG0x7FTp9gaO806lX7BBT9pFs1mBtQWA/132',
  'privilege' => 
  array (
  ),
  'user_type' => 'wechat',
  'staff_id' => 0,
  'agent_id' => 0,
  'division_id' => 0,
  'login_type' => 'wechat',
  'is_complete' => 1,
)
[2023-04-05T00:27:17+08:00][error] [10501]SQLSTATE[23000]: Integrity constraint violation: 1062 Duplicate entry 'o_RmP55K6lx5dseCpDiJkt9452kI' for key 'openid'[/www/wwwroot/h5.jklei.club/vendor/topthink/think-orm/src/db/PDOConnection.php:771]
[2023-04-05T00:27:48+08:00][error] array (
  'openid' => 'o_RmP55K6lx5dseCpDiJkt9452kI',
  'nickname' => '_乐酷科技',
  'sex' => 0,
  'language' => '',
  'city' => '',
  'province' => '',
  'country' => '',
  'headimgurl' => 'https://thirdwx.qlogo.cn/mmopen/vi_32/znMKOqYzbbdLE5muXcWc98picV4xHz4WgMZic7JsKatnTx9dX8CcY0KrmG0x7FTp9gaO806lX7BBT9pFs1mBtQWA/132',
  'privilege' => 
  array (
  ),
  'user_type' => 'wechat',
  'staff_id' => 0,
  'agent_id' => 0,
  'division_id' => 0,
  'login_type' => 'wechat',
  'is_complete' => 1,
)
[2023-04-05T00:27:48+08:00][error] [10501]SQLSTATE[23000]: Integrity constraint violation: 1062 Duplicate entry 'o_RmP55K6lx5dseCpDiJkt9452kI' for key 'openid'[/www/wwwroot/h5.jklei.club/vendor/topthink/think-orm/src/db/PDOConnection.php:771]
[2023-04-05T00:32:53+08:00][error] [8]Trying to get property 'spread_count' of non-object[/www/wwwroot/h5.jklei.club/app/services/agent/AgentManageServices.php:354]
[2023-04-05T00:34:36+08:00][error] array (
  'openid' => 'o_RmP55K6lx5dseCpDiJkt9452kI',
  'nickname' => '_乐酷科技',
  'sex' => 0,
  'language' => '',
  'city' => '',
  'province' => '',
  'country' => '',
  'headimgurl' => 'https://thirdwx.qlogo.cn/mmopen/vi_32/znMKOqYzbbdLE5muXcWc98picV4xHz4WgMZic7JsKatnTx9dX8CcY0KrmG0x7FTp9gaO806lX7BBT9pFs1mBtQWA/132',
  'privilege' => 
  array (
  ),
  'user_type' => 'wechat',
  'staff_id' => 0,
  'agent_id' => 0,
  'division_id' => 0,
  'login_type' => 'wechat',
  'is_complete' => 1,
)
[2023-04-05T00:34:36+08:00][error] [10501]SQLSTATE[23000]: Integrity constraint violation: 1062 Duplicate entry 'o_RmP55K6lx5dseCpDiJkt9452kI' for key 'openid'[/www/wwwroot/h5.jklei.club/vendor/topthink/think-orm/src/db/PDOConnection.php:771]
[2023-04-05T00:35:45+08:00][error] array (
  'openid' => 'o_RmP55K6lx5dseCpDiJkt9452kI',
  'nickname' => '_乐酷科技',
  'sex' => 0,
  'language' => '',
  'city' => '',
  'province' => '',
  'country' => '',
  'headimgurl' => 'https://thirdwx.qlogo.cn/mmopen/vi_32/znMKOqYzbbdLE5muXcWc98picV4xHz4WgMZic7JsKatnTx9dX8CcY0KrmG0x7FTp9gaO806lX7BBT9pFs1mBtQWA/132',
  'privilege' => 
  array (
  ),
  'user_type' => 'wechat',
  'staff_id' => 0,
  'agent_id' => 0,
  'division_id' => 0,
  'login_type' => 'wechat',
  'is_complete' => 1,
)
[2023-04-05T00:35:45+08:00][error] [10501]SQLSTATE[23000]: Integrity constraint violation: 1062 Duplicate entry 'o_RmP55K6lx5dseCpDiJkt9452kI' for key 'openid'[/www/wwwroot/h5.jklei.club/vendor/topthink/think-orm/src/db/PDOConnection.php:771]
[2023-04-05T00:44:21+08:00][error] [0]Request AccessToken fail. response: {"errcode":40125,"errmsg":"invalid appsecret, rid: 642c53e5-52d63a0e-6df98d2e"}[/www/wwwroot/h5.jklei.club/crmeb/services/easywechat/oauth2/wechat/WechatOauth.php:162]
[2023-04-05T00:45:15+08:00][error] [0]Request AccessToken fail. response: {"errcode":40125,"errmsg":"invalid appsecret, rid: 642c541b-3645840a-24768d21"}[/www/wwwroot/h5.jklei.club/crmeb/services/easywechat/oauth2/wechat/WechatOauth.php:162]
[2023-04-05T00:52:31+08:00][error] [8]Trying to get property 'agent_id' of non-object[/www/wwwroot/h5.jklei.club/app/services/user/LoginServices.php:128]
[2023-04-05T00:52:44+08:00][error] [8]Trying to get property 'agent_id' of non-object[/www/wwwroot/h5.jklei.club/app/services/user/LoginServices.php:128]
[2023-04-05T00:53:01+08:00][error] [8]Trying to get property 'agent_id' of non-object[/www/wwwroot/h5.jklei.club/app/services/user/LoginServices.php:128]
[2023-04-05T00:53:49+08:00][error] [8]Trying to get property 'agent_id' of non-object[/www/wwwroot/h5.jklei.club/app/services/user/LoginServices.php:128]
[2023-04-05T00:54:25+08:00][error] [8]Trying to get property 'agent_id' of non-object[/www/wwwroot/h5.jklei.club/app/services/user/LoginServices.php:128]
[2023-04-05T00:54:47+08:00][error] array (
  'openid' => 'o_RmP55K6lx5dseCpDiJkt9452kI',
  'nickname' => '_乐酷科技',
  'sex' => 0,
  'language' => '',
  'city' => '',
  'province' => '',
  'country' => '',
  'headimgurl' => 'https://thirdwx.qlogo.cn/mmopen/vi_32/znMKOqYzbbdLE5muXcWc98picV4xHz4WgMZic7JsKatnTx9dX8CcY0KrmG0x7FTp9gaO806lX7BBT9pFs1mBtQWA/132',
  'privilege' => 
  array (
  ),
  'user_type' => 'wechat',
  'staff_id' => 0,
  'agent_id' => 0,
  'division_id' => 0,
  'login_type' => 'wechat',
  'is_complete' => 1,
)
[2023-04-05T00:54:47+08:00][error] [10501]SQLSTATE[23000]: Integrity constraint violation: 1062 Duplicate entry 'o_RmP55K6lx5dseCpDiJkt9452kI' for key 'openid'[/www/wwwroot/h5.jklei.club/vendor/topthink/think-orm/src/db/PDOConnection.php:771]
[2023-04-05T00:55:44+08:00][error] array (
  'openid' => 'o_RmP55K6lx5dseCpDiJkt9452kI',
  'nickname' => '_乐酷科技',
  'sex' => 0,
  'language' => '',
  'city' => '',
  'province' => '',
  'country' => '',
  'headimgurl' => 'https://thirdwx.qlogo.cn/mmopen/vi_32/znMKOqYzbbdLE5muXcWc98picV4xHz4WgMZic7JsKatnTx9dX8CcY0KrmG0x7FTp9gaO806lX7BBT9pFs1mBtQWA/132',
  'privilege' => 
  array (
  ),
  'user_type' => 'wechat',
  'staff_id' => 0,
  'agent_id' => 0,
  'division_id' => 0,
  'login_type' => 'wechat',
  'is_complete' => 1,
)
[2023-04-05T00:55:44+08:00][error] [10501]SQLSTATE[23000]: Integrity constraint violation: 1062 Duplicate entry 'o_RmP55K6lx5dseCpDiJkt9452kI' for key 'openid'[/www/wwwroot/h5.jklei.club/vendor/topthink/think-orm/src/db/PDOConnection.php:771]
[2023-04-05T00:58:13+08:00][error] array (
  'openid' => 'o_RmP55K6lx5dseCpDiJkt9452kI',
  'nickname' => '_乐酷科技',
  'sex' => 0,
  'language' => '',
  'city' => '',
  'province' => '',
  'country' => '',
  'headimgurl' => 'https://thirdwx.qlogo.cn/mmopen/vi_32/znMKOqYzbbdLE5muXcWc98picV4xHz4WgMZic7JsKatnTx9dX8CcY0KrmG0x7FTp9gaO806lX7BBT9pFs1mBtQWA/132',
  'privilege' => 
  array (
  ),
  'user_type' => 'wechat',
  'staff_id' => 0,
  'agent_id' => 0,
  'division_id' => 0,
  'login_type' => 'wechat',
  'is_complete' => 1,
)
[2023-04-05T00:58:13+08:00][error] [10501]SQLSTATE[23000]: Integrity constraint violation: 1062 Duplicate entry 'o_RmP55K6lx5dseCpDiJkt9452kI' for key 'openid'[/www/wwwroot/h5.jklei.club/vendor/topthink/think-orm/src/db/PDOConnection.php:771]
[2023-04-05T01:05:28+08:00][error] [8]Trying to get property 'agent_id' of non-object[/www/wwwroot/h5.jklei.club/app/services/user/LoginServices.php:128]
[2023-04-05T01:06:37+08:00][error] [8]Trying to get property 'agent_id' of non-object[/www/wwwroot/h5.jklei.club/app/services/user/LoginServices.php:128]
[2023-04-05T01:07:11+08:00][error] array (
  'openid' => 'o_RmP55K6lx5dseCpDiJkt9452kI',
  'nickname' => '_乐酷科技',
  'sex' => 0,
  'language' => '',
  'city' => '',
  'province' => '',
  'country' => '',
  'headimgurl' => 'https://thirdwx.qlogo.cn/mmopen/vi_32/znMKOqYzbbdLE5muXcWc98picV4xHz4WgMZic7JsKatnTx9dX8CcY0KrmG0x7FTp9gaO806lX7BBT9pFs1mBtQWA/132',
  'privilege' => 
  array (
  ),
  'user_type' => 'wechat',
  'staff_id' => 0,
  'agent_id' => 0,
  'division_id' => 0,
  'login_type' => 'wechat',
  'is_complete' => 1,
)
[2023-04-05T01:07:11+08:00][error] [10501]SQLSTATE[23000]: Integrity constraint violation: 1062 Duplicate entry 'o_RmP55K6lx5dseCpDiJkt9452kI' for key 'openid'[/www/wwwroot/h5.jklei.club/vendor/topthink/think-orm/src/db/PDOConnection.php:771]
[2023-04-05T01:07:23+08:00][error] array (
  'openid' => 'o_RmP55K6lx5dseCpDiJkt9452kI',
  'nickname' => '_乐酷科技',
  'sex' => 0,
  'language' => '',
  'city' => '',
  'province' => '',
  'country' => '',
  'headimgurl' => 'https://thirdwx.qlogo.cn/mmopen/vi_32/znMKOqYzbbdLE5muXcWc98picV4xHz4WgMZic7JsKatnTx9dX8CcY0KrmG0x7FTp9gaO806lX7BBT9pFs1mBtQWA/132',
  'privilege' => 
  array (
  ),
  'user_type' => 'wechat',
  'staff_id' => 0,
  'agent_id' => 0,
  'division_id' => 0,
  'login_type' => 'wechat',
  'is_complete' => 1,
)
[2023-04-05T01:07:23+08:00][error] [10501]SQLSTATE[23000]: Integrity constraint violation: 1062 Duplicate entry 'o_RmP55K6lx5dseCpDiJkt9452kI' for key 'openid'[/www/wwwroot/h5.jklei.club/vendor/topthink/think-orm/src/db/PDOConnection.php:771]
[2023-04-05T11:48:26+08:00][error] array (
  'openid' => 'o_RmP565GAyI1npwQKwLumJqLwPk',
  'nickname' => '半世琉璃',
  'sex' => 0,
  'language' => '',
  'city' => '',
  'province' => '',
  'country' => '',
  'headimgurl' => 'https://thirdwx.qlogo.cn/mmopen/vi_32/hktUxM7qUeibf3mb8aicI7vNHO1jicbfhyufXIWGjND7TlEumYXAEdocQ3YI5BLDNq6faribF0g5KFLCSJ1wO4ymrA/132',
  'privilege' => 
  array (
  ),
  'user_type' => 'wechat',
  'staff_id' => 0,
  'agent_id' => 0,
  'division_id' => 0,
  'login_type' => 'wechat',
  'is_complete' => 1,
)
