[2023-04-06T03:17:44+08:00][error] array (
  'openid' => 'o_RmP55K6lx5dseCpDiJkt9452kI',
  'nickname' => '_乐酷科技',
  'sex' => 0,
  'language' => '',
  'city' => '',
  'province' => '',
  'country' => '',
  'headimgurl' => 'https://thirdwx.qlogo.cn/mmopen/vi_32/znMKOqYzbbdLE5muXcWc98picV4xHz4WgMZic7JsKatnTx9dX8CcY0KrmG0x7FTp9gaO806lX7BBT9pFs1mBtQWA/132',
  'privilege' => 
  array (
  ),
  'user_type' => 'wechat',
  'staff_id' => 0,
  'agent_id' => 0,
  'division_id' => 0,
  'login_type' => 'wechat',
  'is_complete' => 1,
)
[2023-04-06T03:17:44+08:00][error] [10501]SQLSTATE[23000]: Integrity constraint violation: 1062 Duplicate entry 'o_RmP55K6lx5dseCpDiJkt9452kI' for key 'openid'[/www/wwwroot/h5.jklei.club/vendor/topthink/think-orm/src/db/PDOConnection.php:771]
[2023-04-06T03:17:53+08:00][error] array (
  'openid' => 'o_RmP55K6lx5dseCpDiJkt9452kI',
  'nickname' => '_乐酷科技',
  'sex' => 0,
  'language' => '',
  'city' => '',
  'province' => '',
  'country' => '',
  'headimgurl' => 'https://thirdwx.qlogo.cn/mmopen/vi_32/znMKOqYzbbdLE5muXcWc98picV4xHz4WgMZic7JsKatnTx9dX8CcY0KrmG0x7FTp9gaO806lX7BBT9pFs1mBtQWA/132',
  'privilege' => 
  array (
  ),
  'user_type' => 'wechat',
  'staff_id' => 0,
  'agent_id' => 0,
  'division_id' => 0,
  'login_type' => 'wechat',
  'is_complete' => 1,
)
[2023-04-06T03:17:53+08:00][error] [10501]SQLSTATE[23000]: Integrity constraint violation: 1062 Duplicate entry 'o_RmP55K6lx5dseCpDiJkt9452kI' for key 'openid'[/www/wwwroot/h5.jklei.club/vendor/topthink/think-orm/src/db/PDOConnection.php:771]
[2023-04-06T03:40:34+08:00][error] [8]Trying to get property 'agent_id' of non-object[/www/wwwroot/h5.jklei.club/app/services/user/LoginServices.php:128]
[2023-04-06T03:40:50+08:00][error] [8]Trying to get property 'agent_id' of non-object[/www/wwwroot/h5.jklei.club/app/services/user/LoginServices.php:128]
[2023-04-06T12:07:56+08:00][error] array (
  'openid' => 'o_RmP58JZL2zMWo2x9VQmUXiNztg',
  'nickname' => '陈*玲',
  'sex' => 0,
  'language' => '',
  'city' => '',
  'province' => '',
  'country' => '',
  'headimgurl' => 'https://thirdwx.qlogo.cn/mmopen/vi_32/QOHg8CNWzKNofzyMAK746ZiciaXRdUMicsiceTB83GXQ9P5yomqM3ulZShOrSUjicpxcOWxibuVcMiaGEYOYtN27sEKZQ/132',
  'privilege' => 
  array (
  ),
  'user_type' => 'wechat',
  'staff_id' => 0,
  'agent_id' => 0,
  'division_id' => 0,
  'login_type' => 'wechat',
  'is_complete' => 1,
)
[2023-04-06T12:55:43+08:00][error] [8]Trying to get property 'agent_id' of non-object[/www/wwwroot/h5.jklei.club/app/services/user/LoginServices.php:128]
[2023-04-06T23:39:04+08:00][error] array (
  'openid' => 'o_RmP52I4RVZT8JjPzqdkJaKLZgg',
  'nickname' => '漠依念',
  'sex' => 0,
  'language' => '',
  'city' => '',
  'province' => '',
  'country' => '',
  'headimgurl' => 'https://thirdwx.qlogo.cn/mmopen/vi_32/ap93cqvlvtVUfAlaKgJe1JXG3TkJpxspvdK5OibgBfnlibdo6747Oiawoiba4h2of83l3Xkx3VfPsqb7JeYIua71Hg/132',
  'privilege' => 
  array (
  ),
  'user_type' => 'wechat',
  'staff_id' => 0,
  'agent_id' => 0,
  'division_id' => 0,
  'login_type' => 'wechat',
  'is_complete' => 1,
)
