[2023-04-07T14:29:24+08:00][error] array (
  'openid' => 'o_RmP50KNrlrxh8Eg7e-2TQzvEQ4',
  'nickname' => '〆戀上碎粹唸   ',
  'sex' => 0,
  'language' => '',
  'city' => '',
  'province' => '',
  'country' => '',
  'headimgurl' => 'https://thirdwx.qlogo.cn/mmopen/vi_32/oxgSvjSvdQUEFhaNzO87yhcp0a2E2sVaDH8OH6Qj9758P8uFbDxK37Q8RbTRNC8S74og7Iq9acrEa1croqaRYA/132',
  'privilege' => 
  array (
  ),
  'user_type' => 'wechat',
  'staff_id' => 0,
  'agent_id' => 0,
  'division_id' => 0,
  'login_type' => 'wechat',
  'is_complete' => 1,
)
[2023-04-07T21:22:25+08:00][error] array (
  'openid' => 'o_RmP5yPGxm39CyniqABMpDl2GtI',
  'nickname' => 'smile',
  'sex' => 0,
  'language' => '',
  'city' => '',
  'province' => '',
  'country' => '',
  'headimgurl' => 'https://thirdwx.qlogo.cn/mmopen/vi_32/Q0j4TwGTfTJ5EZQ9ibGV0sMKDLia554MSOBY76Lu7ltXZvYqaKXg3xDGQ8af5SFEYOpvicUWZ7g9ZOBb4CF7nibprA/132',
  'privilege' => 
  array (
  ),
  'user_type' => 'wechat',
  'staff_id' => 0,
  'agent_id' => 0,
  'division_id' => 0,
  'login_type' => 'wechat',
  'is_complete' => 1,
)
[2023-04-07T21:47:23+08:00][error] array (
  'openid' => 'o_RmP556YG0R5Qr8bglnmuJRAgD0',
  'nickname' => 'Smile',
  'sex' => 0,
  'language' => '',
  'city' => '',
  'province' => '',
  'country' => '',
  'headimgurl' => 'https://thirdwx.qlogo.cn/mmopen/vi_32/Q0j4TwGTfTKP89CBribGOD78SgfRNR8pYpGXCuvZAgsaRKLbSN45eyCZq0mYUGmmmgmvuD7TKakKU2qGJqZCFhQ/132',
  'privilege' => 
  array (
  ),
  'user_type' => 'wechat',
  'staff_id' => 0,
  'agent_id' => 0,
  'division_id' => 0,
  'login_type' => 'wechat',
  'is_complete' => 1,
)
