[2023-04-09T02:03:40+08:00][error] array (
  'openid' => 'o_RmP52WkmRqW9skLTN1sVTbpyak',
  'nickname' => '别错过我了',
  'sex' => 0,
  'language' => '',
  'city' => '',
  'province' => '',
  'country' => '',
  'headimgurl' => 'https://thirdwx.qlogo.cn/mmopen/vi_32/Q0j4TwGTfTJPlticeLr2faLtuDs5muvpdsKpTL3FsJaHhVKCee3bkXJ6oibMU1KR80PhF0YcqXCTCRmhMaKB5ic5w/132',
  'privilege' => 
  array (
  ),
  'user_type' => 'wechat',
  'staff_id' => 0,
  'agent_id' => 0,
  'division_id' => 0,
  'login_type' => 'wechat',
  'is_complete' => 1,
)
[2023-04-09T02:47:31+08:00][error] array (
  'openid' => 'o_RmP5_-_TESg3HcJK1X3TBn00BQ',
  'nickname' => 'ㅤㅤㅤ',
  'sex' => 0,
  'language' => '',
  'city' => '',
  'province' => '',
  'country' => '',
  'headimgurl' => 'https://thirdwx.qlogo.cn/mmopen/vi_32/Q0j4TwGTfTJHPb02LBdkLrc1iaHUWob6PoccKOFjP5Hho8QbtVhjzVeh4ibInVpbKq0klUdw68JbxUmyjIM5KtrQ/132',
  'privilege' => 
  array (
  ),
  'user_type' => 'wechat',
  'staff_id' => 0,
  'agent_id' => 0,
  'division_id' => 0,
  'login_type' => 'wechat',
  'is_complete' => 1,
)
[2023-04-09T03:08:18+08:00][error] array (
  'openid' => 'o_RmP50Xk1lowXhJMqbFvGnRrhvQ',
  'nickname' => '-',
  'sex' => 0,
  'language' => '',
  'city' => '',
  'province' => '',
  'country' => '',
  'headimgurl' => 'https://thirdwx.qlogo.cn/mmopen/vi_32/5ibpZ1XFaKQ552cn9aKiaR8mngcTW2P6fcHy31wf5ed13Z1HZqjYBtib6rpw4IFDZFUpJFmMmN3BBEJkVylnQocqw/132',
  'privilege' => 
  array (
  ),
  'user_type' => 'wechat',
  'staff_id' => 0,
  'agent_id' => 0,
  'division_id' => 0,
  'login_type' => 'wechat',
  'is_complete' => 1,
)
