[2023-04-10T21:16:38+08:00][error] array (
  'openid' => 'o_RmP53pD3WZz8M2nNfHkzrkco48',
  'nickname' => '曼曼',
  'sex' => 0,
  'language' => '',
  'city' => '',
  'province' => '',
  'country' => '',
  'headimgurl' => 'https://thirdwx.qlogo.cn/mmopen/vi_32/NPwAnRCsQEUjhaUKpSOiaENpgJnibqgFsriaMCQicDlKHr85mkyJTbeqDHJpxuWWsgXpAXbbHGbK4nNB1lgeMcsj9g/132',
  'privilege' => 
  array (
  ),
  'user_type' => 'wechat',
  'staff_id' => 0,
  'agent_id' => 0,
  'division_id' => 0,
  'login_type' => 'wechat',
  'is_complete' => 1,
)
[2023-04-10T22:27:51+08:00][error] array (
  'openid' => 'o_RmP56WefvKBF5KsC_5vwBKQ658',
  'nickname' => '9',
  'sex' => 0,
  'language' => '',
  'city' => '',
  'province' => '',
  'country' => '',
  'headimgurl' => 'https://thirdwx.qlogo.cn/mmopen/vi_32/SDk2bCZrZdRHvZzjEkCTjcvFbVRfpyasX9Vh0ibnPafW9oiceNLXbd7icG7PyB2w4lYAeFznFngACW09ffjicfiaRZA/132',
  'privilege' => 
  array (
  ),
  'user_type' => 'wechat',
  'staff_id' => 0,
  'agent_id' => 0,
  'division_id' => 0,
  'login_type' => 'wechat',
  'is_complete' => 1,
)
