[2023-04-11T00:47:36+08:00][error] array (
  'openid' => 'o_RmP5zXJcDiJoHTvzVquAGJV3cc',
  'nickname' => '爱得故事',
  'sex' => 0,
  'language' => '',
  'city' => '',
  'province' => '',
  'country' => '',
  'headimgurl' => 'https://thirdwx.qlogo.cn/mmopen/vi_32/b7eOkybZOs5dQU3ZtA3Tp3CZKfOhRGj0gOjMAUBkFkX6gcc7614MH8ZrdD36T8W38SXtH381McEQu06wHAGs2Q/132',
  'privilege' => 
  array (
  ),
  'user_type' => 'wechat',
  'staff_id' => 0,
  'agent_id' => 0,
  'division_id' => 0,
  'login_type' => 'wechat',
  'is_complete' => 1,
)
[2023-04-11T11:10:23+08:00][error] array (
  'openid' => 'o_RmP55K6lx5dseCpDiJkt9452kI',
  'nickname' => '_乐酷科技',
  'sex' => 0,
  'language' => '',
  'city' => '',
  'province' => '',
  'country' => '',
  'headimgurl' => 'https://thirdwx.qlogo.cn/mmopen/vi_32/znMKOqYzbbdLE5muXcWc98picV4xHz4WgMZic7JsKatnTx9dX8CcY0KrmG0x7FTp9gaO806lX7BBT9pFs1mBtQWA/132',
  'privilege' => 
  array (
  ),
  'user_type' => 'wechat',
  'staff_id' => 0,
  'agent_id' => 0,
  'division_id' => 0,
  'login_type' => 'wechat',
  'is_complete' => 1,
)
[2023-04-11T11:10:23+08:00][error] [10501]SQLSTATE[23000]: Integrity constraint violation: 1062 Duplicate entry 'o_RmP55K6lx5dseCpDiJkt9452kI' for key 'openid'[/www/wwwroot/h5.jklei.club/vendor/topthink/think-orm/src/db/PDOConnection.php:771]
[2023-04-11T11:28:36+08:00][error] array (
  'openid' => 'o_RmP5-zTWREqm88fPfoc9oH_eoQ',
  'nickname' => '一个人的世界',
  'sex' => 0,
  'language' => '',
  'city' => '',
  'province' => '',
  'country' => '',
  'headimgurl' => 'https://thirdwx.qlogo.cn/mmopen/vi_32/Q0j4TwGTfTKVFUb7aelPtoBIlUiagBibUFiaTNrBiaz3VXYu6nn5soIjng6yaSey9kzOdtLRNuTVW77xfv1zZbOzXQ/132',
  'privilege' => 
  array (
  ),
  'user_type' => 'wechat',
  'staff_id' => 0,
  'agent_id' => 0,
  'division_id' => 0,
  'login_type' => 'wechat',
  'is_complete' => 1,
)
[2023-04-11T16:53:46+08:00][error] array (
  'openid' => 'o_RmP54G4CIUjLGZn04cyZ2BRmxQ',
  'nickname' => '上心',
  'sex' => 0,
  'language' => '',
  'city' => '',
  'province' => '',
  'country' => '',
  'headimgurl' => 'https://thirdwx.qlogo.cn/mmopen/vi_32/Q0j4TwGTfTJSf7SsjPyWBr8DgtY4aicVBzO8llG5DPV1JnqkdSW95Xw5tpKnMmy35TXe7vricOpDPic6RWS0GVlKg/132',
  'privilege' => 
  array (
  ),
  'user_type' => 'wechat',
  'staff_id' => 0,
  'agent_id' => 0,
  'division_id' => 0,
  'login_type' => 'wechat',
  'is_complete' => 1,
)
[2023-04-11T22:13:28+08:00][error] array (
  'openid' => 'o_RmP5_4_3TwUBRYXuDBIiC17HII',
  'nickname' => '雾气',
  'sex' => 0,
  'language' => '',
  'city' => '',
  'province' => '',
  'country' => '',
  'headimgurl' => 'https://thirdwx.qlogo.cn/mmopen/vi_32/BbRWUicCOCyjtsWbJ6yvhrYC0KT2QsaB9PwggCt38PH0lO0C1ichK3bPRrc3n9bIDz1Vp1UtO5EcibuqiadYib9R13w/132',
  'privilege' => 
  array (
  ),
  'user_type' => 'wechat',
  'staff_id' => 0,
  'agent_id' => 0,
  'division_id' => 0,
  'login_type' => 'wechat',
  'is_complete' => 1,
)
