[2023-04-13T01:58:47+08:00][error] array (
  'openid' => 'o_RmP54_3wSX82bk9FXd6Hg_xtUQ',
  'nickname' => 'hhxz',
  'sex' => 0,
  'language' => '',
  'city' => '',
  'province' => '',
  'country' => '',
  'headimgurl' => 'https://thirdwx.qlogo.cn/mmopen/vi_32/DgGdbqtpwe6bKu6FgNfDjkvRyDQ3XHEfrQy3ZX4R6ZN3RhdfebWrkvSTGbOrX4FxxnvRWIT7zOOPKVeoKf2cew/132',
  'privilege' => 
  array (
  ),
  'user_type' => 'wechat',
  'staff_id' => 0,
  'agent_id' => 0,
  'division_id' => 0,
  'login_type' => 'wechat',
  'is_complete' => 1,
)
[2023-04-13T16:34:52+08:00][error] [0]接口请求失败:请填写用户名[/www/wwwroot/h5.jklei.club/crmeb/services/AccessTokenServeService.php:127]
[2023-04-13T18:51:18+08:00][error] array (
  'openid' => 'o_RmP59AbvW_II-P-xhMt7XKH3LI',
  'nickname' => 'C，',
  'sex' => 0,
  'language' => '',
  'city' => '',
  'province' => '',
  'country' => '',
  'headimgurl' => 'https://thirdwx.qlogo.cn/mmopen/vi_32/a7T8UU4LexUibfIOtme8CMicHRZpG2kqzRlsHGEhowCYJNtVMKr7hqx5HRiaEEktgC61ibggqSG0HWqOyz2P7gUWWg/132',
  'privilege' => 
  array (
  ),
  'user_type' => 'wechat',
  'staff_id' => 0,
  'agent_id' => 0,
  'division_id' => 0,
  'login_type' => 'wechat',
  'is_complete' => 1,
)
