[2023-04-14T10:45:00+08:00][error] array (
  'openid' => 'o_RmP5ypqDlY2CunaakQFr9pvFqU',
  'nickname' => '鱼汤',
  'sex' => 0,
  'language' => '',
  'city' => '',
  'province' => '',
  'country' => '',
  'headimgurl' => 'https://thirdwx.qlogo.cn/mmopen/vi_32/kHzFLDAfayvKGWDMWeAhQMyF0pdwuVsqpicE63c0T18tDYTgibuWncVtuo0WWKRUxbSs0V0zK354pY1WWiaVZXdeQ/132',
  'privilege' => 
  array (
  ),
  'user_type' => 'wechat',
  'staff_id' => 0,
  'agent_id' => 0,
  'division_id' => 0,
  'login_type' => 'wechat',
  'is_complete' => 1,
)
[2023-04-14T12:13:11+08:00][error] array (
  'openid' => 'o_RmP51WcZc4gjWSDDpseeUKeEVc',
  'nickname' => '市民小糖',
  'sex' => 0,
  'language' => '',
  'city' => '',
  'province' => '',
  'country' => '',
  'headimgurl' => 'https://thirdwx.qlogo.cn/mmopen/vi_32/oPkzbjXGtUwiaeETBdV2JT20LmXNN5t4iciaiclmKM7S8UZINXlVUiaAHzZvh9F6zvERFh7kSEShUXdTq4dVMpicfRpg/132',
  'privilege' => 
  array (
  ),
  'user_type' => 'wechat',
  'staff_id' => 0,
  'agent_id' => 0,
  'division_id' => 0,
  'login_type' => 'wechat',
  'is_complete' => 1,
)
[2023-04-14T12:36:04+08:00][error] array (
  'openid' => 'o_RmP51Cgz-0GglirvKStKsUDCEY',
  'nickname' => '不吃香菜',
  'sex' => 0,
  'language' => '',
  'city' => '',
  'province' => '',
  'country' => '',
  'headimgurl' => 'https://thirdwx.qlogo.cn/mmopen/vi_32/tictrPdTBc1IcvvRC10SseRdyrJ8dKpjOicaDhrvX9hApDVafjQfu74sgmmCqczLL30UqdGia9GdWUDKnWtRPgKhA/132',
  'privilege' => 
  array (
  ),
  'user_type' => 'wechat',
  'staff_id' => 0,
  'agent_id' => 0,
  'division_id' => 0,
  'login_type' => 'wechat',
  'is_complete' => 1,
)
[2023-04-14T13:03:57+08:00][error] array (
  'openid' => 'o_RmP56E1dmNi69vHo3-nqqrlVhs',
  'nickname' => '小唐不吃辣',
  'sex' => 0,
  'language' => '',
  'city' => '',
  'province' => '',
  'country' => '',
  'headimgurl' => 'https://thirdwx.qlogo.cn/mmopen/vi_32/fkRd3E6BHXl08kPlYeDIm6FgwrzIHTBLDCnUSkOhI1m38qia5cGdI7OdTIe1LlRX4icwedzX24OvSKHVPIT1ZRyg/132',
  'privilege' => 
  array (
  ),
  'user_type' => 'wechat',
  'staff_id' => 0,
  'agent_id' => 0,
  'division_id' => 0,
  'login_type' => 'wechat',
  'is_complete' => 1,
)
[2023-04-14T14:07:58+08:00][error] array (
  'openid' => 'o_RmP59YQMs53gYm8N0o5tdlgsik',
  'nickname' => 'winQ',
  'sex' => 0,
  'language' => '',
  'city' => '',
  'province' => '',
  'country' => '',
  'headimgurl' => 'https://thirdwx.qlogo.cn/mmopen/vi_32/DYAIOgq83eqwW5JgGtMwY2tqeKT6emqZQ0Q7AXdEPpxsuhuKkQv1zoy1akrib8LyZqf2E6vG6ViciaphqibYwyQcHQ/132',
  'privilege' => 
  array (
  ),
  'user_type' => 'wechat',
  'staff_id' => 0,
  'agent_id' => 0,
  'division_id' => 0,
  'login_type' => 'wechat',
  'is_complete' => 1,
)
