[2023-04-15T16:19:58+08:00][error] array (
  'openid' => 'o_RmP5zGjMjIhiSjsO532r4Eafbk',
  'nickname' => '1',
  'sex' => 0,
  'language' => '',
  'city' => '',
  'province' => '',
  'country' => '',
  'headimgurl' => 'https://thirdwx.qlogo.cn/mmopen/vi_32/Q0j4TwGTfTJoiar0OoeEdcyzY8fC0fWa2BsB7ic3KpJMVYjXObYeG5jh7rpOINuqBSUxhHaITNqVhpuWU3NUEf0A/132',
  'privilege' => 
  array (
  ),
  'user_type' => 'wechat',
  'staff_id' => 0,
  'agent_id' => 0,
  'division_id' => 0,
  'login_type' => 'wechat',
  'is_complete' => 1,
)
[2023-04-15T16:46:33+08:00][error] array (
  'openid' => 'o_RmP52Vn7252Uw9aTVz-IAiCceY',
  'nickname' => 'sailer',
  'sex' => 0,
  'language' => '',
  'city' => '',
  'province' => '',
  'country' => '',
  'headimgurl' => 'https://thirdwx.qlogo.cn/mmopen/vi_32/DYAIOgq83erzZIGJxhAHg78VVy68lCg17WgBzwS2CVzhDCDOwbOTdNEfomAWaOy2uMxgtYibloCWQ4icJ2PlaD8Q/132',
  'privilege' => 
  array (
  ),
  'user_type' => 'wechat',
  'staff_id' => 0,
  'agent_id' => 0,
  'division_id' => 0,
  'login_type' => 'wechat',
  'is_complete' => 1,
)
[2023-04-15T16:46:34+08:00][error] array (
  'openid' => 'o_RmP54D54OGX6ticjhfx6ivY1uY',
  'nickname' => '人间皆安',
  'sex' => 0,
  'language' => '',
  'city' => '',
  'province' => '',
  'country' => '',
  'headimgurl' => 'https://thirdwx.qlogo.cn/mmopen/vi_32/M0TTYA7lvC171ib3jT28iae6m5ibNHcibEia4Cfg6Ttm3ugWty9STxazibndjwXgUZ7EIsGt0J3mq1jBUtpgr0LmW7qg/132',
  'privilege' => 
  array (
  ),
  'user_type' => 'wechat',
  'staff_id' => 0,
  'agent_id' => 0,
  'division_id' => 0,
  'login_type' => 'wechat',
  'is_complete' => 1,
)
[2023-04-15T23:18:45+08:00][error] array (
  'openid' => 'o_RmP50vV2oqlO7jffo6eRtMRcJw',
  'nickname' => 'Y',
  'sex' => 0,
  'language' => '',
  'city' => '',
  'province' => '',
  'country' => '',
  'headimgurl' => 'https://thirdwx.qlogo.cn/mmopen/vi_32/Q0j4TwGTfTIsDuic1oH8OTMZnJibDDpD9mwwKicxPUwYCvaspn0jcGXbtxWD9iaZyXNM6UrDzC0IZOyuDkr0w1IibKQ/132',
  'privilege' => 
  array (
  ),
  'user_type' => 'wechat',
  'staff_id' => 0,
  'agent_id' => 0,
  'division_id' => 0,
  'login_type' => 'wechat',
  'is_complete' => 1,
)
