[2023-04-16T12:49:08+08:00][error] array (
  'openid' => 'o_RmP52VjrikxE7q5Or8bPlzjzC0',
  'nickname' => '笨蛋美女',
  'sex' => 0,
  'language' => '',
  'city' => '',
  'province' => '',
  'country' => '',
  'headimgurl' => 'https://thirdwx.qlogo.cn/mmopen/vi_32/bgtKjKDncPL93ra5golVjBeYVANBy0A1nUGXiagmTgDtHLeNbJENf41V2rlAuLLNyLMbIZA4ckHdDJWpiaqJkcHQ/132',
  'privilege' => 
  array (
  ),
  'user_type' => 'wechat',
  'staff_id' => 0,
  'agent_id' => 0,
  'division_id' => 0,
  'login_type' => 'wechat',
  'is_complete' => 1,
)
[2023-04-16T13:01:00+08:00][error] array (
  'openid' => 'o_RmP5wpEPBNv8BR_S9MkokL5aMI',
  'nickname' => '小幸运^_^',
  'sex' => 0,
  'language' => '',
  'city' => '',
  'province' => '',
  'country' => '',
  'headimgurl' => 'https://thirdwx.qlogo.cn/mmopen/vi_32/KWfwatrwK3AibTWL9uVrB0q93VT1ZcSOwncWOFJS6picHFNC5zbwf0X1Tn0ZBUJ43YjWibzJrwguGic2LeuFWHQXicA/132',
  'privilege' => 
  array (
  ),
  'user_type' => 'wechat',
  'staff_id' => 0,
  'agent_id' => 0,
  'division_id' => 0,
  'login_type' => 'wechat',
  'is_complete' => 1,
)
[2023-04-16T13:50:34+08:00][error] array (
  'openid' => 'o_RmP59TuxUPub1z5GCkC9sMIQ6Y',
  'nickname' => ' 叶子℡',
  'sex' => 0,
  'language' => '',
  'city' => '',
  'province' => '',
  'country' => '',
  'headimgurl' => 'https://thirdwx.qlogo.cn/mmopen/vi_32/Q0j4TwGTfTKaibEtgC5S5Oia8llic3CqfjLxaqpiac9Cd9UEhBJria45nZ19zvLken8uia5upOMxdtO9ibqYsPvEryV6g/132',
  'privilege' => 
  array (
  ),
  'user_type' => 'wechat',
  'staff_id' => 0,
  'agent_id' => 0,
  'division_id' => 0,
  'login_type' => 'wechat',
  'is_complete' => 1,
)
[2023-04-16T15:21:11+08:00][error] [400]Invalid request XML.[/www/wwwroot/h5.jklei.club/vendor/overtrue/wechat/src/Payment/Notify.php:101]
[2023-04-16T15:25:40+08:00][error] [400]Invalid request XML.[/www/wwwroot/h5.jklei.club/vendor/overtrue/wechat/src/Payment/Notify.php:101]
[2023-04-16T15:25:41+08:00][error] [400]Invalid request XML.[/www/wwwroot/h5.jklei.club/vendor/overtrue/wechat/src/Payment/Notify.php:101]
[2023-04-16T15:25:42+08:00][error] [400]Invalid request XML.[/www/wwwroot/h5.jklei.club/vendor/overtrue/wechat/src/Payment/Notify.php:101]
[2023-04-16T15:25:43+08:00][error] [400]Invalid request XML.[/www/wwwroot/h5.jklei.club/vendor/overtrue/wechat/src/Payment/Notify.php:101]
[2023-04-16T15:25:44+08:00][error] [400]Invalid request XML.[/www/wwwroot/h5.jklei.club/vendor/overtrue/wechat/src/Payment/Notify.php:101]
[2023-04-16T15:25:45+08:00][error] [400]Invalid request payloads.[/www/wwwroot/h5.jklei.club/vendor/overtrue/wechat/src/Payment/Payment.php:108]
[2023-04-16T15:25:45+08:00][error] [400]Invalid request XML: simplexml_load_string(): Entity: line 5: parser error : Start tag expected, '&lt;' not found[/www/wwwroot/h5.jklei.club/vendor/overtrue/wechat/src/Payment/Notify.php:95]
[2023-04-16T15:25:45+08:00][error] [400]Invalid request XML: simplexml_load_string(): Entity: line 5: parser error : Start tag expected, '&lt;' not found[/www/wwwroot/h5.jklei.club/vendor/overtrue/wechat/src/Payment/Notify.php:95]
[2023-04-16T15:39:58+08:00][error] [8]Trying to get property 'agent_id' of non-object[/www/wwwroot/h5.jklei.club/app/services/user/LoginServices.php:128]
[2023-04-16T16:22:59+08:00][error] [8]Trying to get property 'agent_id' of non-object[/www/wwwroot/h5.jklei.club/app/services/user/LoginServices.php:128]
[2023-04-16T16:24:48+08:00][error] [8]Trying to get property 'agent_id' of non-object[/www/wwwroot/h5.jklei.club/app/services/user/LoginServices.php:128]
[2023-04-16T16:25:22+08:00][error] [8]Trying to get property 'agent_id' of non-object[/www/wwwroot/h5.jklei.club/app/services/user/LoginServices.php:128]
[2023-04-16T16:51:27+08:00][error] [8]Trying to get property 'agent_id' of non-object[/www/wwwroot/h5.jklei.club/app/services/user/LoginServices.php:128]
[2023-04-16T16:52:46+08:00][error] array (
  'openid' => 'o_RmP527MwRKHjtvXz6IfaBvi-Ng',
  'nickname' => '成躲躲',
  'sex' => 0,
  'language' => '',
  'city' => '',
  'province' => '',
  'country' => '',
  'headimgurl' => 'https://thirdwx.qlogo.cn/mmopen/vi_32/ldPc8lKgZHzsklhBibED2XQT41picAichOvE81Qrrjcm9dZ6xibe1dl2QbzicI8CCdS7RK997t39PZAwN3SJG0xPSLA/132',
  'privilege' => 
  array (
  ),
  'user_type' => 'wechat',
  'staff_id' => 0,
  'agent_id' => 0,
  'division_id' => 0,
  'login_type' => 'wechat',
  'is_complete' => 1,
)
[2023-04-16T17:50:47+08:00][error] array (
  'openid' => 'o_RmP5_WaKgU29gupSnaIceWzxZU',
  'nickname' => '单身一人的世界',
  'sex' => 0,
  'language' => '',
  'city' => '',
  'province' => '',
  'country' => '',
  'headimgurl' => 'https://thirdwx.qlogo.cn/mmopen/vi_32/qTlfVhIBVibaDxdJzj5qbmjPHvsGMXVrRm1E9uwdnsIFCcTiaMriccGJ9sCz2D1KsuR3UMmibsS2UgNHDcEW9XG2tw/132',
  'privilege' => 
  array (
  ),
  'user_type' => 'wechat',
  'staff_id' => 0,
  'agent_id' => 0,
  'division_id' => 0,
  'login_type' => 'wechat',
  'is_complete' => 1,
)
[2023-04-16T21:41:06+08:00][error] array (
  'openid' => 'o_RmP57x1b9qibc7Kq7OzJ1gZYOA',
  'nickname' => '小仙女',
  'sex' => 0,
  'language' => '',
  'city' => '',
  'province' => '',
  'country' => '',
  'headimgurl' => 'https://thirdwx.qlogo.cn/mmopen/vi_32/PIGZVzlK54DhcHMk1RmbEsnGB5VZKxfOFkfiaM4CQvKfFyITxfW4ziavxckicFuHoHacq8EPJxUkU2oKeIFBT4fMQ/132',
  'privilege' => 
  array (
  ),
  'user_type' => 'wechat',
  'staff_id' => 0,
  'agent_id' => 0,
  'division_id' => 0,
  'login_type' => 'wechat',
  'is_complete' => 1,
)
[2023-04-16T22:43:55+08:00][error] [8]Trying to get property 'agent_id' of non-object[/www/wwwroot/h5.jklei.club/app/services/user/LoginServices.php:128]
[2023-04-16T23:24:15+08:00][error] [8]Trying to get property 'agent_id' of non-object[/www/wwwroot/h5.jklei.club/app/services/user/LoginServices.php:128]
