[2023-04-18T01:23:00+08:00][error] array (
  'openid' => 'o_RmP55UzaXrLnPolsVfOI8qO0u8',
  'nickname' => '美美哒',
  'sex' => 0,
  'language' => '',
  'city' => '',
  'province' => '',
  'country' => '',
  'headimgurl' => 'https://thirdwx.qlogo.cn/mmopen/vi_32/Q0j4TwGTfTIPAzEIcearzAm301TX1kWlUO0FzXYMnbuXhf96pFppTnibKYtfjfiaFTBa9GUM6t1raerE27YrB5pw/132',
  'privilege' => 
  array (
  ),
  'user_type' => 'wechat',
  'staff_id' => 0,
  'agent_id' => 0,
  'division_id' => 0,
  'login_type' => 'wechat',
  'is_complete' => 1,
)
[2023-04-18T13:14:57+08:00][error] array (
  'openid' => 'o_RmP5xw7AvlXE6zQ35TY8nLK0Hw',
  'nickname' => '后来',
  'sex' => 0,
  'language' => '',
  'city' => '',
  'province' => '',
  'country' => '',
  'headimgurl' => 'https://thirdwx.qlogo.cn/mmopen/vi_32/2Av11wmZMOBYLpNmgLMADKt9pxNflrq6rWQQT8icTaEdoNU6R3s7HYcnlxW869fbQ0l4J4LSnPwBiaXF2h93RZuQ/132',
  'privilege' => 
  array (
  ),
  'user_type' => 'wechat',
  'staff_id' => 0,
  'agent_id' => 0,
  'division_id' => 0,
  'login_type' => 'wechat',
  'is_complete' => 1,
)
[2023-04-18T13:54:51+08:00][error] array (
  'openid' => 'o_RmP58GbjXTnl5cirRDOGRuL8-A',
  'nickname' => '易燃',
  'sex' => 0,
  'language' => '',
  'city' => '',
  'province' => '',
  'country' => '',
  'headimgurl' => 'https://thirdwx.qlogo.cn/mmopen/vi_32/DYAIOgq83erd28gtUpJsMgX9LTOqAxhCykfnJvwDcseRWEsImXiaf9L5swaHxq6ZJWOunJK8XjibnJptMXkWMFhw/132',
  'privilege' => 
  array (
  ),
  'user_type' => 'wechat',
  'staff_id' => 0,
  'agent_id' => 0,
  'division_id' => 0,
  'login_type' => 'wechat',
  'is_complete' => 1,
)
