[2023-04-20T07:42:48+08:00][error] array (
  'openid' => 'o0ojJ5oydea-q5q3L4x0zWKsY87E',
  'nickname' => '陈*玲',
  'sex' => 0,
  'language' => '',
  'city' => '',
  'province' => '',
  'country' => '',
  'headimgurl' => 'https://thirdwx.qlogo.cn/mmopen/vi_32/XZPzYlmX1vvCGl8ibiaN1S053rqJ07ZyBabVtSicYUjsrpuicZlKvoLs8NBr75200YqPEDiaRpmaiagiaf2oXmaOnu7xw/132',
  'privilege' => 
  array (
  ),
  'user_type' => 'wechat',
  'staff_id' => 0,
  'agent_id' => 0,
  'division_id' => 0,
  'login_type' => 'wechat',
  'is_complete' => 1,
)
[2023-04-20T11:02:30+08:00][error] array (
  'openid' => 'o0ojJ5iMSxU91pgwrQ8WtGUL7k9o',
  'nickname' => '小幸运^_^',
  'sex' => 0,
  'language' => '',
  'city' => '',
  'province' => '',
  'country' => '',
  'headimgurl' => 'https://thirdwx.qlogo.cn/mmopen/vi_32/YrC9Zn1AwmHqGeGc0xwdc7q7WzEPkYBjzw2KFA9aljicq9x0Iy4dTXVJBuPyWlRR8PRZibPJR6vUWfUYJvztVIZw/132',
  'privilege' => 
  array (
  ),
  'user_type' => 'wechat',
  'staff_id' => 0,
  'agent_id' => 0,
  'division_id' => 0,
  'login_type' => 'wechat',
  'is_complete' => 1,
)
[2023-04-20T11:21:24+08:00][error] array (
  'openid' => 'o0ojJ5uijojHthP_HXEMlZ3TxRsk',
  'nickname' => 'winQ',
  'sex' => 0,
  'language' => '',
  'city' => '',
  'province' => '',
  'country' => '',
  'headimgurl' => 'https://thirdwx.qlogo.cn/mmopen/vi_32/DYAIOgq83erRl7HJKr3NP2ysicRxaGwSrFX3JSKiaolP9Dk8y4ufjKhZthPanApm4MBR02xa0GyribSPbRyH5BzwQ/132',
  'privilege' => 
  array (
  ),
  'user_type' => 'wechat',
  'staff_id' => 0,
  'agent_id' => 0,
  'division_id' => 0,
  'login_type' => 'wechat',
  'is_complete' => 1,
)
[2023-04-20T12:28:47+08:00][error] array (
  'openid' => 'o0ojJ5uweoRdzfLMTw8efUVbJ6PQ',
  'nickname' => '不吃香菜',
  'sex' => 0,
  'language' => '',
  'city' => '',
  'province' => '',
  'country' => '',
  'headimgurl' => 'https://thirdwx.qlogo.cn/mmopen/vi_32/M0TTYA7lvC252oD9BIdvTkUwLdLbTOgms2kRg09Of22X2NiaibFjJVmFibKckoJ7OL61CgXlKU5zpibexwibUryYdAg/132',
  'privilege' => 
  array (
  ),
  'user_type' => 'wechat',
  'staff_id' => 0,
  'agent_id' => 0,
  'division_id' => 0,
  'login_type' => 'wechat',
  'is_complete' => 1,
)
[2023-04-20T13:15:17+08:00][error] array (
  'openid' => 'o0ojJ5oeE18hLv95cyXjqqeLYKWY',
  'nickname' => '半世琉璃',
  'sex' => 0,
  'language' => '',
  'city' => '',
  'province' => '',
  'country' => '',
  'headimgurl' => 'https://thirdwx.qlogo.cn/mmopen/vi_32/1ZHhicDkgFtIalpjPJibUSeyrY9rppZNPVjOO45Vj6ic8ibUfA0K1GHE4Nj6WZBGHj8ygVASl75cuCPWZ8OylicwiaLg/132',
  'privilege' => 
  array (
  ),
  'user_type' => 'wechat',
  'staff_id' => 0,
  'agent_id' => 0,
  'division_id' => 0,
  'login_type' => 'wechat',
  'is_complete' => 1,
)
[2023-04-20T13:54:20+08:00][error] array (
  'openid' => 'o0ojJ5uTR-JUjRzFitHO4Z9VmA1Y',
  'nickname' => '〆戀上碎粹唸   ',
  'sex' => 0,
  'language' => '',
  'city' => '',
  'province' => '',
  'country' => '',
  'headimgurl' => 'https://thirdwx.qlogo.cn/mmopen/vi_32/bLsicA8iacAFZKIibwqnXkpdnHFOncyUyAYnasOTdba5emVrlo6HoTSrorr9PFV1CVDiaLoHWBu9gbvMWfg6FqgUFw/132',
  'privilege' => 
  array (
  ),
  'user_type' => 'wechat',
  'staff_id' => 0,
  'agent_id' => 0,
  'division_id' => 0,
  'login_type' => 'wechat',
  'is_complete' => 1,
)
[2023-04-20T16:44:40+08:00][error] array (
  'openid' => 'o0ojJ5t8n4UaegoINgO3Xl1KRwss',
  'nickname' => '不吃香菜',
  'sex' => 0,
  'language' => '',
  'city' => '',
  'province' => '',
  'country' => '',
  'headimgurl' => 'https://thirdwx.qlogo.cn/mmopen/vi_32/Q0j4TwGTfTKevbhl7NSRMGLrnpuaZXNbnF5QGfoDIlMX295ZgUuL2527pOQgayEb2dKZckNwUfYHOoaV4O2OJw/132',
  'privilege' => 
  array (
  ),
  'user_type' => 'wechat',
  'staff_id' => 0,
  'agent_id' => 0,
  'division_id' => 0,
  'login_type' => 'wechat',
  'is_complete' => 1,
)
[2023-04-20T17:23:00+08:00][error] array (
  'openid' => 'o0ojJ5r7ovfJ0_jjvdd1KT-NpJvk',
  'nickname' => '浅陌',
  'sex' => 0,
  'language' => '',
  'city' => '',
  'province' => '',
  'country' => '',
  'headimgurl' => 'https://thirdwx.qlogo.cn/mmopen/vi_32/Q0j4TwGTfTIyTlfoKsNjibYxAHedRT32Psq6bFYUjB8eo216kb5Rnicocewu29mV9AB6p71fXwalvpHSEYNBSUcw/132',
  'privilege' => 
  array (
  ),
  'user_type' => 'wechat',
  'staff_id' => 0,
  'agent_id' => 0,
  'division_id' => 0,
  'login_type' => 'wechat',
  'is_complete' => 1,
)
[2023-04-20T17:32:30+08:00][error] array (
  'openid' => 'o0ojJ5jDWMC6_45-S1mqO1KIB_0k',
  'nickname' => '哈哈',
  'sex' => 0,
  'language' => '',
  'city' => '',
  'province' => '',
  'country' => '',
  'headimgurl' => 'https://thirdwx.qlogo.cn/mmopen/vi_32/k11lwfzRIibpjNhwHCWrPJ7Je4icDEMIu595sqDWZUbmfs6tDgE5BwQlic2eKUNU9CBEbWHGNvmM2iao3uWYo6yqNw/132',
  'privilege' => 
  array (
  ),
  'user_type' => 'wechat',
  'staff_id' => 0,
  'agent_id' => 0,
  'division_id' => 0,
  'login_type' => 'wechat',
  'is_complete' => 1,
)
[2023-04-20T19:58:16+08:00][error] array (
  'openid' => 'o0ojJ5nShS8aGMN5MHGbfyo20oE0',
  'nickname' => 'A',
  'sex' => 0,
  'language' => '',
  'city' => '',
  'province' => '',
  'country' => '',
  'headimgurl' => 'https://thirdwx.qlogo.cn/mmopen/vi_32/ecvebFT6mibOT2DbbFDKHTG8fjnpHk991skrDobfbHO5fX8t5liar9y8FhrBgeVgDGcwNd1XaYVEx0aM003lJr2Q/132',
  'privilege' => 
  array (
  ),
  'user_type' => 'wechat',
  'staff_id' => 0,
  'agent_id' => 0,
  'division_id' => 0,
  'login_type' => 'wechat',
  'is_complete' => 1,
)
[2023-04-20T21:34:03+08:00][error] array (
  'openid' => 'o0ojJ5izY6KNDri1E677KltK82Bc',
  'nickname' => '月夕花晨',
  'sex' => 0,
  'language' => '',
  'city' => '',
  'province' => '',
  'country' => '',
  'headimgurl' => 'https://thirdwx.qlogo.cn/mmopen/vi_32/7CJzEnRbrfzgQ1VqKSKAYbTgYpibYOe0ziaIhRuYv5HMXxcTpbXdKx78PXRsLdbtszSLxzbsOzO3gkOQLiaDR3BOA/132',
  'privilege' => 
  array (
  ),
  'user_type' => 'wechat',
  'staff_id' => 0,
  'agent_id' => 0,
  'division_id' => 0,
  'login_type' => 'wechat',
  'is_complete' => 1,
)
