[2023-04-21T10:53:01+08:00][error] array (
  'openid' => 'o0ojJ5kDkBbna1BfDYOfjd_LuYwA',
  'nickname' => '单身一人的世界',
  'sex' => 0,
  'language' => '',
  'city' => '',
  'province' => '',
  'country' => '',
  'headimgurl' => 'https://thirdwx.qlogo.cn/mmopen/vi_32/Bra1pVUwv9niabpfOmKZPCh77OqwADVRk4Nib68c1KHicPc2rvyqAWp2zYHMibv6pXyRZZmZVsg79vOvTicSPVE9zibQ/132',
  'privilege' => 
  array (
  ),
  'user_type' => 'wechat',
  'staff_id' => 0,
  'agent_id' => 0,
  'division_id' => 0,
  'login_type' => 'wechat',
  'is_complete' => 1,
)
[2023-04-21T12:31:05+08:00][error] array (
  'openid' => 'o0ojJ5mp5HK40qeMBsyn7nZ5JQiw',
  'nickname' => '小唐不吃辣',
  'sex' => 0,
  'language' => '',
  'city' => '',
  'province' => '',
  'country' => '',
  'headimgurl' => 'https://thirdwx.qlogo.cn/mmopen/vi_32/ULLvmXA8ia8iaddLKF1QmOZatmuDCnQABIyDvuuWjFt886g4p5WvibiaTaExU0Bia1XcJagb0eQ54uhV93OGGnwh7tA/132',
  'privilege' => 
  array (
  ),
  'user_type' => 'wechat',
  'staff_id' => 0,
  'agent_id' => 0,
  'division_id' => 0,
  'login_type' => 'wechat',
  'is_complete' => 1,
)
[2023-04-21T13:19:29+08:00][error] array (
  'openid' => 'o0ojJ5hdzFjhKJjylMX0sSXSoZBA',
  'nickname' => 'smile',
  'sex' => 0,
  'language' => '',
  'city' => '',
  'province' => '',
  'country' => '',
  'headimgurl' => 'https://thirdwx.qlogo.cn/mmopen/vi_32/KcGHxg3ic3js54dPt9EfR1yjlpkI1HgerdD9HnfNn3dyCocS7rPkbTdclLStAVRia1HgDCOsSxHpJFu4NOdlteOw/132',
  'privilege' => 
  array (
  ),
  'user_type' => 'wechat',
  'staff_id' => 0,
  'agent_id' => 0,
  'division_id' => 0,
  'login_type' => 'wechat',
  'is_complete' => 1,
)
[2023-04-21T13:54:52+08:00][error] array (
  'openid' => 'o0ojJ5v7FcC0wer5Am05TSAi23mQ',
  'nickname' => '9',
  'sex' => 0,
  'language' => '',
  'city' => '',
  'province' => '',
  'country' => '',
  'headimgurl' => 'https://thirdwx.qlogo.cn/mmopen/vi_32/siaMGprLahEMtlXLibuj6davjuqcoicsHMiazRyYAMgnsHON0sCFtQNkZnYfp4Havw1F1Gq2JzfV18foLX3KmqOKZg/132',
  'privilege' => 
  array (
  ),
  'user_type' => 'wechat',
  'staff_id' => 0,
  'agent_id' => 0,
  'division_id' => 0,
  'login_type' => 'wechat',
  'is_complete' => 1,
)
[2023-04-21T14:17:15+08:00][error] array (
  'openid' => 'o0ojJ5kZOFoTg-QmRqbMmlI6wMJs',
  'nickname' => '鱼干',
  'sex' => 0,
  'language' => '',
  'city' => '',
  'province' => '',
  'country' => '',
  'headimgurl' => 'https://thirdwx.qlogo.cn/mmopen/vi_32/5DTlrMmgCwDp2LTjEYeaPwfFGPArwhQH5ib3Fkic8em9kBGPGUeW7qI6q0ufmL3GxofzMMYnOxayfQ5SFTRHtp2Q/132',
  'privilege' => 
  array (
  ),
  'user_type' => 'wechat',
  'staff_id' => 0,
  'agent_id' => 0,
  'division_id' => 0,
  'login_type' => 'wechat',
  'is_complete' => 1,
)
[2023-04-21T16:59:36+08:00][error] array (
  'openid' => 'o0ojJ5r3Z4p02W9f7skvO01_8uvY',
  'nickname' => '吃了么乖',
  'sex' => 0,
  'language' => '',
  'city' => '',
  'province' => '',
  'country' => '',
  'headimgurl' => 'https://thirdwx.qlogo.cn/mmopen/vi_32/Q0j4TwGTfTLIsYuhMzuTxiaVmAicGDT0lZztYARHVPnFQpfhYjibY5aToPoulhVRFXnHEibuH6qkich8O4Blncuibicug/132',
  'privilege' => 
  array (
  ),
  'user_type' => 'wechat',
  'staff_id' => 0,
  'agent_id' => 0,
  'division_id' => 0,
  'login_type' => 'wechat',
  'is_complete' => 1,
)
[2023-04-21T20:47:18+08:00][error] array (
  'openid' => 'o0ojJ5tced_yFKvxyxwwIXxzYSB4',
  'nickname' => '小唐不吃辣',
  'sex' => 0,
  'language' => '',
  'city' => '',
  'province' => '',
  'country' => '',
  'headimgurl' => 'https://thirdwx.qlogo.cn/mmopen/vi_32/DYAIOgq83eqeLFgdqqVebl9BxInJibalw4QPwXQLUMgWEawo1YXcUzFPuWlPqWhucfyKiczQz0DBuyIbvRMJWgFw/132',
  'privilege' => 
  array (
  ),
  'user_type' => 'wechat',
  'staff_id' => 0,
  'agent_id' => 0,
  'division_id' => 0,
  'login_type' => 'wechat',
  'is_complete' => 1,
)
