[2023-04-22T11:51:44+08:00][error] array (
  'openid' => 'o0ojJ5qVlj4PC14ZXyCoQ7IvOth8',
  'nickname' => '曼曼',
  'sex' => 0,
  'language' => '',
  'city' => '',
  'province' => '',
  'country' => '',
  'headimgurl' => 'https://thirdwx.qlogo.cn/mmopen/vi_32/oZ9ZurVOuE97js2Fn1sQya2q4hicT3WpVA8WiaVPpadnFIsau2NAASa3K4ibLiccy8hI05n9Q5icLTrzqic0fmGOYQLQ/132',
  'privilege' => 
  array (
  ),
  'user_type' => 'wechat',
  'staff_id' => 0,
  'agent_id' => 0,
  'division_id' => 0,
  'login_type' => 'wechat',
  'is_complete' => 1,
)
[2023-04-22T13:24:12+08:00][error] array (
  'openid' => 'o0ojJ5pyK-iVRHN5Mjqzt8zO-ffQ',
  'nickname' => '会长大',
  'sex' => 0,
  'language' => '',
  'city' => '',
  'province' => '',
  'country' => '',
  'headimgurl' => 'https://thirdwx.qlogo.cn/mmopen/vi_32/mEJAZOoXYBBs8CibTHfsEyQzDsV3caSdss1IrS2BlZ7YRx7jSX9VjhII6xyhoXUgRFgbJy10VuHicoxx8Hrjxxkw/132',
  'privilege' => 
  array (
  ),
  'user_type' => 'wechat',
  'staff_id' => 0,
  'agent_id' => 0,
  'division_id' => 0,
  'login_type' => 'wechat',
  'is_complete' => 1,
)
[2023-04-22T20:48:17+08:00][error] [8]Trying to get property 'agent_id' of non-object[/www/wwwroot/600.k0513.top/app/services/user/LoginServices.php:128]
[2023-04-22T20:48:58+08:00][error] [8]Trying to get property 'agent_id' of non-object[/www/wwwroot/600.k0513.top/app/services/user/LoginServices.php:128]
[2023-04-22T20:49:28+08:00][error] [8]Trying to get property 'agent_id' of non-object[/www/wwwroot/600.k0513.top/app/services/user/LoginServices.php:128]
[2023-04-22T20:49:47+08:00][error] [8]Trying to get property 'agent_id' of non-object[/www/wwwroot/600.k0513.top/app/services/user/LoginServices.php:128]
[2023-04-22T20:51:00+08:00][error] [8]Trying to get property 'agent_id' of non-object[/www/wwwroot/600.k0513.top/app/services/user/LoginServices.php:128]
[2023-04-22T20:51:35+08:00][error] [8]Trying to get property 'agent_id' of non-object[/www/wwwroot/600.k0513.top/app/services/user/LoginServices.php:128]
[2023-04-22T20:55:53+08:00][error] [8]Trying to get property 'agent_id' of non-object[/www/wwwroot/600.k0513.top/app/services/user/LoginServices.php:128]
[2023-04-22T20:56:00+08:00][error] [8]Trying to get property 'agent_id' of non-object[/www/wwwroot/600.k0513.top/app/services/user/LoginServices.php:128]
[2023-04-22T20:57:45+08:00][error] [8]Trying to get property 'agent_id' of non-object[/www/wwwroot/600.k0513.top/app/services/user/LoginServices.php:128]
[2023-04-22T21:03:28+08:00][error] array (
  'openid' => 'o0ojJ5tR0K46Dt49nHUJAhH_gT5c',
  'nickname' => '十一',
  'sex' => 0,
  'language' => '',
  'city' => '',
  'province' => '',
  'country' => '',
  'headimgurl' => 'https://thirdwx.qlogo.cn/mmopen/vi_32/1moncf8IPCtl4JEtTJNqsFczQZOALhevDP0zEhTgLVjCob8AEn3XZibsmwHEgsKpngjTec3N6IJSn0RFEsTjAuA/132',
  'privilege' => 
  array (
  ),
  'user_type' => 'wechat',
  'staff_id' => 0,
  'agent_id' => 0,
  'division_id' => 0,
  'login_type' => 'wechat',
  'is_complete' => 1,
)
