[2023-04-23T01:03:02+08:00][error] array (
  'openid' => 'o0ojJ5tjdY3LJO9Lh2aHP03DDyIs',
  'nickname' => 'A',
  'sex' => 0,
  'language' => '',
  'city' => '',
  'province' => '',
  'country' => '',
  'headimgurl' => 'https://thirdwx.qlogo.cn/mmopen/vi_32/PiajxSqBRaELZePWC1oic1NUzUlA6kMuOs5pXN4dcmORHSB1m6DGtzWy9VQ3iapCs3k4icp23CJSRbCM1uxchdWVLA/132',
  'privilege' => 
  array (
  ),
  'user_type' => 'wechat',
  'staff_id' => 0,
  'agent_id' => 0,
  'division_id' => 0,
  'login_type' => 'wechat',
  'is_complete' => 1,
)
[2023-04-23T18:42:09+08:00][error] array (
  'openid' => 'o0ojJ5kvsnkzcRugJ448m4c9qAWQ',
  'nickname' => '人间皆安',
  'sex' => 0,
  'language' => '',
  'city' => '',
  'province' => '',
  'country' => '',
  'headimgurl' => 'https://thirdwx.qlogo.cn/mmopen/vi_32/Q0j4TwGTfTICOYAPS6UN02nlHflPiaOdnbKKV7WhkajEclV2MqqlxMxG6SnKh5Of2x1KqvyTOyCW8EP6ibubia7tw/132',
  'privilege' => 
  array (
  ),
  'user_type' => 'wechat',
  'staff_id' => 0,
  'agent_id' => 0,
  'division_id' => 0,
  'login_type' => 'wechat',
  'is_complete' => 1,
)
[2023-04-23T19:36:21+08:00][error] array (
  'openid' => 'o0ojJ5sdTymPXdfU8Xni2oL3maTM',
  'nickname' => '小八',
  'sex' => 0,
  'language' => '',
  'city' => '',
  'province' => '',
  'country' => '',
  'headimgurl' => 'https://thirdwx.qlogo.cn/mmopen/vi_32/4d2bc7YKTKKLkJqyBSewXkRbAicXf7axDTgmsaHGlHJVibOSvZXvCYzC13etxibhs9kutWfhTks9z0qSjRS2fnrxA/132',
  'privilege' => 
  array (
  ),
  'user_type' => 'wechat',
  'staff_id' => 0,
  'agent_id' => 0,
  'division_id' => 0,
  'login_type' => 'wechat',
  'is_complete' => 1,
)
[2023-04-23T20:14:05+08:00][error] array (
  'openid' => 'o0ojJ5vHKdc9ZTgTOmt34qzK5-ZE',
  'nickname' => '茶π',
  'sex' => 0,
  'language' => '',
  'city' => '',
  'province' => '',
  'country' => '',
  'headimgurl' => 'https://thirdwx.qlogo.cn/mmopen/vi_32/Q0j4TwGTfTKzpD1QE1Hnr2UFgGP8k4cUZfKVb4t0TxWGCMfZH7ib7Qexa0tkcXTJEt8735npEL5Hx5oMkZlnwicQ/132',
  'privilege' => 
  array (
  ),
  'user_type' => 'wechat',
  'staff_id' => 0,
  'agent_id' => 0,
  'division_id' => 0,
  'login_type' => 'wechat',
  'is_complete' => 1,
)
[2023-04-23T22:15:44+08:00][error] [0]接口请求失败:请填写用户名[/www/wwwroot/600.k0513.top/crmeb/services/AccessTokenServeService.php:127]
[2023-04-23T22:15:47+08:00][error] [0]接口请求失败:请填写用户名[/www/wwwroot/600.k0513.top/crmeb/services/AccessTokenServeService.php:127]
[2023-04-23T22:20:39+08:00][error] array (
  'openid' => 'o0ojJ5jKTYF734jtGo-Yp83BRfNI',
  'nickname' => '雷霆雅塔莱斯',
  'sex' => 0,
  'language' => '',
  'city' => '',
  'province' => '',
  'country' => '',
  'headimgurl' => 'https://thirdwx.qlogo.cn/mmopen/vi_32/9dQtP7dtB4I8BoDb63JgT1LjbG6qeqLvEne1BEmRob70iaN4H6BhkuLXKwxOuiacnzuoRA7rI0e1XASZ6Xnohd3Q/132',
  'privilege' => 
  array (
  ),
  'user_type' => 'wechat',
  'staff_id' => 0,
  'agent_id' => 0,
  'division_id' => 0,
  'login_type' => 'wechat',
  'is_complete' => 1,
)
[2023-04-23T23:42:33+08:00][error] array (
  'openid' => 'o0ojJ5t_FpZothgr_M7oAzJ69ZTc',
  'nickname' => 'H',
  'sex' => 0,
  'language' => '',
  'city' => '',
  'province' => '',
  'country' => '',
  'headimgurl' => 'https://thirdwx.qlogo.cn/mmopen/vi_32/dKSf3NibP60Mwheiagcvp9NKvicjYYicOeWqo6NLy0syiaEKq0YXQNSEzicW8RA04lqzJpQL3O3iasMXJuHIJe7licrSrg/132',
  'privilege' => 
  array (
  ),
  'user_type' => 'wechat',
  'staff_id' => 0,
  'agent_id' => 0,
  'division_id' => 0,
  'login_type' => 'wechat',
  'is_complete' => 1,
)
