[2023-04-24T00:26:00+08:00][error] array (
  'openid' => 'o0ojJ5iJ5K-B2kBkXTR2vFaPjpI0',
  'nickname' => '开心^_^',
  'sex' => 0,
  'language' => '',
  'city' => '',
  'province' => '',
  'country' => '',
  'headimgurl' => 'https://thirdwx.qlogo.cn/mmopen/vi_32/lNW1dicKN7UicElzw76EwrzVmWqMfuYUpC8DOmImh1wWc8uWBK6ia95sYw0zzUNXHSgNRm9HKzMPcZ1I7vs1R3jjQ/132',
  'privilege' => 
  array (
  ),
  'user_type' => 'wechat',
  'staff_id' => 0,
  'agent_id' => 0,
  'division_id' => 0,
  'login_type' => 'wechat',
  'is_complete' => 1,
)
[2023-04-24T00:34:16+08:00][error] array (
  'openid' => 'o0ojJ5vkQUqImim7tILX7XW7K4xg',
  'nickname' => '1',
  'sex' => 0,
  'language' => '',
  'city' => '',
  'province' => '',
  'country' => '',
  'headimgurl' => 'https://thirdwx.qlogo.cn/mmopen/vi_32/gReakaPaF7gibh22tsQper72lAK6eGCPuyophu88tyUC04CwICGgRicawHn2eIoUJ6ChNQGDqvrBQ8WtIrjiaPwwA/132',
  'privilege' => 
  array (
  ),
  'user_type' => 'wechat',
  'staff_id' => 0,
  'agent_id' => 0,
  'division_id' => 0,
  'login_type' => 'wechat',
  'is_complete' => 1,
)
[2023-04-24T10:50:49+08:00][error] array (
  'openid' => 'o0ojJ5kapLEyXlfvj9FX74BF5oSQ',
  'nickname' => '鱼汤',
  'sex' => 0,
  'language' => '',
  'city' => '',
  'province' => '',
  'country' => '',
  'headimgurl' => 'https://thirdwx.qlogo.cn/mmopen/vi_32/icOdHFINMlzsOuc0HOfqwnDLb0g9Gqicut7jJicErQ119GZqB3fwlTUXens1IGibpwXUmEWu4WaV8oVUdmTKGWicgBg/132',
  'privilege' => 
  array (
  ),
  'user_type' => 'wechat',
  'staff_id' => 0,
  'agent_id' => 0,
  'division_id' => 0,
  'login_type' => 'wechat',
  'is_complete' => 1,
)
[2023-04-24T12:49:08+08:00][error] array (
  'openid' => 'o0ojJ5ol1utdpf6X2Hn5RmG9kiDQ',
  'nickname' => '市民小糖',
  'sex' => 0,
  'language' => '',
  'city' => '',
  'province' => '',
  'country' => '',
  'headimgurl' => 'https://thirdwx.qlogo.cn/mmopen/vi_32/yXcFb899CvwiaSOsTriakCpiauTN1P7mz0nt742xib7yfibqRibLyNiamzz1RDDlSq7ick5Pzd7L9VyUo0YdTFxI1Ciaiagg/132',
  'privilege' => 
  array (
  ),
  'user_type' => 'wechat',
  'staff_id' => 0,
  'agent_id' => 0,
  'division_id' => 0,
  'login_type' => 'wechat',
  'is_complete' => 1,
)
[2023-04-24T14:56:13+08:00][error] array (
  'openid' => 'o0ojJ5j5afkzMk4UV8-0PCAgE5nw',
  'nickname' => '不吃香菜',
  'sex' => 0,
  'language' => '',
  'city' => '',
  'province' => '',
  'country' => '',
  'headimgurl' => 'https://thirdwx.qlogo.cn/mmopen/vi_32/Q0j4TwGTfTKAepAnBTnYPXur8GG5brodghanrKO4f4HvoRD4nfHkbjHJm8rnO45n1EjkNfREuX6hXQvTbOcVgA/132',
  'privilege' => 
  array (
  ),
  'user_type' => 'wechat',
  'staff_id' => 0,
  'agent_id' => 0,
  'division_id' => 0,
  'login_type' => 'wechat',
  'is_complete' => 1,
)
[2023-04-24T16:05:36+08:00][error] array (
  'openid' => 'o0ojJ5oboLT7k32-PkclZWFXTfnQ',
  'nickname' => 'Smile',
  'sex' => 0,
  'language' => '',
  'city' => '',
  'province' => '',
  'country' => '',
  'headimgurl' => 'https://thirdwx.qlogo.cn/mmopen/vi_32/Q0j4TwGTfTLF2LNm7iaUQdhCJicYb33frhe7ay0PC9PNYnDpDgbckfORIJBVibHrH08rlEuXWiaGcq733TknICv4ibA/132',
  'privilege' => 
  array (
  ),
  'user_type' => 'wechat',
  'staff_id' => 0,
  'agent_id' => 0,
  'division_id' => 0,
  'login_type' => 'wechat',
  'is_complete' => 1,
)
[2023-04-24T20:31:09+08:00][error] array (
  'openid' => 'o0ojJ5i2bBk91vsjFk9W27KPV8nA',
  'nickname' => '是梓锌吖～',
  'sex' => 0,
  'language' => '',
  'city' => '',
  'province' => '',
  'country' => '',
  'headimgurl' => 'https://thirdwx.qlogo.cn/mmopen/vi_32/RJW8JW0UWm4ibKJhpJsvps5OoTfibrS1UdNYTgWxcnQVMfSIjGbTiaje3sZWY7pMPA506K37BVom1k5Whq1dhn4ibA/132',
  'privilege' => 
  array (
  ),
  'user_type' => 'wechat',
  'staff_id' => 0,
  'agent_id' => 0,
  'division_id' => 0,
  'login_type' => 'wechat',
  'is_complete' => 1,
)
[2023-04-24T21:24:03+08:00][error] [8]Trying to get property 'agent_id' of non-object[/www/wwwroot/600.k0513.top/app/services/user/LoginServices.php:128]
[2023-04-24T21:24:18+08:00][error] [8]Trying to get property 'agent_id' of non-object[/www/wwwroot/600.k0513.top/app/services/user/LoginServices.php:128]
[2023-04-24T21:24:41+08:00][error] [8]Trying to get property 'agent_id' of non-object[/www/wwwroot/600.k0513.top/app/services/user/LoginServices.php:128]
[2023-04-24T22:41:06+08:00][error] array (
  'openid' => 'o0ojJ5h0XfB7sOS_Es2YmF3rDsJg',
  'nickname' => '小怪瘦',
  'sex' => 0,
  'language' => '',
  'city' => '',
  'province' => '',
  'country' => '',
  'headimgurl' => 'https://thirdwx.qlogo.cn/mmopen/vi_32/DYAIOgq83epR6l12Z9bLiabjSo9wqzU3cVtl5mozB05TkrAHFph7CXObgickCib1qr8wDAxnZIdkJ5y5pv3EAcUicA/132',
  'privilege' => 
  array (
  ),
  'user_type' => 'wechat',
  'staff_id' => 0,
  'agent_id' => 0,
  'division_id' => 0,
  'login_type' => 'wechat',
  'is_complete' => 1,
)
