[2023-04-27T16:37:04+08:00][error] [8]Trying to get property 'agent_id' of non-object[/www/wwwroot/600.k0513.top/app/services/user/LoginServices.php:128]
[2023-04-27T17:37:09+08:00][error] [8]Trying to get property 'agent_id' of non-object[/www/wwwroot/600.k0513.top/app/services/user/LoginServices.php:128]
[2023-04-27T17:37:37+08:00][error] [8]Trying to get property 'agent_id' of non-object[/www/wwwroot/600.k0513.top/app/services/user/LoginServices.php:128]
[2023-04-27T17:37:52+08:00][error] [8]Trying to get property 'agent_id' of non-object[/www/wwwroot/600.k0513.top/app/services/user/LoginServices.php:128]
[2023-04-27T17:41:28+08:00][error] [8]Trying to get property 'agent_id' of non-object[/www/wwwroot/600.k0513.top/app/services/user/LoginServices.php:128]
[2023-04-27T17:42:19+08:00][error] [8]Trying to get property 'agent_id' of non-object[/www/wwwroot/600.k0513.top/app/services/user/LoginServices.php:128]
[2023-04-27T17:42:22+08:00][error] [0]Request AccessToken fail. response: {"errcode":40163,"errmsg":"code been used, rid: 644a437e-41ef339a-294a5cfa"}[/www/wwwroot/600.k0513.top/crmeb/services/easywechat/oauth2/wechat/WechatOauth.php:162]
[2023-04-27T19:46:14+08:00][error] array (
  'openid' => 'o0ojJ5qgArep4buBXLVueQnkjjnM',
  'nickname' => '小叶子',
  'sex' => 0,
  'language' => '',
  'city' => '',
  'province' => '',
  'country' => '',
  'headimgurl' => 'https://thirdwx.qlogo.cn/mmopen/vi_32/DYAIOgq83eqVSRG3wkaXQViaOiaVqLgf58Cp7IDuDw9paLQqursiaia4jQJ3FEKtuibZgQtKEu64emhJacWaJZO7dQQ/132',
  'privilege' => 
  array (
  ),
  'user_type' => 'wechat',
  'staff_id' => 0,
  'agent_id' => 0,
  'division_id' => 0,
  'login_type' => 'wechat',
  'is_complete' => 1,
)
