[2024-09-13T14:44:55+08:00][error] array (
  'openid' => 'o4zqI5k65zvJIQlARCzCYfvYDC-o',
  'nickname' => '^O^',
  'sex' => 0,
  'language' => '',
  'city' => '',
  'province' => '',
  'country' => '',
  'headimgurl' => 'https://thirdwx.qlogo.cn/mmopen/vi_32/DYAIOgq83eq5hA5qbVvj03GNNOGNDBhIFcMkiaJbRrb9KIVKouerJc0vgbTQAy6ibOicNaDouK87kjaOL9TViamaEg/132',
  'privilege' => 
  array (
  ),
  'user_type' => 'wechat',
  'staff_id' => 0,
  'agent_id' => 0,
  'division_id' => 0,
  'login_type' => 'wechat',
  'is_complete' => 1,
)
[2024-09-13T20:14:39+08:00][error] [8]Trying to access array offset on value of type null[/www/wwwroot/shop.slyxkj.cn/app/api/controller/v1/order/StoreOrderController.php:653]
[2024-09-13T20:14:56+08:00][error] [8]Trying to access array offset on value of type null[/www/wwwroot/shop.slyxkj.cn/app/api/controller/v1/order/StoreOrderController.php:653]
[2024-09-13T20:15:12+08:00][error] [8]Trying to access array offset on value of type null[/www/wwwroot/shop.slyxkj.cn/app/api/controller/v1/order/StoreOrderController.php:653]
[2024-09-13T20:15:14+08:00][error] [8]Trying to access array offset on value of type null[/www/wwwroot/shop.slyxkj.cn/app/api/controller/v1/order/StoreOrderController.php:653]
[2024-09-13T20:19:59+08:00][error] [8]Trying to access array offset on value of type null[/www/wwwroot/shop.slyxkj.cn/app/api/controller/v1/order/StoreOrderController.php:653]
[2024-09-13T20:59:49+08:00][error] [8]Trying to access array offset on value of type null[/www/wwwroot/shop.slyxkj.cn/app/api/controller/v1/order/StoreOrderController.php:653]
[2024-09-13T21:04:08+08:00][error] [8]Trying to access array offset on value of type null[/www/wwwroot/shop.slyxkj.cn/app/api/controller/v1/order/StoreOrderController.php:653]
