[2024-09-24T19:15:59+08:00][error] array (
  'openid' => 'o4zqI5uXNbrpfKcemQeXdT4m26C8',
  'nickname' => '林。。',
  'sex' => 0,
  'language' => '',
  'city' => '',
  'province' => '',
  'country' => '',
  'headimgurl' => 'https://thirdwx.qlogo.cn/mmopen/vi_32/gqHQliclkPomrDtxR8BDPTAldPP9rQPdjRajHbEewXRyLALibJphsxKbwyGPialbmblND0Zq7acLkvADLfcj5HZer5dcLjsXwmR40iaNUWiaNMN8/132',
  'privilege' => 
  array (
  ),
  'user_type' => 'wechat',
  'staff_id' => 0,
  'agent_id' => 0,
  'division_id' => 0,
  'login_type' => 'wechat',
  'is_complete' => 1,
)
[2024-09-24T20:57:02+08:00][error] [8]Trying to access array offset on value of type null[/www/wwwroot/shop.slyxkj.cn/app/api/controller/v1/order/StoreOrderController.php:653]
[2024-09-24T20:57:06+08:00][error] [8]Trying to access array offset on value of type null[/www/wwwroot/shop.slyxkj.cn/app/api/controller/v1/order/StoreOrderController.php:653]
[2024-09-24T21:13:55+08:00][error] [8]Trying to access array offset on value of type null[/www/wwwroot/shop.slyxkj.cn/app/api/controller/v1/order/StoreOrderController.php:653]
[2024-09-24T21:14:07+08:00][error] [8]Trying to access array offset on value of type null[/www/wwwroot/shop.slyxkj.cn/app/api/controller/v1/order/StoreOrderController.php:653]
[2024-09-24T21:14:11+08:00][error] [8]Trying to access array offset on value of type null[/www/wwwroot/shop.slyxkj.cn/app/api/controller/v1/order/StoreOrderController.php:653]
[2024-09-24T21:16:12+08:00][error] [8]Trying to access array offset on value of type null[/www/wwwroot/shop.slyxkj.cn/app/api/controller/v1/order/StoreOrderController.php:653]
[2024-09-24T21:16:35+08:00][error] [8]Trying to access array offset on value of type null[/www/wwwroot/shop.slyxkj.cn/app/api/controller/v1/order/StoreOrderController.php:653]
[2024-09-24T21:16:54+08:00][error] [8]Trying to access array offset on value of type null[/www/wwwroot/shop.slyxkj.cn/app/api/controller/v1/order/StoreOrderController.php:653]
[2024-09-24T21:17:12+08:00][error] [8]Trying to access array offset on value of type null[/www/wwwroot/shop.slyxkj.cn/app/api/controller/v1/order/StoreOrderController.php:653]
[2024-09-24T21:18:24+08:00][error] [8]Trying to access array offset on value of type null[/www/wwwroot/shop.slyxkj.cn/app/api/controller/v1/order/StoreOrderController.php:653]
[2024-09-24T21:18:56+08:00][error] [8]Trying to access array offset on value of type null[/www/wwwroot/shop.slyxkj.cn/app/api/controller/v1/order/StoreOrderController.php:653]
[2024-09-24T21:19:04+08:00][error] [8]Trying to access array offset on value of type null[/www/wwwroot/shop.slyxkj.cn/app/api/controller/v1/order/StoreOrderController.php:653]
[2024-09-24T21:19:05+08:00][error] [8]Trying to access array offset on value of type null[/www/wwwroot/shop.slyxkj.cn/app/api/controller/v1/order/StoreOrderController.php:653]
[2024-09-24T21:19:29+08:00][error] [8]Trying to access array offset on value of type null[/www/wwwroot/shop.slyxkj.cn/app/api/controller/v1/order/StoreOrderController.php:653]
[2024-09-24T21:23:10+08:00][error] [8]Trying to access array offset on value of type null[/www/wwwroot/shop.slyxkj.cn/app/api/controller/v1/order/StoreOrderController.php:653]
[2024-09-24T21:23:47+08:00][error] [8]Trying to access array offset on value of type null[/www/wwwroot/shop.slyxkj.cn/app/api/controller/v1/order/StoreOrderController.php:653]
[2024-09-24T21:24:16+08:00][error] [8]Trying to access array offset on value of type null[/www/wwwroot/shop.slyxkj.cn/app/api/controller/v1/order/StoreOrderController.php:653]
[2024-09-24T21:32:16+08:00][error] [8]Trying to access array offset on value of type null[/www/wwwroot/shop.slyxkj.cn/app/api/controller/v1/order/StoreOrderController.php:653]
[2024-09-24T22:05:19+08:00][error] [8]Trying to access array offset on value of type null[/www/wwwroot/shop.slyxkj.cn/app/api/controller/v1/order/StoreOrderController.php:653]
[2024-09-24T22:05:27+08:00][error] [8]Trying to access array offset on value of type null[/www/wwwroot/shop.slyxkj.cn/app/api/controller/v1/order/StoreOrderController.php:653]
[2024-09-24T22:07:12+08:00][error] [8]Trying to access array offset on value of type null[/www/wwwroot/shop.slyxkj.cn/app/api/controller/v1/order/StoreOrderController.php:653]
[2024-09-24T22:08:24+08:00][error] [8]Trying to access array offset on value of type null[/www/wwwroot/shop.slyxkj.cn/app/api/controller/v1/order/StoreOrderController.php:653]
[2024-09-24T22:09:27+08:00][error] [8]Trying to access array offset on value of type null[/www/wwwroot/shop.slyxkj.cn/app/api/controller/v1/order/StoreOrderController.php:653]
[2024-09-24T22:21:11+08:00][error] [8]Trying to access array offset on value of type null[/www/wwwroot/shop.slyxkj.cn/app/api/controller/v1/order/StoreOrderController.php:653]
[2024-09-24T22:21:17+08:00][error] [8]Trying to access array offset on value of type null[/www/wwwroot/shop.slyxkj.cn/app/api/controller/v1/order/StoreOrderController.php:653]
[2024-09-24T22:21:18+08:00][error] [8]Trying to access array offset on value of type null[/www/wwwroot/shop.slyxkj.cn/app/api/controller/v1/order/StoreOrderController.php:653]
[2024-09-24T22:21:33+08:00][error] [8]Trying to access array offset on value of type null[/www/wwwroot/shop.slyxkj.cn/app/api/controller/v1/order/StoreOrderController.php:653]
